Archive member included to satisfy reference by file (symbol)

app/libapp.a(horse_balance.c.obj)
                              (--whole-archive)
app/libapp.a(balance_test.c.obj)
                              (--whole-archive)
zephyr/libzephyr.a(heap.c.obj)
                              (--whole-archive)
zephyr/libzephyr.a(cbprintf_packaged.c.obj)
                              (--whole-archive)
zephyr/libzephyr.a(printk.c.obj)
                              (--whole-archive)
zephyr/libzephyr.a(sem.c.obj)
                              (--whole-archive)
zephyr/libzephyr.a(thread_entry.c.obj)
                              (--whole-archive)
zephyr/libzephyr.a(cbprintf_complete.c.obj)
                              (--whole-archive)
zephyr/libzephyr.a(assert.c.obj)
                              (--whole-archive)
zephyr/libzephyr.a(dec.c.obj)
                              (--whole-archive)
zephyr/libzephyr.a(hex.c.obj)
                              (--whole-archive)
zephyr/libzephyr.a(rb.c.obj)  (--whole-archive)
zephyr/libzephyr.a(timeutil.c.obj)
                              (--whole-archive)
zephyr/libzephyr.a(bitarray.c.obj)
                              (--whole-archive)
zephyr/libzephyr.a(last_section_id.c.obj)
                              (--whole-archive)
zephyr/libzephyr.a(configs.c.obj)
                              (--whole-archive)
zephyr/libzephyr.a(log_minimal.c.obj)
                              (--whole-archive)
zephyr/libzephyr.a(tracing_none.c.obj)
                              (--whole-archive)
zephyr/libzephyr.a(banner.c.obj)
                              (--whole-archive)
zephyr/arch/common/libarch__common.a(sw_isr_common.c.obj)
                              (--whole-archive)
zephyr/arch/arch/arm/core/libarch__arm__core.a(fatal.c.obj)
                              (--whole-archive)
zephyr/arch/arch/arm/core/libarch__arm__core.a(nmi.c.obj)
                              (--whole-archive)
zephyr/arch/arch/arm/core/libarch__arm__core.a(nmi_on_reset.S.obj)
                              (--whole-archive)
zephyr/arch/arch/arm/core/libarch__arm__core.a(tls.c.obj)
                              (--whole-archive)
zephyr/arch/arch/arm/core/cortex_m/libarch__arm__core__cortex_m.a(exc_exit.c.obj)
                              (--whole-archive)
zephyr/arch/arch/arm/core/cortex_m/libarch__arm__core__cortex_m.a(fault.c.obj)
                              (--whole-archive)
zephyr/arch/arch/arm/core/cortex_m/libarch__arm__core__cortex_m.a(fault_s.S.obj)
                              (--whole-archive)
zephyr/arch/arch/arm/core/cortex_m/libarch__arm__core__cortex_m.a(fpu.c.obj)
                              (--whole-archive)
zephyr/arch/arch/arm/core/cortex_m/libarch__arm__core__cortex_m.a(reset.S.obj)
                              (--whole-archive)
zephyr/arch/arch/arm/core/cortex_m/libarch__arm__core__cortex_m.a(scb.c.obj)
                              (--whole-archive)
zephyr/arch/arch/arm/core/cortex_m/libarch__arm__core__cortex_m.a(thread_abort.c.obj)
                              (--whole-archive)
zephyr/arch/arch/arm/core/cortex_m/libarch__arm__core__cortex_m.a(vector_table.S.obj)
                              (--whole-archive)
zephyr/arch/arch/arm/core/cortex_m/libarch__arm__core__cortex_m.a(swap_helper.S.obj)
                              (--whole-archive)
zephyr/arch/arch/arm/core/cortex_m/libarch__arm__core__cortex_m.a(irq_manage.c.obj)
                              (--whole-archive)
zephyr/arch/arch/arm/core/cortex_m/libarch__arm__core__cortex_m.a(prep_c.c.obj)
                              (--whole-archive)
zephyr/arch/arch/arm/core/cortex_m/libarch__arm__core__cortex_m.a(thread.c.obj)
                              (--whole-archive)
zephyr/arch/arch/arm/core/cortex_m/libarch__arm__core__cortex_m.a(cpu_idle.c.obj)
                              (--whole-archive)
zephyr/arch/arch/arm/core/cortex_m/libarch__arm__core__cortex_m.a(irq_init.c.obj)
                              (--whole-archive)
zephyr/arch/arch/arm/core/cortex_m/libarch__arm__core__cortex_m.a(isr_wrapper.c.obj)
                              (--whole-archive)
zephyr/arch/arch/arm/core/cortex_m/libarch__arm__core__cortex_m.a(__aeabi_read_tp.S.obj)
                              (--whole-archive)
zephyr/lib/libc/picolibc/liblib__libc__picolibc.a(assert.c.obj)
                              (--whole-archive)
zephyr/lib/libc/picolibc/liblib__libc__picolibc.a(cbprintf.c.obj)
                              (--whole-archive)
zephyr/lib/libc/picolibc/liblib__libc__picolibc.a(chk_fail.c.obj)
                              (--whole-archive)
zephyr/lib/libc/picolibc/liblib__libc__picolibc.a(errno_wrap.c.obj)
                              (--whole-archive)
zephyr/lib/libc/picolibc/liblib__libc__picolibc.a(exit.c.obj)
                              (--whole-archive)
zephyr/lib/libc/picolibc/liblib__libc__picolibc.a(locks.c.obj)
                              (--whole-archive)
zephyr/lib/libc/picolibc/liblib__libc__picolibc.a(stdio.c.obj)
[...]
Memory Configuration

Name             Origin             Length             Attributes
FLASH            0x0000000000000000 0x0000000000040000 xr
RAM              0x0000000020000000 0x0000000000010000 xw
IDT_LIST         0x00000000ffff7fff 0x0000000000008000 xw
*default*        0x0000000000000000 0xffffffffffffffff

Linker script and memory map

                0x0000000000003c28                vfprintf = __l_vfprintf
                0x0000000000000000                vfscanf = __l_vfscanf
LOAD zephyr/CMakeFiles/zephyr_final.dir/misc/empty_file.c.obj
LOAD zephyr/CMakeFiles/zephyr_final.dir/isr_tables.c.obj
LOAD zephyr/CMakeFiles/offsets.dir/./arch/arm/core/offsets/offsets.c.obj
LOAD app/libapp.a
LOAD zephyr/libzephyr.a
LOAD zephyr/arch/common/libarch__common.a
LOAD zephyr/arch/arch/arm/core/libarch__arm__core.a
LOAD zephyr/arch/arch/arm/core/cortex_m/libarch__arm__core__cortex_m.a
LOAD zephyr/lib/libc/picolibc/liblib__libc__picolibc.a
LOAD zephyr/lib/libc/common/liblib__libc__common.a
LOAD zephyr/soc/soc/ti_lm3s6965/libsoc__ti__lm3s6965.a
LOAD zephyr/subsys/testsuite/ztest/libsubsys__testsuite__ztest.a
LOAD zephyr/drivers/console/libdrivers__console.a
LOAD zephyr/drivers/serial/libdrivers__serial.a
LOAD zephyr/drivers/timer/libdrivers__timer.a
LOAD zephyr/kernel/libkernel.a
LOAD zephyr/arch/common/libisr_tables.a
LOAD c:\ncs\toolchains\0b393f9e1b\opt\zephyr-sdk\arm-zephyr-eabi\bin\../lib/gcc/../../picolibc/arm-zephyr-eabi/lib/thumb/v7-m/nofp\libc.a
LOAD c:/ncs/toolchains/0b393f9e1b/opt/zephyr-sdk/arm-zephyr-eabi/bin/../lib/gcc/arm-zephyr-eabi/12.2.0/thumb/v7-m/nofp\libgcc.a
                0x0000000000000004                _region_min_align = 0x4

.rel.plt        0x0000000000000000        0x0
 *(SORT_BY_ALIGNMENT(.rel.plt))
                [!provide]                        PROVIDE (__rel_iplt_start = .)
 *(SORT_BY_ALIGNMENT(.rel.iplt))
 .rel.iplt      0x0000000000000000        0x0 zephyr/CMakeFiles/zephyr_final.dir/isr_tables.c.obj
                [!provide]                        PROVIDE (__rel_iplt_end = .)

.rela.plt       0x0000000000000000        0x0
 *(SORT_BY_ALIGNMENT(.rela.plt))
                [!provide]                        PROVIDE (__rela_iplt_start = .)
 *(SORT_BY_ALIGNMENT(.rela.iplt))
                [!provide]                        PROVIDE (__rela_iplt_end = .)

.rel.dyn
 *(SORT_BY_ALIGNMENT(.rel.*))

.rela.dyn
 *(SORT_BY_ALIGNMENT(.rela.*))

/DISCARD/
 *(SORT_BY_ALIGNMENT(.plt))

/DISCARD/
 *(SORT_BY_ALIGNMENT(.iplt))
                0x0000000000000000                __rom_region_start = 0x0

rom_start       0x0000000000000000       0xec
                0x0000000000000000                __rom_start_address = .
 FILL mask 0x00
                0x0000000000000000                . = (. + (0x0 - (. - __rom_start_address)))
                0x0000000000000000                . = ALIGN (0x4)
                0x0000000000000000                . = ALIGN (0x80)
                0x0000000000000000                . = ALIGN (0x100)
                0x0000000000000000                _vector_start = .
 *(SORT_BY_ALIGNMENT(.exc_vector_table))
 *(SORT_BY_ALIGNMENT(.exc_vector_table.*))
 .exc_vector_table._vector_table_section
                0x0000000000000000       0x40 zephyr/arch/arch/arm/core/cortex_m/libarch__arm__core__cortex_m.a(vector_table.S.obj)
                0x0000000000000000                _vector_table
 *(SORT_BY_ALIGNMENT(.vectors))
                0x00000000000000ec                _vector_end = .
                0x0000000000000040                . = ALIGN (0x4)
 *(SORT_BY_ALIGNMENT(.gnu.linkonce.irq_vector_table*))
 .gnu.linkonce.irq_vector_table
                0x0000000000000040       0xac zephyr/CMakeFiles/zephyr_final.dir/isr_tables.c.obj
                0x0000000000000040                _irq_vector_table
                0x00000000000000ec                _vector_end = .

text            0x00000000000000ec     0x44d0
                0x00000000000000ec                __text_region_start = .
 *(SORT_BY_ALIGNMENT(.text))
 .text          0x00000000000000ec      0x378 c:/ncs/toolchains/0b393f9e1b/opt/zephyr-sdk/arm-zephyr-eabi/bin/../lib/gcc/arm-zephyr-eabi/12.2.0/thumb/v7-m/nofp\libgcc.a(_arm_addsubdf3.o)
                0x00000000000000ec                __aeabi_drsub
                0x00000000000000f4                __aeabi_dsub
                0x00000000000000f4                __subdf3
                0x00000000000000f8                __aeabi_dadd
                0x00000000000000f8                __adddf3
                0x0000000000000370                __floatunsidf
                0x0000000000000370                __aeabi_ui2d
                0x0000000000000390                __floatsidf
                0x0000000000000390                __aeabi_i2d
                0x00000000000003b4                __aeabi_f2d
                0x00000000000003b4                __extendsfdf2
                0x00000000000003f8                __floatundidf
                0x00000000000003f8                __aeabi_ul2d
                0x0000000000000408                __floatdidf
                0x0000000000000408                __aeabi_l2d
 .text          0x0000000000000464      0x21c c:/ncs/toolchains/0b393f9e1b/opt/zephyr-sdk/arm-zephyr-eabi/bin/../lib/gcc/arm-zephyr-eabi/12.2.0/thumb/v7-m/nofp\libgcc.a(_arm_addsubsf3.o)
                0x0000000000000464                __aeabi_frsub
                0x000000000000046c                __subsf3
                0x000000000000046c                __aeabi_fsub
                0x0000000000000470                __aeabi_fadd
                0x0000000000000470                __addsf3
                0x00000000000005d0                __aeabi_ui2f
                0x00000000000005d0                __floatunsisf
                0x00000000000005d8                __aeabi_i2f
                0x00000000000005d8                __floatsisf
                0x00000000000005f4                __aeabi_ul2f
                0x00000000000005f4                __floatundisf
                0x0000000000000604                __aeabi_l2f
                0x0000000000000604                __floatdisf
 .text          0x0000000000000680       0xec c:/ncs/toolchains/0b393f9e1b/opt/zephyr-sdk/arm-zephyr-eabi/bin/../lib/gcc/arm-zephyr-eabi/12.2.0/thumb/v7-m/nofp\libgcc.a(_arm_cmpsf2.o)
                0x0000000000000680                __gesf2
                0x0000000000000680                __gtsf2
                0x0000000000000688                __lesf2
                0x0000000000000688                __ltsf2
                0x0000000000000690                __nesf2
                0x0000000000000690                __eqsf2
                0x0000000000000690                __cmpsf2
                0x00000000000006f0                __aeabi_cfrcmple
                0x00000000000006f8                __aeabi_cfcmpeq
                0x00000000000006f8                __aeabi_cfcmple
                0x0000000000000708                __aeabi_fcmpeq
                0x000000000000071c                __aeabi_fcmplt
                0x0000000000000730                __aeabi_fcmple
                0x0000000000000744                __aeabi_fcmpge
                0x0000000000000758                __aeabi_fcmpgt
 .text          0x000000000000076c       0x30 c:/ncs/toolchains/0b393f9e1b/opt/zephyr-sdk/arm-zephyr-eabi/bin/../lib/gcc/arm-zephyr-eabi/12.2.0/thumb/v7-m/nofp\libgcc.a(_aeabi_uldivmod.o)
                0x000000000000076c                __aeabi_uldivmod
 .text          0x000000000000079c        0x4 c:/ncs/toolchains/0b393f9e1b/opt/zephyr-sdk/arm-zephyr-eabi/bin/../lib/gcc/arm-zephyr-eabi/12.2.0/thumb/v7-m/nofp\libgcc.a(_dvmd_tls.o)
                0x000000000000079c                __aeabi_idiv0
                0x000000000000079c                __aeabi_ldiv0
 .text          0x00000000000007a0       0x14 c:\ncs\toolchains\0b393f9e1b\opt\zephyr-sdk\arm-zephyr-eabi\bin\../lib/gcc/../../picolibc/arm-zephyr-eabi/lib/thumb/v7-m/nofp\libc.a(strcmp.S.o)
                0x00000000000007a0                strcmp
 .text          0x00000000000007b4      0x2a0 c:/ncs/toolchains/0b393f9e1b/opt/zephyr-sdk/arm-zephyr-eabi/bin/../lib/gcc/arm-zephyr-eabi/12.2.0/thumb/v7-m/nofp\libgcc.a(_udivmoddi4.o)
                0x00000000000007b4                __udivmoddi4
 *(SORT_BY_ALIGNMENT(.text.*))
 .text.z_zassert.constprop.0
                0x0000000000000a54       0x64 app/libapp.a(balance_test.c.obj)
 .text.expect_float_eq.constprop.0
                0x0000000000000ab8       0x60 app/libapp.a(balance_test.c.obj)
 .text._horse_balance_test_back_to_balanced_resets_state_wrapper
                0x0000000000000b18       0xf0 app/libapp.a(balance_test.c.obj)
 .text._horse_balance_test_fh_imbalance_when_pitch_exceeds_threshold_wrapper
                0x0000000000000c08       0xb8 app/libapp.a(balance_test.c.obj)
 .text._horse_balance_test_lr_imbalance_when_roll_exceeds_threshold_wrapper
                0x0000000000000cc0       0xb8 app/libapp.a(balance_test.c.obj)
 .text._horse_balance_test_first_update_sets_baseline_only_wrapper
                0x0000000000000d78       0xe4 app/libapp.a(balance_test.c.obj)
 .text._horse_balance_test_init_sets_fields_wrapper
                0x0000000000000e5c       0xf8 app/libapp.a(balance_test.c.obj)
 .text.sys_heap_init
                0x0000000000000f54      0x11c zephyr/libzephyr.a(heap.c.obj)
                0x0000000000000f54                sys_heap_init
 .text.char_out
                0x0000000000001070        0xc zephyr/libzephyr.a(printk.c.obj)
 .text.__printk_hook_install
                0x000000000000107c        0xc zephyr/libzephyr.a(printk.c.obj)
                0x000000000000107c                __printk_hook_install
 .text.vprintk  0x0000000000001088       0x30 zephyr/libzephyr.a(printk.c.obj)
                0x0000000000001088                vprintk
 .text.z_thread_entry
                0x00000000000010b8       0x34 zephyr/libzephyr.a(thread_entry.c.obj)
                0x00000000000010b8                z_thread_entry
 .text.boot_banner
                0x00000000000010ec       0x1c zephyr/libzephyr.a(banner.c.obj)
                0x00000000000010ec                boot_banner
 .text.z_arm_fatal_error
                0x0000000000001108       0x70 zephyr/arch/arch/arm/core/libarch__arm__core.a(fatal.c.obj)
                0x0000000000001108                z_arm_fatal_error
 .text.z_SysNmiOnReset
                0x0000000000001178        0x8 zephyr/arch/arch/arm/core/libarch__arm__core.a(nmi_on_reset.S.obj)
                0x0000000000001178                z_SysNmiOnReset
 .text.arch_tls_stack_setup
                0x0000000000001180       0x40 zephyr/arch/arch/arm/core/libarch__arm__core.a(tls.c.obj)
                0x0000000000001180                arch_tls_stack_setup
 .text._HandlerModeExit
                0x00000000000011c0       0x28 zephyr/arch/arch/arm/core/cortex_m/libarch__arm__core__cortex_m.a(exc_exit.c.obj)
                0x00000000000011c0                z_arm_int_exit
                0x00000000000011c0                z_arm_exc_exit
 .text.usage_fault.constprop.0
                0x00000000000011e8       0xa4 zephyr/arch/arch/arm/core/cortex_m/libarch__arm__core__cortex_m.a(fault.c.obj)
 .text.bus_fault.constprop.0
                0x000000000000128c       0xb4 zephyr/arch/arch/arm/core/cortex_m/libarch__arm__core__cortex_m.a(fault.c.obj)
 .text.mem_manage_fault.constprop.0
                0x0000000000001340       0xe0 zephyr/arch/arch/arm/core/cortex_m/libarch__arm__core__cortex_m.a(fault.c.obj)
 .text.z_arm_fault
                0x0000000000001420      0x21c zephyr/arch/arch/arm/core/cortex_m/libarch__arm__core__cortex_m.a(fault.c.obj)
                0x0000000000001420                z_arm_fault
 .text.z_arm_fault_init
                0x000000000000163c       0x18 zephyr/arch/arch/arm/core/cortex_m/libarch__arm__core__cortex_m.a(fault.c.obj)
                0x000000000000163c                z_arm_fault_init
 .text.__fault  0x0000000000001654       0x14 zephyr/arch/arch/arm/core/cortex_m/libarch__arm__core__cortex_m.a(fault_s.S.obj)
                0x0000000000001654                z_arm_usage_fault
                0x0000000000001654                z_arm_mpu_fault
                0x0000000000001654                z_arm_exc_spurious
                0x0000000000001654                z_arm_debug_monitor
                0x0000000000001654                z_arm_hard_fault
                0x0000000000001654                z_arm_bus_fault
 .text._reset_section
                0x0000000000001668       0x44 zephyr/arch/arch/arm/core/cortex_m/libarch__arm__core__cortex_m.a(reset.S.obj)
                0x0000000000001668                __start
                0x0000000000001668                z_arm_reset
 .text.z_arm_init_arch_hw_at_boot
                0x00000000000016ac       0x60 zephyr/arch/arch/arm/core/cortex_m/libarch__arm__core__cortex_m.a(scb.c.obj)
                0x00000000000016ac                z_arm_init_arch_hw_at_boot
 .text.z_impl_k_thread_abort
                0x000000000000170c       0x2c zephyr/arch/arch/arm/core/cortex_m/libarch__arm__core__cortex_m.a(thread_abort.c.obj)
                0x000000000000170c                z_impl_k_thread_abort
 .text.z_arm_pendsv
                0x0000000000001738       0x5c zephyr/arch/arch/arm/core/cortex_m/libarch__arm__core__cortex_m.a(swap_helper.S.obj)
                0x0000000000001738                z_arm_pendsv
 .text.z_arm_svc
                0x0000000000001794       0x24 zephyr/arch/arch/arm/core/cortex_m/libarch__arm__core__cortex_m.a(swap_helper.S.obj)
                0x0000000000001794                z_arm_svc
 .text.z_prep_c
                0x00000000000017b8       0x30 zephyr/arch/arch/arm/core/cortex_m/libarch__arm__core__cortex_m.a(prep_c.c.obj)
                0x00000000000017b8                z_prep_c
 .text.arch_new_thread
                0x00000000000017e8       0x38 zephyr/arch/arch/arm/core/cortex_m/libarch__arm__core__cortex_m.a(thread.c.obj)
                0x00000000000017e8                arch_new_thread
 .text.arch_switch_to_main_thread
                0x0000000000001820       0x3c zephyr/arch/arch/arm/core/cortex_m/libarch__arm__core__cortex_m.a(thread.c.obj)
                0x0000000000001820                arch_switch_to_main_thread
 .text.z_arm_cpu_idle_init
                0x000000000000185c        0xc zephyr/arch/arch/arm/core/cortex_m/libarch__arm__core__cortex_m.a(cpu_idle.c.obj)
                0x000000000000185c                z_arm_cpu_idle_init
 .text.z_arm_interrupt_init
                0x0000000000001868       0x18 zephyr/arch/arch/arm/core/cortex_m/libarch__arm__core__cortex_m.a(irq_init.c.obj)
                0x0000000000001868                z_arm_interrupt_init
 .text._isr_wrapper
                0x0000000000001880       0x24 zephyr/arch/arch/arm/core/cortex_m/libarch__arm__core__cortex_m.a(isr_wrapper.c.obj)
                0x0000000000001880                _isr_wrapper
 .text.z_impl_zephyr_fputc
                0x00000000000018a4       0x10 zephyr/lib/libc/picolibc/liblib__libc__picolibc.a(stdio.c.obj)
                0x00000000000018a4                z_impl_zephyr_fputc
 .text.__stdout_hook_install
                0x00000000000018b4       0x18 zephyr/lib/libc/picolibc/liblib__libc__picolibc.a(stdio.c.obj)
                0x00000000000018b4                __stdout_hook_install
 .text.malloc_prepare
                0x00000000000018cc       0x24 zephyr/lib/libc/common/liblib__libc__common.a(malloc.c.obj)
 .text.uart_stellaris_init
                0x00000000000018f0       0x30 zephyr/soc/soc/ti_lm3s6965/libsoc__ti__lm3s6965.a(soc_config.c.obj)
 .text.ztest_find_test_suite
                0x0000000000001920       0x2c zephyr/subsys/testsuite/ztest/libsubsys__testsuite__ztest.a(ztest.c.obj)
 .text.test_cb  0x000000000000194c       0x5c zephyr/subsys/testsuite/ztest/libsubsys__testsuite__ztest.a(ztest.c.obj)
 .text.test_finalize
                0x00000000000019a8       0x24 zephyr/subsys/testsuite/ztest/libsubsys__testsuite__ztest.a(ztest.c.obj)
 .text.ztest_test_fail
                0x00000000000019cc       0x54 zephyr/subsys/testsuite/ztest/libsubsys__testsuite__ztest.a(ztest.c.obj)
                0x00000000000019cc                ztest_test_fail
 .text.z_ztest_get_next_test
                0x0000000000001a20       0x34 zephyr/subsys/testsuite/ztest/libsubsys__testsuite__ztest.a(ztest.c.obj)
                0x0000000000001a20                z_ztest_get_next_test
 .text.z_ztest_run_test_suite_ptr.constprop.0
                0x0000000000001a54      0x2cc zephyr/subsys/testsuite/ztest/libsubsys__testsuite__ztest.a(ztest.c.obj)
 .text.z_impl_ztest_run_test_suites
                0x0000000000001d20       0xb4 zephyr/subsys/testsuite/ztest/libsubsys__testsuite__ztest.a(ztest.c.obj)
                0x0000000000001d20                z_impl_ztest_run_test_suites
 .text.ztest_verify_all_test_suites_ran
                0x0000000000001dd4       0xb0 zephyr/subsys/testsuite/ztest/libsubsys__testsuite__ztest.a(ztest.c.obj)
                0x0000000000001dd4                ztest_verify_all_test_suites_ran
 .text.ztest_run_all
                0x0000000000001e84       0x10 zephyr/subsys/testsuite/ztest/libsubsys__testsuite__ztest.a(ztest.c.obj)
                0x0000000000001e84                ztest_run_all
 .text.main     0x0000000000001e94      0x1d4 zephyr/subsys/testsuite/ztest/libsubsys__testsuite__ztest.a(ztest.c.obj)
                0x0000000000001e94                main
 .text.uart_console_init
                0x0000000000002068       0x28 zephyr/drivers/console/libdrivers__console.a(uart_console.c.obj)
 .text.console_out
                0x0000000000002090       0x28 zephyr/drivers/console/libdrivers__console.a(uart_console.c.obj)
 .text.elapsed  0x00000000000020b8       0x4c zephyr/drivers/timer/libdrivers__timer.a(cortex_m_systick.c.obj)
 .text.sys_clock_driver_init
                0x0000000000002104       0x38 zephyr/drivers/timer/libdrivers__timer.a(cortex_m_systick.c.obj)
 .text.sys_clock_isr
                0x000000000000213c       0x50 zephyr/drivers/timer/libdrivers__timer.a(cortex_m_systick.c.obj)
                0x000000000000213c                sys_clock_isr
 .text.sys_clock_set_timeout
                0x000000000000218c      0x14c zephyr/drivers/timer/libdrivers__timer.a(cortex_m_systick.c.obj)
                0x000000000000218c                sys_clock_set_timeout
 .text.sys_clock_elapsed
                0x00000000000022d8       0xa8 zephyr/drivers/timer/libdrivers__timer.a(cortex_m_systick.c.obj)
                0x00000000000022d8                sys_clock_elapsed
 .text.sys_clock_cycle_get_32
                0x0000000000002380       0x94 zephyr/drivers/timer/libdrivers__timer.a(cortex_m_systick.c.obj)
                0x0000000000002380                sys_clock_cycle_get_32
 .text.z_device_state_init
                0x0000000000002414       0x44 zephyr/kernel/libkernel.a(device.c.obj)
                0x0000000000002414                z_device_state_init
 .text.k_sys_fatal_error_handler
                0x0000000000002458       0x18 zephyr/kernel/libkernel.a(fatal.c.obj)
                0x0000000000002458                k_sys_fatal_error_handler
 .text.z_fatal_error
                0x0000000000002470       0xb4 zephyr/kernel/libkernel.a(fatal.c.obj)
                0x0000000000002470                z_fatal_error
 .text.z_sys_init_run_level
                0x0000000000002524       0x2c zephyr/kernel/libkernel.a(init.c.obj)
 .text.bg_thread_main
                0x0000000000002550      0x10c zephyr/kernel/libkernel.a(init.c.obj)
 .text.z_bss_zero
                0x000000000000265c       0x18 zephyr/kernel/libkernel.a(init.c.obj)
                0x000000000000265c                z_bss_zero
 .text.z_init_cpu
                0x0000000000002674       0x70 zephyr/kernel/libkernel.a(init.c.obj)
                0x0000000000002674                z_init_cpu
 .text.z_cstart
                0x00000000000026e4       0xcc zephyr/kernel/libkernel.a(init.c.obj)
                0x00000000000026e4                z_cstart
 .text.idle     0x00000000000027b0       0x48 zephyr/kernel/libkernel.a(idle.c.obj)
                0x00000000000027b0                idle
 .text.z_impl_k_thread_name_set
                0x00000000000027f8       0x20 zephyr/kernel/libkernel.a(thread.c.obj)
                0x00000000000027f8                z_impl_k_thread_name_set
 .text.z_setup_new_thread
                0x0000000000002818       0xe4 zephyr/kernel/libkernel.a(thread.c.obj)
                0x0000000000002818                z_setup_new_thread
 .text.z_impl_k_thread_create
                0x00000000000028fc       0x8c zephyr/kernel/libkernel.a(thread.c.obj)
                0x00000000000028fc                z_impl_k_thread_create
 .text.z_swap_irqlock
                0x0000000000002988       0x34 zephyr/kernel/libkernel.a(sched.c.obj)
 .text.unready_thread
                0x00000000000029bc       0xf0 zephyr/kernel/libkernel.a(sched.c.obj)
 .text.unpend_thread_no_timeout
                0x0000000000002aac       0x40 zephyr/kernel/libkernel.a(sched.c.obj)
 .text.ready_thread
                0x0000000000002aec       0xec zephyr/kernel/libkernel.a(sched.c.obj)
 .text.move_thread_to_end_of_prio_q
                0x0000000000002bd8      0x148 zephyr/kernel/libkernel.a(sched.c.obj)
                0x0000000000002bd8                move_thread_to_end_of_prio_q
 .text.z_ready_thread
                0x0000000000002d20       0x8c zephyr/kernel/libkernel.a(sched.c.obj)
                0x0000000000002d20                z_ready_thread
 .text.z_sched_wake_thread
                0x0000000000002dac       0xa8 zephyr/kernel/libkernel.a(sched.c.obj)
                0x0000000000002dac                z_sched_wake_thread
 .text.z_reschedule
                0x0000000000002e54       0x8c zephyr/kernel/libkernel.a(sched.c.obj)
                0x0000000000002e54                z_reschedule
 .text.z_reschedule_irqlock
                0x0000000000002ee0       0x28 zephyr/kernel/libkernel.a(sched.c.obj)
                0x0000000000002ee0                z_reschedule_irqlock
 .text.k_sched_lock
                0x0000000000002f08       0xdc zephyr/kernel/libkernel.a(sched.c.obj)
                0x0000000000002f08                k_sched_lock
 .text.k_sched_unlock
                0x0000000000002fe4      0x12c zephyr/kernel/libkernel.a(sched.c.obj)
                0x0000000000002fe4                k_sched_unlock
 .text.z_sched_init
                0x0000000000003110        0xc zephyr/kernel/libkernel.a(sched.c.obj)
                0x0000000000003110                z_sched_init
 .text.z_impl_k_wakeup
                0x000000000000311c       0xb4 zephyr/kernel/libkernel.a(sched.c.obj)
                0x000000000000311c                z_impl_k_wakeup
 .text.z_impl_k_sched_current_thread_query
                0x00000000000031d0        0xc zephyr/kernel/libkernel.a(sched.c.obj)
                0x00000000000031d0                z_impl_k_sched_current_thread_query
 .text.z_thread_abort
                0x00000000000031dc      0x24c zephyr/kernel/libkernel.a(sched.c.obj)
                0x00000000000031dc                z_thread_abort
 .text.z_impl_k_thread_join
                0x0000000000003428      0x148 zephyr/kernel/libkernel.a(sched.c.obj)
                0x0000000000003428                z_impl_k_thread_join
 .text.slice_timeout
                0x0000000000003570       0x5c zephyr/kernel/libkernel.a(timeslicing.c.obj)
 .text.thread_is_sliceable
                0x00000000000035cc       0x3c zephyr/kernel/libkernel.a(timeslicing.c.obj)
                0x00000000000035cc                thread_is_sliceable
 .text.z_reset_time_slice
                0x0000000000003608       0x50 zephyr/kernel/libkernel.a(timeslicing.c.obj)
                0x0000000000003608                z_reset_time_slice
 .text.z_time_slice
                0x0000000000003658       0xc8 zephyr/kernel/libkernel.a(timeslicing.c.obj)
                0x0000000000003658                z_time_slice
 .text.z_spin_lock_valid
                0x0000000000003720       0x1c zephyr/kernel/libkernel.a(spinlock_validate.c.obj)
                0x0000000000003720                z_spin_lock_valid
 .text.z_spin_unlock_valid
                0x000000000000373c       0x2c zephyr/kernel/libkernel.a(spinlock_validate.c.obj)
                0x000000000000373c                z_spin_unlock_valid
 .text.z_spin_lock_set_owner
                0x0000000000003768       0x10 zephyr/kernel/libkernel.a(spinlock_validate.c.obj)
                0x0000000000003768                z_spin_lock_set_owner
 .text.z_data_copy
                0x0000000000003778       0x38 zephyr/kernel/libkernel.a(xip.c.obj)
                0x0000000000003778                z_data_copy
 .text.first    0x00000000000037b0       0x10 zephyr/kernel/libkernel.a(timeout.c.obj)
 .text.elapsed  0x00000000000037c0       0x14 zephyr/kernel/libkernel.a(timeout.c.obj)
 .text.remove_timeout
                0x00000000000037d4       0x38 zephyr/kernel/libkernel.a(timeout.c.obj)
 .text.z_add_timeout
                0x000000000000380c      0x188 zephyr/kernel/libkernel.a(timeout.c.obj)
                0x000000000000380c                z_add_timeout
 .text.z_abort_timeout
                0x0000000000003994       0xb0 zephyr/kernel/libkernel.a(timeout.c.obj)
                0x0000000000003994                z_abort_timeout
 .text.sys_clock_announce
                0x0000000000003a44      0x148 zephyr/kernel/libkernel.a(timeout.c.obj)
                0x0000000000003a44                sys_clock_announce
 .text.sys_clock_tick_get
                0x0000000000003b8c       0x9c zephyr/kernel/libkernel.a(timeout.c.obj)
                0x0000000000003b8c                sys_clock_tick_get
 .text.__l_vfprintf
                0x0000000000003c28      0x4b8 c:\ncs\toolchains\0b393f9e1b\opt\zephyr-sdk\arm-zephyr-eabi\bin\../lib/gcc/../../picolibc/arm-zephyr-eabi/lib/thumb/v7-m/nofp\libc.a(libc_tinystdio_vflprintf.c.o)
                0x0000000000003c28                __l_vfprintf
 .text._OffsetAbsSyms
                0x00000000000040e0        0x2 zephyr/CMakeFiles/offsets.dir/./arch/arm/core/offsets/offsets.c.obj
                0x00000000000040e0                _OffsetAbsSyms
 .text.horse_balance_init
                0x00000000000040e2       0x1c app/libapp.a(horse_balance.c.obj)
                0x00000000000040e2                horse_balance_init
 .text.horse_balance_update
                0x00000000000040fe       0xce app/libapp.a(horse_balance.c.obj)
                0x00000000000040fe                horse_balance_update
 .text.chunk_size
                0x00000000000041cc        0xa zephyr/libzephyr.a(heap.c.obj)
 .text.free_list_add
                0x00000000000041d6       0x4e zephyr/libzephyr.a(heap.c.obj)
 .text.arch_printk_char_out
                0x0000000000004224        0x4 zephyr/libzephyr.a(printk.c.obj)
                0x0000000000004224                arch_printk_char_out
 .text.printk   0x0000000000004228       0x1a zephyr/libzephyr.a(printk.c.obj)
                0x0000000000004228                printk
 .text.assert_post_action
                0x0000000000004242       0x12 zephyr/libzephyr.a(assert.c.obj)
                0x0000000000004242                assert_post_action
 .text.assert_print
                0x0000000000004254       0x1a zephyr/libzephyr.a(assert.c.obj)
                0x0000000000004254                assert_print
 .text._ConfigAbsSyms
                0x000000000000426e        0x2 zephyr/libzephyr.a(configs.c.obj)
                0x000000000000426e                _ConfigAbsSyms
 .text.z_log_minimal_printk
                0x0000000000004270       0x1a zephyr/libzephyr.a(log_minimal.c.obj)
                0x0000000000004270                z_log_minimal_printk
 .text.z_do_kernel_oops
                0x000000000000428a        0x8 zephyr/arch/arch/arm/core/libarch__arm__core.a(fatal.c.obj)
                0x000000000000428a                z_do_kernel_oops
 .text.z_arm_nmi
                0x0000000000004292        0xe zephyr/arch/arch/arm/core/libarch__arm__core.a(nmi.c.obj)
                0x0000000000004292                z_arm_nmi
 .text.z_irq_spurious
                0x00000000000042a0        0x8 zephyr/arch/arch/arm/core/cortex_m/libarch__arm__core__cortex_m.a(irq_manage.c.obj)
                0x00000000000042a0                z_irq_spurious
 .text.arch_irq_unlock_outlined
                0x00000000000042a8        0xe zephyr/arch/arch/arm/core/cortex_m/libarch__arm__core__cortex_m.a(thread.c.obj)
                0x00000000000042a8                arch_irq_unlock_outlined
 .text.arch_cpu_idle
                0x00000000000042b6       0x1a zephyr/arch/arch/arm/core/cortex_m/libarch__arm__core__cortex_m.a(cpu_idle.c.obj)
                0x00000000000042b6                arch_cpu_idle
 .text.picolibc_put
                0x00000000000042d0        0xa zephyr/lib/libc/picolibc/liblib__libc__picolibc.a(stdio.c.obj)
 .text.test_main
                0x00000000000042da       0x16 zephyr/subsys/testsuite/ztest/libsubsys__testsuite__ztest.a(ztest.c.obj)
                0x00000000000042da                test_main
 .text.z_ztest_should_suite_run
                0x00000000000042f0        0xa zephyr/subsys/testsuite/ztest/libsubsys__testsuite__ztest.a(ztest_defaults.c.obj)
                0x00000000000042f0                z_ztest_should_suite_run
 .text.z_ztest_should_test_run
                0x00000000000042fa        0x4 zephyr/subsys/testsuite/ztest/libsubsys__testsuite__ztest.a(ztest_defaults.c.obj)
                0x00000000000042fa                z_ztest_should_test_run
 .text.z_ztest_run_all
                0x00000000000042fe        0x4 zephyr/subsys/testsuite/ztest/libsubsys__testsuite__ztest.a(ztest_defaults.c.obj)
                0x00000000000042fe                z_ztest_run_all
 .text.ztest_relative_filename
                0x0000000000004302        0x2 zephyr/subsys/testsuite/ztest/libsubsys__testsuite__ztest.a(ztest_defaults.c.obj)
                0x0000000000004302                ztest_relative_filename
 .text.uart_stellaris_poll_in
                0x0000000000004304       0x16 zephyr/drivers/serial/libdrivers__serial.a(uart_stellaris.c.obj)
 .text.uart_stellaris_poll_out
                0x000000000000431a        0xe zephyr/drivers/serial/libdrivers__serial.a(uart_stellaris.c.obj)
 .text.uart_stellaris_init
                0x0000000000004328       0x60 zephyr/drivers/serial/libdrivers__serial.a(uart_stellaris.c.obj)
 .text.z_impl_device_is_ready
                0x0000000000004388       0x16 zephyr/kernel/libkernel.a(device.c.obj)
                0x0000000000004388                z_impl_device_is_ready
 .text.arch_system_halt
                0x000000000000439e       0x10 zephyr/kernel/libkernel.a(fatal.c.obj)
                0x000000000000439e                arch_system_halt
 .text.do_device_init
                0x00000000000043ae       0x30 zephyr/kernel/libkernel.a(init.c.obj)
 .text.z_early_memset
                0x00000000000043de        0x4 zephyr/kernel/libkernel.a(init.c.obj)
                0x00000000000043de                z_early_memset
 .text.z_early_memcpy
                0x00000000000043e2        0x4 zephyr/kernel/libkernel.a(init.c.obj)
                0x00000000000043e2                z_early_memcpy
 .text.z_init_static
                0x00000000000043e6        0x2 zephyr/kernel/libkernel.a(init_static.c.obj)
                0x00000000000043e6                z_init_static
 .text.k_is_in_isr
                0x00000000000043e8        0xc zephyr/kernel/libkernel.a(thread.c.obj)
                0x00000000000043e8                k_is_in_isr
 .text.k_thread_name_get
                0x00000000000043f4        0x4 zephyr/kernel/libkernel.a(thread.c.obj)
                0x00000000000043f4                k_thread_name_get
 .text.add_to_waitq_locked
                0x00000000000043f8       0x50 zephyr/kernel/libkernel.a(sched.c.obj)
 .text.z_thread_timeout
                0x0000000000004448        0x8 zephyr/kernel/libkernel.a(sched.c.obj)
                0x0000000000004448                z_thread_timeout
 .text.init_ready_q
                0x0000000000004450       0x18 zephyr/kernel/libkernel.a(sched.c.obj)
                0x0000000000004450                init_ready_q
 .text.next_timeout
                0x0000000000004468       0x32 zephyr/kernel/libkernel.a(timeout.c.obj)
 .text.z_impl_k_uptime_ticks
                0x000000000000449a        0x4 zephyr/kernel/libkernel.a(timeout.c.obj)
                0x000000000000449a                z_impl_k_uptime_ticks
 .text.memcpy   0x000000000000449e       0x1c c:\ncs\toolchains\0b393f9e1b\opt\zephyr-sdk\arm-zephyr-eabi\bin\../lib/gcc/../../picolibc/arm-zephyr-eabi/lib/thumb/v7-m/nofp\libc.a(memcpy.c.o)
                0x000000000000449e                __aeabi_memcpy
                0x000000000000449e                __aeabi_memcpy4
                0x000000000000449e                __aeabi_memcpy8
                0x000000000000449e                memcpy
 .text.memset   0x00000000000044ba       0x10 c:\ncs\toolchains\0b393f9e1b\opt\zephyr-sdk\arm-zephyr-eabi\bin\../lib/gcc/../../picolibc/arm-zephyr-eabi/lib/thumb/v7-m/nofp\libc.a(memset.c.o)
                0x00000000000044ba                memset
 .text.strncpy  0x00000000000044ca       0x20 c:\ncs\toolchains\0b393f9e1b\opt\zephyr-sdk\arm-zephyr-eabi\bin\../lib/gcc/../../picolibc/arm-zephyr-eabi/lib/thumb/v7-m/nofp\libc.a(libc_string_strncpy.c.o)
                0x00000000000044ca                strncpy
 .text.strnlen  0x00000000000044ea       0x18 c:\ncs\toolchains\0b393f9e1b\opt\zephyr-sdk\arm-zephyr-eabi\bin\../lib/gcc/../../picolibc/arm-zephyr-eabi/lib/thumb/v7-m/nofp\libc.a(libc_string_strnlen.c.o)
                0x00000000000044ea                strnlen
 .text.__ultoa_invert
                0x0000000000004502       0xae c:\ncs\toolchains\0b393f9e1b\opt\zephyr-sdk\arm-zephyr-eabi\bin\../lib/gcc/../../picolibc/arm-zephyr-eabi/lib/thumb/v7-m/nofp\libc.a(libc_tinystdio_vflprintf.c.o)
 *(SORT_BY_ALIGNMENT(.TEXT.*))
 .TEXT.__aeabi_read_tp
                0x00000000000045b0        0xc zephyr/arch/arch/arm/core/cortex_m/libarch__arm__core__cortex_m.a(__aeabi_read_tp.S.obj)
                0x00000000000045b0                __aeabi_read_tp
 *(SORT_BY_ALIGNMENT(.gnu.linkonce.t.*))
 *(SORT_BY_ALIGNMENT(.glue_7t))
 .glue_7t       0x00000000000045bc        0x0 linker stubs
 *(SORT_BY_ALIGNMENT(.glue_7))
 .glue_7        0x00000000000045bc        0x0 linker stubs
 *(SORT_BY_ALIGNMENT(.vfp11_veneer))
 .vfp11_veneer  0x00000000000045bc        0x0 linker stubs
 *(SORT_BY_ALIGNMENT(.v4_bx))
 .v4_bx         0x00000000000045bc        0x0 linker stubs
                0x00000000000045bc                . = ALIGN (0x4)
                0x00000000000045bc                __text_region_end = .

.ARM.exidx      0x00000000000045bc        0x8
                0x00000000000045bc                __exidx_start = .
 *(SORT_BY_ALIGNMENT(.ARM.exidx*) SORT_BY_ALIGNMENT(gnu.linkonce.armexidx.*))
 .ARM.exidx     0x00000000000045bc        0x8 c:\ncs\toolchains\0b393f9e1b\opt\zephyr-sdk\arm-zephyr-eabi\bin\../lib/gcc/../../picolibc/arm-zephyr-eabi/lib/thumb/v7-m/nofp\libc.a(strcmp.S.o)
 .ARM.exidx     0x00000000000045c4        0x0 c:/ncs/toolchains/0b393f9e1b/opt/zephyr-sdk/arm-zephyr-eabi/bin/../lib/gcc/arm-zephyr-eabi/12.2.0/thumb/v7-m/nofp\libgcc.a(_udivmoddi4.o)
                                          0x8 (size before relaxing)
                0x00000000000045c4                __exidx_end = .
                0x00000000000045c4                __rodata_region_start = .

initlevel       0x00000000000045c4       0x38
                0x00000000000045c4                __init_start = .
                0x00000000000045c4                __init_EARLY_start = .
 *(SORT_BY_NAME(SORT_BY_ALIGNMENT(.z_init_EARLY?_*)))
 *(SORT_BY_NAME(SORT_BY_ALIGNMENT(.z_init_EARLY??_*)))
                0x00000000000045c4                __init_PRE_KERNEL_1_start = .
 *(SORT_BY_NAME(SORT_BY_ALIGNMENT(.z_init_PRE_KERNEL_1?_*)))
 *(SORT_BY_NAME(SORT_BY_ALIGNMENT(.z_init_PRE_KERNEL_1??_*)))
 .z_init_PRE_KERNEL_150_00018_
                0x00000000000045c4        0x8 zephyr/drivers/serial/libdrivers__serial.a(uart_stellaris.c.obj)
 .z_init_PRE_KERNEL_150_00019_
                0x00000000000045cc        0x8 zephyr/drivers/serial/libdrivers__serial.a(uart_stellaris.c.obj)
 .z_init_PRE_KERNEL_150_00022_
                0x00000000000045d4        0x8 zephyr/drivers/serial/libdrivers__serial.a(uart_stellaris.c.obj)
 .z_init_PRE_KERNEL_150_0_
                0x00000000000045dc        0x8 zephyr/soc/soc/ti_lm3s6965/libsoc__ti__lm3s6965.a(soc_config.c.obj)
 .z_init_PRE_KERNEL_160_0_
                0x00000000000045e4        0x8 zephyr/drivers/console/libdrivers__console.a(uart_console.c.obj)
                0x00000000000045ec                __init_PRE_KERNEL_2_start = .
 *(SORT_BY_NAME(SORT_BY_ALIGNMENT(.z_init_PRE_KERNEL_2?_*)))
 .z_init_PRE_KERNEL_20_0_
                0x00000000000045ec        0x8 zephyr/drivers/timer/libdrivers__timer.a(cortex_m_systick.c.obj)
 *(SORT_BY_NAME(SORT_BY_ALIGNMENT(.z_init_PRE_KERNEL_2??_*)))
                0x00000000000045f4                __init_POST_KERNEL_start = .
 *(SORT_BY_NAME(SORT_BY_ALIGNMENT(.z_init_POST_KERNEL?_*)))
 *(SORT_BY_NAME(SORT_BY_ALIGNMENT(.z_init_POST_KERNEL??_*)))
 .z_init_POST_KERNEL35_0_
                0x00000000000045f4        0x8 zephyr/lib/libc/common/liblib__libc__common.a(malloc.c.obj)
                0x00000000000045fc                __init_APPLICATION_start = .
 *(SORT_BY_NAME(SORT_BY_ALIGNMENT(.z_init_APPLICATION?_*)))
 *(SORT_BY_NAME(SORT_BY_ALIGNMENT(.z_init_APPLICATION??_*)))
                0x00000000000045fc                __init_SMP_start = .
 *(SORT_BY_NAME(SORT_BY_ALIGNMENT(.z_init_SMP?_*)))
 *(SORT_BY_NAME(SORT_BY_ALIGNMENT(.z_init_SMP??_*)))
                0x00000000000045fc                __init_end = .
                0x00000000000045fc                __deferred_init_list_start = .
 *(SORT_BY_ALIGNMENT(.z_deferred_init*))
                0x00000000000045fc                __deferred_init_list_end = .

device_area     0x00000000000045fc       0x3c
                0x00000000000045fc                _device_list_start = .
 *(SORT_BY_NAME(SORT_BY_ALIGNMENT(._device.static.*_?_*)))
 *(SORT_BY_NAME(SORT_BY_ALIGNMENT(._device.static.*_??_*)))
 ._device.static.1_50_
                0x00000000000045fc       0x3c zephyr/drivers/serial/libdrivers__serial.a(uart_stellaris.c.obj)
                0x00000000000045fc                __device_dts_ord_22
                0x0000000000004610                __device_dts_ord_19
                0x0000000000004624                __device_dts_ord_18
                0x0000000000004638                _device_list_end = .

sw_isr_table    0x0000000000004638      0x158
                0x0000000000004638                . = ALIGN (0x4)
 *(SORT_BY_ALIGNMENT(.gnu.linkonce.sw_isr_table*))
 .gnu.linkonce.sw_isr_table
                0x0000000000004638      0x158 zephyr/CMakeFiles/zephyr_final.dir/isr_tables.c.obj
                0x0000000000004638                _sw_isr_table

initlevel_error
                0x00000000000045c4        0x0
 *(SORT_BY_NAME(SORT_BY_ALIGNMENT(.z_init_[_A-Z0-9]*)))
                0x0000000000000001                ASSERT ((SIZEOF (initlevel_error) == 0x0), Undefined initialization levels used.)

app_shmem_regions
                0x0000000000004790        0x0
                0x0000000000004790                __app_shmem_regions_start = .
 *(SORT_BY_NAME(SORT_BY_ALIGNMENT(.app_regions.*)))
                0x0000000000004790                __app_shmem_regions_end = .

k_p4wq_initparam_area
                0x0000000000004790        0x0
                0x0000000000004790                _k_p4wq_initparam_list_start = .
 *(SORT_BY_NAME(SORT_BY_ALIGNMENT(._k_p4wq_initparam.static.*)))
                0x0000000000004790                _k_p4wq_initparam_list_end = .

_static_thread_data_area
                0x0000000000004790        0x0
                0x0000000000004790                __static_thread_data_list_start = .
 *(SORT_BY_NAME(SORT_BY_ALIGNMENT(.__static_thread_data.static.*)))
                0x0000000000004790                __static_thread_data_list_end = .

device_deps     0x0000000000004790        0x0
                0x0000000000004790                __device_deps_start = .
 *(SORT_BY_NAME(SORT_BY_ALIGNMENT(.__device_deps_pass2*)))
                0x0000000000004790                __device_deps_end = .

shared_irq_driver_api_area
                0x0000000000004790        0x0
                0x0000000000004790                _shared_irq_driver_api_list_start = .
 *(SORT_BY_NAME(SORT_BY_ALIGNMENT(._shared_irq_driver_api.static.*)))
                0x0000000000004790                _shared_irq_driver_api_list_end = .

crypto_driver_api_area
                0x0000000000004790        0x0
                0x0000000000004790                _crypto_driver_api_list_start = .
 *(SORT_BY_NAME(SORT_BY_ALIGNMENT(._crypto_driver_api.static.*)))
                0x0000000000004790                _crypto_driver_api_list_end = .

adc_driver_api_area
                0x0000000000004790        0x0
                0x0000000000004790                _adc_driver_api_list_start = .
 *(SORT_BY_NAME(SORT_BY_ALIGNMENT(._adc_driver_api.static.*)))
                0x0000000000004790                _adc_driver_api_list_end = .

auxdisplay_driver_api_area
                0x0000000000004790        0x0
                0x0000000000004790                _auxdisplay_driver_api_list_start = .
 *(SORT_BY_NAME(SORT_BY_ALIGNMENT(._auxdisplay_driver_api.static.*)))
                0x0000000000004790                _auxdisplay_driver_api_list_end = .

bbram_driver_api_area
                0x0000000000004790        0x0
                0x0000000000004790                _bbram_driver_api_list_start = .
 *(SORT_BY_NAME(SORT_BY_ALIGNMENT(._bbram_driver_api.static.*)))
                0x0000000000004790                _bbram_driver_api_list_end = .

bt_hci_driver_api_area
                0x0000000000004790        0x0
                0x0000000000004790                _bt_hci_driver_api_list_start = .
 *(SORT_BY_NAME(SORT_BY_ALIGNMENT(._bt_hci_driver_api.static.*)))
                0x0000000000004790                _bt_hci_driver_api_list_end = .

can_driver_api_area
                0x0000000000004790        0x0
                0x0000000000004790                _can_driver_api_list_start = .
 *(SORT_BY_NAME(SORT_BY_ALIGNMENT(._can_driver_api.static.*)))
                0x0000000000004790                _can_driver_api_list_end = .

cellular_driver_api_area
                0x0000000000004790        0x0
                0x0000000000004790                _cellular_driver_api_list_start = .
 *(SORT_BY_NAME(SORT_BY_ALIGNMENT(._cellular_driver_api.static.*)))
                0x0000000000004790                _cellular_driver_api_list_end = .

charger_driver_api_area
                0x0000000000004790        0x0
                0x0000000000004790                _charger_driver_api_list_start = .
 *(SORT_BY_NAME(SORT_BY_ALIGNMENT(._charger_driver_api.static.*)))
                0x0000000000004790                _charger_driver_api_list_end = .

clock_control_driver_api_area
                0x0000000000004790        0x0
                0x0000000000004790                _clock_control_driver_api_list_start = .
 *(SORT_BY_NAME(SORT_BY_ALIGNMENT(._clock_control_driver_api.static.*)))
                0x0000000000004790                _clock_control_driver_api_list_end = .

comparator_driver_api_area
                0x0000000000004790        0x0
                0x0000000000004790                _comparator_driver_api_list_start = .
 *(SORT_BY_NAME(SORT_BY_ALIGNMENT(._comparator_driver_api.static.*)))
                0x0000000000004790                _comparator_driver_api_list_end = .

coredump_driver_api_area
                0x0000000000004790        0x0
                0x0000000000004790                _coredump_driver_api_list_start = .
 *(SORT_BY_NAME(SORT_BY_ALIGNMENT(._coredump_driver_api.static.*)))
                0x0000000000004790                _coredump_driver_api_list_end = .

counter_driver_api_area
                0x0000000000004790        0x0
                0x0000000000004790                _counter_driver_api_list_start = .
 *(SORT_BY_NAME(SORT_BY_ALIGNMENT(._counter_driver_api.static.*)))
                0x0000000000004790                _counter_driver_api_list_end = .

dac_driver_api_area
                0x0000000000004790        0x0
                0x0000000000004790                _dac_driver_api_list_start = .
 *(SORT_BY_NAME(SORT_BY_ALIGNMENT(._dac_driver_api.static.*)))
                0x0000000000004790                _dac_driver_api_list_end = .

dai_driver_api_area
                0x0000000000004790        0x0
                0x0000000000004790                _dai_driver_api_list_start = .
 *(SORT_BY_NAME(SORT_BY_ALIGNMENT(._dai_driver_api.static.*)))
                0x0000000000004790                _dai_driver_api_list_end = .

display_driver_api_area
                0x0000000000004790        0x0
                0x0000000000004790                _display_driver_api_list_start = .
 *(SORT_BY_NAME(SORT_BY_ALIGNMENT(._display_driver_api.static.*)))
                0x0000000000004790                _display_driver_api_list_end = .

dma_driver_api_area
                0x0000000000004790        0x0
                0x0000000000004790                _dma_driver_api_list_start = .
 *(SORT_BY_NAME(SORT_BY_ALIGNMENT(._dma_driver_api.static.*)))
                0x0000000000004790                _dma_driver_api_list_end = .

edac_driver_api_area
                0x0000000000004790        0x0
                0x0000000000004790                _edac_driver_api_list_start = .
 *(SORT_BY_NAME(SORT_BY_ALIGNMENT(._edac_driver_api.static.*)))
                0x0000000000004790                _edac_driver_api_list_end = .

eeprom_driver_api_area
                0x0000000000004790        0x0
                0x0000000000004790                _eeprom_driver_api_list_start = .
 *(SORT_BY_NAME(SORT_BY_ALIGNMENT(._eeprom_driver_api.static.*)))
                0x0000000000004790                _eeprom_driver_api_list_end = .

emul_bbram_driver_api_area
                0x0000000000004790        0x0
                0x0000000000004790                _emul_bbram_driver_api_list_start = .
 *(SORT_BY_NAME(SORT_BY_ALIGNMENT(._emul_bbram_driver_api.static.*)))
                0x0000000000004790                _emul_bbram_driver_api_list_end = .

fuel_gauge_emul_driver_api_area
                0x0000000000004790        0x0
                0x0000000000004790                _fuel_gauge_emul_driver_api_list_start = .
 *(SORT_BY_NAME(SORT_BY_ALIGNMENT(._fuel_gauge_emul_driver_api.static.*)))
                0x0000000000004790                _fuel_gauge_emul_driver_api_list_end = .

emul_sensor_driver_api_area
                0x0000000000004790        0x0
                0x0000000000004790                _emul_sensor_driver_api_list_start = .
 *(SORT_BY_NAME(SORT_BY_ALIGNMENT(._emul_sensor_driver_api.static.*)))
                0x0000000000004790                _emul_sensor_driver_api_list_end = .

entropy_driver_api_area
                0x0000000000004790        0x0
                0x0000000000004790                _entropy_driver_api_list_start = .
 *(SORT_BY_NAME(SORT_BY_ALIGNMENT(._entropy_driver_api.static.*)))
                0x0000000000004790                _entropy_driver_api_list_end = .

espi_driver_api_area
                0x0000000000004790        0x0
                0x0000000000004790                _espi_driver_api_list_start = .
 *(SORT_BY_NAME(SORT_BY_ALIGNMENT(._espi_driver_api.static.*)))
                0x0000000000004790                _espi_driver_api_list_end = .

espi_saf_driver_api_area
                0x0000000000004790        0x0
                0x0000000000004790                _espi_saf_driver_api_list_start = .
 *(SORT_BY_NAME(SORT_BY_ALIGNMENT(._espi_saf_driver_api.static.*)))
                0x0000000000004790                _espi_saf_driver_api_list_end = .

flash_driver_api_area
                0x0000000000004790        0x0
                0x0000000000004790                _flash_driver_api_list_start = .
 *(SORT_BY_NAME(SORT_BY_ALIGNMENT(._flash_driver_api.static.*)))
                0x0000000000004790                _flash_driver_api_list_end = .

fpga_driver_api_area
                0x0000000000004790        0x0
                0x0000000000004790                _fpga_driver_api_list_start = .
 *(SORT_BY_NAME(SORT_BY_ALIGNMENT(._fpga_driver_api.static.*)))
                0x0000000000004790                _fpga_driver_api_list_end = .

fuel_gauge_driver_api_area
                0x0000000000004790        0x0
                0x0000000000004790                _fuel_gauge_driver_api_list_start = .
 *(SORT_BY_NAME(SORT_BY_ALIGNMENT(._fuel_gauge_driver_api.static.*)))
                0x0000000000004790                _fuel_gauge_driver_api_list_end = .

gnss_driver_api_area
                0x0000000000004790        0x0
                0x0000000000004790                _gnss_driver_api_list_start = .
 *(SORT_BY_NAME(SORT_BY_ALIGNMENT(._gnss_driver_api.static.*)))
                0x0000000000004790                _gnss_driver_api_list_end = .

gpio_driver_api_area
                0x0000000000004790        0x0
                0x0000000000004790                _gpio_driver_api_list_start = .
 *(SORT_BY_NAME(SORT_BY_ALIGNMENT(._gpio_driver_api.static.*)))
                0x0000000000004790                _gpio_driver_api_list_end = .

haptics_driver_api_area
                0x0000000000004790        0x0
                0x0000000000004790                _haptics_driver_api_list_start = .
 *(SORT_BY_NAME(SORT_BY_ALIGNMENT(._haptics_driver_api.static.*)))
                0x0000000000004790                _haptics_driver_api_list_end = .

hwspinlock_driver_api_area
                0x0000000000004790        0x0
                0x0000000000004790                _hwspinlock_driver_api_list_start = .
 *(SORT_BY_NAME(SORT_BY_ALIGNMENT(._hwspinlock_driver_api.static.*)))
                0x0000000000004790                _hwspinlock_driver_api_list_end = .

i2c_driver_api_area
                0x0000000000004790        0x0
                0x0000000000004790                _i2c_driver_api_list_start = .
 *(SORT_BY_NAME(SORT_BY_ALIGNMENT(._i2c_driver_api.static.*)))
                0x0000000000004790                _i2c_driver_api_list_end = .

i2c_target_driver_api_area
                0x0000000000004790        0x0
                0x0000000000004790                _i2c_target_driver_api_list_start = .
 *(SORT_BY_NAME(SORT_BY_ALIGNMENT(._i2c_target_driver_api.static.*)))
                0x0000000000004790                _i2c_target_driver_api_list_end = .

i2s_driver_api_area
                0x0000000000004790        0x0
                0x0000000000004790                _i2s_driver_api_list_start = .
 *(SORT_BY_NAME(SORT_BY_ALIGNMENT(._i2s_driver_api.static.*)))
                0x0000000000004790                _i2s_driver_api_list_end = .

i3c_driver_api_area
                0x0000000000004790        0x0
                0x0000000000004790                _i3c_driver_api_list_start = .
 *(SORT_BY_NAME(SORT_BY_ALIGNMENT(._i3c_driver_api.static.*)))
                0x0000000000004790                _i3c_driver_api_list_end = .

ipm_driver_api_area
                0x0000000000004790        0x0
                0x0000000000004790                _ipm_driver_api_list_start = .
 *(SORT_BY_NAME(SORT_BY_ALIGNMENT(._ipm_driver_api.static.*)))
                0x0000000000004790                _ipm_driver_api_list_end = .

kscan_driver_api_area
                0x0000000000004790        0x0
                0x0000000000004790                _kscan_driver_api_list_start = .
 *(SORT_BY_NAME(SORT_BY_ALIGNMENT(._kscan_driver_api.static.*)))
                0x0000000000004790                _kscan_driver_api_list_end = .

led_driver_api_area
                0x0000000000004790        0x0
                0x0000000000004790                _led_driver_api_list_start = .
 *(SORT_BY_NAME(SORT_BY_ALIGNMENT(._led_driver_api.static.*)))
                0x0000000000004790                _led_driver_api_list_end = .

led_strip_driver_api_area
                0x0000000000004790        0x0
                0x0000000000004790                _led_strip_driver_api_list_start = .
 *(SORT_BY_NAME(SORT_BY_ALIGNMENT(._led_strip_driver_api.static.*)))
                0x0000000000004790                _led_strip_driver_api_list_end = .

lora_driver_api_area
                0x0000000000004790        0x0
                0x0000000000004790                _lora_driver_api_list_start = .
 *(SORT_BY_NAME(SORT_BY_ALIGNMENT(._lora_driver_api.static.*)))
                0x0000000000004790                _lora_driver_api_list_end = .

mbox_driver_api_area
                0x0000000000004790        0x0
                0x0000000000004790                _mbox_driver_api_list_start = .
 *(SORT_BY_NAME(SORT_BY_ALIGNMENT(._mbox_driver_api.static.*)))
                0x0000000000004790                _mbox_driver_api_list_end = .

mdio_driver_api_area
                0x0000000000004790        0x0
                0x0000000000004790                _mdio_driver_api_list_start = .
 *(SORT_BY_NAME(SORT_BY_ALIGNMENT(._mdio_driver_api.static.*)))
                0x0000000000004790                _mdio_driver_api_list_end = .

mipi_dbi_driver_api_area
                0x0000000000004790        0x0
                0x0000000000004790                _mipi_dbi_driver_api_list_start = .
 *(SORT_BY_NAME(SORT_BY_ALIGNMENT(._mipi_dbi_driver_api.static.*)))
                0x0000000000004790                _mipi_dbi_driver_api_list_end = .

mipi_dsi_driver_api_area
                0x0000000000004790        0x0
                0x0000000000004790                _mipi_dsi_driver_api_list_start = .
 *(SORT_BY_NAME(SORT_BY_ALIGNMENT(._mipi_dsi_driver_api.static.*)))
                0x0000000000004790                _mipi_dsi_driver_api_list_end = .

mspi_driver_api_area
                0x0000000000004790        0x0
                0x0000000000004790                _mspi_driver_api_list_start = .
 *(SORT_BY_NAME(SORT_BY_ALIGNMENT(._mspi_driver_api.static.*)))
                0x0000000000004790                _mspi_driver_api_list_end = .

peci_driver_api_area
                0x0000000000004790        0x0
                0x0000000000004790                _peci_driver_api_list_start = .
 *(SORT_BY_NAME(SORT_BY_ALIGNMENT(._peci_driver_api.static.*)))
                0x0000000000004790                _peci_driver_api_list_end = .

ps2_driver_api_area
                0x0000000000004790        0x0
                0x0000000000004790                _ps2_driver_api_list_start = .
 *(SORT_BY_NAME(SORT_BY_ALIGNMENT(._ps2_driver_api.static.*)))
                0x0000000000004790                _ps2_driver_api_list_end = .

ptp_clock_driver_api_area
                0x0000000000004790        0x0
                0x0000000000004790                _ptp_clock_driver_api_list_start = .
 *(SORT_BY_NAME(SORT_BY_ALIGNMENT(._ptp_clock_driver_api.static.*)))
                0x0000000000004790                _ptp_clock_driver_api_list_end = .

pwm_driver_api_area
                0x0000000000004790        0x0
                0x0000000000004790                _pwm_driver_api_list_start = .
 *(SORT_BY_NAME(SORT_BY_ALIGNMENT(._pwm_driver_api.static.*)))
                0x0000000000004790                _pwm_driver_api_list_end = .

regulator_parent_driver_api_area
                0x0000000000004790        0x0
                0x0000000000004790                _regulator_parent_driver_api_list_start = .
 *(SORT_BY_NAME(SORT_BY_ALIGNMENT(._regulator_parent_driver_api.static.*)))
                0x0000000000004790                _regulator_parent_driver_api_list_end = .

regulator_driver_api_area
                0x0000000000004790        0x0
                0x0000000000004790                _regulator_driver_api_list_start = .
 *(SORT_BY_NAME(SORT_BY_ALIGNMENT(._regulator_driver_api.static.*)))
                0x0000000000004790                _regulator_driver_api_list_end = .

reset_driver_api_area
                0x0000000000004790        0x0
                0x0000000000004790                _reset_driver_api_list_start = .
 *(SORT_BY_NAME(SORT_BY_ALIGNMENT(._reset_driver_api.static.*)))
                0x0000000000004790                _reset_driver_api_list_end = .

retained_mem_driver_api_area
                0x0000000000004790        0x0
                0x0000000000004790                _retained_mem_driver_api_list_start = .
 *(SORT_BY_NAME(SORT_BY_ALIGNMENT(._retained_mem_driver_api.static.*)))
                0x0000000000004790                _retained_mem_driver_api_list_end = .

rtc_driver_api_area
                0x0000000000004790        0x0
                0x0000000000004790                _rtc_driver_api_list_start = .
 *(SORT_BY_NAME(SORT_BY_ALIGNMENT(._rtc_driver_api.static.*)))
                0x0000000000004790                _rtc_driver_api_list_end = .

sdhc_driver_api_area
                0x0000000000004790        0x0
                0x0000000000004790                _sdhc_driver_api_list_start = .
 *(SORT_BY_NAME(SORT_BY_ALIGNMENT(._sdhc_driver_api.static.*)))
                0x0000000000004790                _sdhc_driver_api_list_end = .

sensor_driver_api_area
                0x0000000000004790        0x0
                0x0000000000004790                _sensor_driver_api_list_start = .
 *(SORT_BY_NAME(SORT_BY_ALIGNMENT(._sensor_driver_api.static.*)))
                0x0000000000004790                _sensor_driver_api_list_end = .

smbus_driver_api_area
                0x0000000000004790        0x0
                0x0000000000004790                _smbus_driver_api_list_start = .
 *(SORT_BY_NAME(SORT_BY_ALIGNMENT(._smbus_driver_api.static.*)))
                0x0000000000004790                _smbus_driver_api_list_end = .

spi_driver_api_area
                0x0000000000004790        0x0
                0x0000000000004790                _spi_driver_api_list_start = .
 *(SORT_BY_NAME(SORT_BY_ALIGNMENT(._spi_driver_api.static.*)))
                0x0000000000004790                _spi_driver_api_list_end = .

stepper_driver_api_area
                0x0000000000004790        0x0
                0x0000000000004790                _stepper_driver_api_list_start = .
 *(SORT_BY_NAME(SORT_BY_ALIGNMENT(._stepper_driver_api.static.*)))
                0x0000000000004790                _stepper_driver_api_list_end = .

syscon_driver_api_area
                0x0000000000004790        0x0
                0x0000000000004790                _syscon_driver_api_list_start = .
 *(SORT_BY_NAME(SORT_BY_ALIGNMENT(._syscon_driver_api.static.*)))
                0x0000000000004790                _syscon_driver_api_list_end = .

tee_driver_api_area
                0x0000000000004790        0x0
                0x0000000000004790                _tee_driver_api_list_start = .
 *(SORT_BY_NAME(SORT_BY_ALIGNMENT(._tee_driver_api.static.*)))
                0x0000000000004790                _tee_driver_api_list_end = .

video_driver_api_area
                0x0000000000004790        0x0
                0x0000000000004790                _video_driver_api_list_start = .
 *(SORT_BY_NAME(SORT_BY_ALIGNMENT(._video_driver_api.static.*)))
                0x0000000000004790                _video_driver_api_list_end = .

w1_driver_api_area
                0x0000000000004790        0x0
                0x0000000000004790                _w1_driver_api_list_start = .
 *(SORT_BY_NAME(SORT_BY_ALIGNMENT(._w1_driver_api.static.*)))
                0x0000000000004790                _w1_driver_api_list_end = .

wdt_driver_api_area
                0x0000000000004790        0x0
                0x0000000000004790                _wdt_driver_api_list_start = .
 *(SORT_BY_NAME(SORT_BY_ALIGNMENT(._wdt_driver_api.static.*)))
                0x0000000000004790                _wdt_driver_api_list_end = .

can_transceiver_driver_api_area
                0x0000000000004790        0x0
                0x0000000000004790                _can_transceiver_driver_api_list_start = .
 *(SORT_BY_NAME(SORT_BY_ALIGNMENT(._can_transceiver_driver_api.static.*)))
                0x0000000000004790                _can_transceiver_driver_api_list_end = .

nrf_clock_control_driver_api_area
                0x0000000000004790        0x0
                0x0000000000004790                _nrf_clock_control_driver_api_list_start = .
 *(SORT_BY_NAME(SORT_BY_ALIGNMENT(._nrf_clock_control_driver_api.static.*)))
                0x0000000000004790                _nrf_clock_control_driver_api_list_end = .

i3c_target_driver_api_area
                0x0000000000004790        0x0
                0x0000000000004790                _i3c_target_driver_api_list_start = .
 *(SORT_BY_NAME(SORT_BY_ALIGNMENT(._i3c_target_driver_api.static.*)))
                0x0000000000004790                _i3c_target_driver_api_list_end = .

its_driver_api_area
                0x0000000000004790        0x0
                0x0000000000004790                _its_driver_api_list_start = .
 *(SORT_BY_NAME(SORT_BY_ALIGNMENT(._its_driver_api.static.*)))
                0x0000000000004790                _its_driver_api_list_end = .

vtd_driver_api_area
                0x0000000000004790        0x0
                0x0000000000004790                _vtd_driver_api_list_start = .
 *(SORT_BY_NAME(SORT_BY_ALIGNMENT(._vtd_driver_api.static.*)))
                0x0000000000004790                _vtd_driver_api_list_end = .

tgpio_driver_api_area
                0x0000000000004790        0x0
                0x0000000000004790                _tgpio_driver_api_list_start = .
 *(SORT_BY_NAME(SORT_BY_ALIGNMENT(._tgpio_driver_api.static.*)))
                0x0000000000004790                _tgpio_driver_api_list_end = .

pcie_ctrl_driver_api_area
                0x0000000000004790        0x0
                0x0000000000004790                _pcie_ctrl_driver_api_list_start = .
 *(SORT_BY_NAME(SORT_BY_ALIGNMENT(._pcie_ctrl_driver_api.static.*)))
                0x0000000000004790                _pcie_ctrl_driver_api_list_end = .

pcie_ep_driver_api_area
                0x0000000000004790        0x0
                0x0000000000004790                _pcie_ep_driver_api_list_start = .
 *(SORT_BY_NAME(SORT_BY_ALIGNMENT(._pcie_ep_driver_api.static.*)))
                0x0000000000004790                _pcie_ep_driver_api_list_end = .

svc_driver_api_area
                0x0000000000004790        0x0
                0x0000000000004790                _svc_driver_api_list_start = .
 *(SORT_BY_NAME(SORT_BY_ALIGNMENT(._svc_driver_api.static.*)))
                0x0000000000004790                _svc_driver_api_list_end = .

uart_driver_api_area
                0x0000000000004790       0x14
                0x0000000000004790                _uart_driver_api_list_start = .
 *(SORT_BY_NAME(SORT_BY_ALIGNMENT(._uart_driver_api.static.*)))
 ._uart_driver_api.static.uart_stellaris_driver_api_
                0x0000000000004790       0x14 zephyr/drivers/serial/libdrivers__serial.a(uart_stellaris.c.obj)
                0x00000000000047a4                _uart_driver_api_list_end = .

bc12_emul_driver_api_area
                0x00000000000047a4        0x0
                0x00000000000047a4                _bc12_emul_driver_api_list_start = .
 *(SORT_BY_NAME(SORT_BY_ALIGNMENT(._bc12_emul_driver_api.static.*)))
                0x00000000000047a4                _bc12_emul_driver_api_list_end = .

bc12_driver_api_area
                0x00000000000047a4        0x0
                0x00000000000047a4                _bc12_driver_api_list_start = .
 *(SORT_BY_NAME(SORT_BY_ALIGNMENT(._bc12_driver_api.static.*)))
                0x00000000000047a4                _bc12_driver_api_list_end = .

usbc_ppc_driver_api_area
                0x00000000000047a4        0x0
                0x00000000000047a4                _usbc_ppc_driver_api_list_start = .
 *(SORT_BY_NAME(SORT_BY_ALIGNMENT(._usbc_ppc_driver_api.static.*)))
                0x00000000000047a4                _usbc_ppc_driver_api_list_end = .

tcpc_driver_api_area
                0x00000000000047a4        0x0
                0x00000000000047a4                _tcpc_driver_api_list_start = .
 *(SORT_BY_NAME(SORT_BY_ALIGNMENT(._tcpc_driver_api.static.*)))
                0x00000000000047a4                _tcpc_driver_api_list_end = .

usbc_vbus_driver_api_area
                0x00000000000047a4        0x0
                0x00000000000047a4                _usbc_vbus_driver_api_list_start = .
 *(SORT_BY_NAME(SORT_BY_ALIGNMENT(._usbc_vbus_driver_api.static.*)))
                0x00000000000047a4                _usbc_vbus_driver_api_list_end = .

ivshmem_driver_api_area
                0x00000000000047a4        0x0
                0x00000000000047a4                _ivshmem_driver_api_list_start = .
 *(SORT_BY_NAME(SORT_BY_ALIGNMENT(._ivshmem_driver_api.static.*)))
                0x00000000000047a4                _ivshmem_driver_api_list_end = .

ethphy_driver_api_area
                0x00000000000047a4        0x0
                0x00000000000047a4                _ethphy_driver_api_list_start = .
 *(SORT_BY_NAME(SORT_BY_ALIGNMENT(._ethphy_driver_api.static.*)))
                0x00000000000047a4                _ethphy_driver_api_list_end = .

ztest           0x00000000000047a4       0x80
                0x00000000000047a4                _ztest_expected_result_entry_list_start = .
 *(SORT_BY_NAME(SORT_BY_ALIGNMENT(._ztest_expected_result_entry.static.*)))
                0x00000000000047a4                _ztest_expected_result_entry_list_end = .
                0x00000000000047a4                _ztest_suite_node_list_start = .
 *(SORT_BY_NAME(SORT_BY_ALIGNMENT(._ztest_suite_node.static.*)))
 ._ztest_suite_node.static.z_ztest_test_node_horse_balance_
                0x00000000000047a4       0x1c app/libapp.a(balance_test.c.obj)
                0x00000000000047c0                _ztest_suite_node_list_end = .
                0x00000000000047c0                _ztest_unit_test_list_start = .
 *(SORT_BY_NAME(SORT_BY_ALIGNMENT(._ztest_unit_test.static.*)))
 ._ztest_unit_test.static.z_ztest_unit_test__horse_balance__test_back_to_balanced_resets_state_
                0x00000000000047c0       0x14 app/libapp.a(balance_test.c.obj)
 ._ztest_unit_test.static.z_ztest_unit_test__horse_balance__test_fh_imbalance_when_pitch_exceeds_threshold_
                0x00000000000047d4       0x14 app/libapp.a(balance_test.c.obj)
 ._ztest_unit_test.static.z_ztest_unit_test__horse_balance__test_first_update_sets_baseline_only_
                0x00000000000047e8       0x14 app/libapp.a(balance_test.c.obj)
 ._ztest_unit_test.static.z_ztest_unit_test__horse_balance__test_init_sets_fields_
                0x00000000000047fc       0x14 app/libapp.a(balance_test.c.obj)
 ._ztest_unit_test.static.z_ztest_unit_test__horse_balance__test_lr_imbalance_when_roll_exceeds_threshold_
                0x0000000000004810       0x14 app/libapp.a(balance_test.c.obj)
                0x0000000000004824                _ztest_unit_test_list_end = .
                0x0000000000004824                _ztest_test_rule_list_start = .
 *(SORT_BY_NAME(SORT_BY_ALIGNMENT(._ztest_test_rule.static.*)))
                0x0000000000004824                _ztest_test_rule_list_end = .

init_array      0x0000000000004824        0x0
 *(SORT_BY_NAME(SORT_BY_ALIGNMENT(.ctors*)))
 *(SORT_BY_NAME(SORT_BY_ALIGNMENT(.init_array*)))
                0x0000000000000001                ASSERT ((SIZEOF (init_array) == 0x0), GNU-style constructors required but STATIC_INIT_GNU not enabled)

bt_l2cap_fixed_chan_area
                0x0000000000004824        0x0
                0x0000000000004824                _bt_l2cap_fixed_chan_list_start = .
 *(SORT_BY_NAME(SORT_BY_ALIGNMENT(._bt_l2cap_fixed_chan.static.*)))
                0x0000000000004824                _bt_l2cap_fixed_chan_list_end = .

bt_gatt_service_static_area
                0x0000000000004824        0x0
                0x0000000000004824                _bt_gatt_service_static_list_start = .
 *(SORT_BY_NAME(SORT_BY_ALIGNMENT(._bt_gatt_service_static.static.*)))
                0x0000000000004824                _bt_gatt_service_static_list_end = .

log_strings_area
                0x0000000000004824        0x0
                0x0000000000004824                _log_strings_list_start = .
 *(SORT_BY_NAME(SORT_BY_ALIGNMENT(._log_strings.static.*)))
                0x0000000000004824                _log_strings_list_end = .

log_stmesp_ptr_area
                0x0000000000004824        0x0
                0x0000000000004824                _log_stmesp_ptr_list_start = .
 *(SORT_BY_NAME(SORT_BY_ALIGNMENT(._log_stmesp_ptr.static.*)))
                0x0000000000004824                _log_stmesp_ptr_list_end = .

log_stmesp_str_area
                0x0000000000004824        0x0
                0x0000000000004824                _log_stmesp_str_list_start = .
 *(SORT_BY_NAME(SORT_BY_ALIGNMENT(._log_stmesp_str.static.*)))
                0x0000000000004824                _log_stmesp_str_list_end = .

log_const_area  0x0000000000004824       0x10
                0x0000000000004824                _log_const_list_start = .
 *(SORT_BY_NAME(SORT_BY_ALIGNMENT(._log_const.static.*)))
 ._log_const.static.log_const_cbprintf_package_
                0x0000000000004824        0x8 zephyr/libzephyr.a(cbprintf_packaged.c.obj)
                0x0000000000004824                log_const_cbprintf_package
 ._log_const.static.log_const_os_
                0x000000000000482c        0x8 zephyr/kernel/libkernel.a(init.c.obj)
                0x000000000000482c                log_const_os
                0x0000000000004834                _log_const_list_end = .

log_backend_area
                0x0000000000004834        0x0
                0x0000000000004834                _log_backend_list_start = .
 *(SORT_BY_NAME(SORT_BY_ALIGNMENT(._log_backend.static.*)))
                0x0000000000004834                _log_backend_list_end = .

log_link_area   0x0000000000004834        0x0
                0x0000000000004834                _log_link_list_start = .
 *(SORT_BY_NAME(SORT_BY_ALIGNMENT(._log_link.static.*)))
                0x0000000000004834                _log_link_list_end = .

tracing_backend_area
                0x0000000000004834        0x0
                0x0000000000004834                _tracing_backend_list_start = .
 *(SORT_BY_NAME(SORT_BY_ALIGNMENT(._tracing_backend.static.*)))
                0x0000000000004834                _tracing_backend_list_end = .

zephyr_dbg_info
 *(SORT_BY_ALIGNMENT(.dbg_thread_info))

intc_table_area
                0x0000000000004834        0x0
                0x0000000000004834                _intc_table_list_start = .
 *(SORT_BY_NAME(SORT_BY_ALIGNMENT(._intc_table.static.*)))
                0x0000000000004834                _intc_table_list_end = .

symbol_to_keep  0x0000000000004834        0x0
                0x0000000000004834                __symbol_to_keep_start = .
 *(SORT_BY_NAME(SORT_BY_ALIGNMENT(.symbol_to_keep*)))
                0x0000000000004834                __symbol_to_keep_end = .

shell_area      0x0000000000004834        0x0
                0x0000000000004834                _shell_list_start = .
 *(SORT_BY_NAME(SORT_BY_ALIGNMENT(._shell.static.*)))
                0x0000000000004834                _shell_list_end = .

shell_root_cmds_area
                0x0000000000004834        0x0
                0x0000000000004834                _shell_root_cmds_list_start = .
 *(SORT_BY_NAME(SORT_BY_ALIGNMENT(._shell_root_cmds.static.*)))
                0x0000000000004834                _shell_root_cmds_list_end = .

shell_subcmds_area
                0x0000000000004834        0x0
                0x0000000000004834                _shell_subcmds_list_start = .
 *(SORT_BY_NAME(SORT_BY_ALIGNMENT(._shell_subcmds.static.*)))
                0x0000000000004834                _shell_subcmds_list_end = .

shell_dynamic_subcmds_area
                0x0000000000004834        0x0
                0x0000000000004834                _shell_dynamic_subcmds_list_start = .
 *(SORT_BY_NAME(SORT_BY_ALIGNMENT(._shell_dynamic_subcmds.static.*)))
                0x0000000000004834                _shell_dynamic_subcmds_list_end = .

cfb_font_area   0x0000000000004834        0x0
                0x0000000000004834                _cfb_font_list_start = .
 *(SORT_BY_NAME(SORT_BY_ALIGNMENT(._cfb_font.static.*)))
                0x0000000000004834                _cfb_font_list_end = .

tdata           0x0000000000004834        0x0
 *(SORT_BY_ALIGNMENT(.tdata) SORT_BY_ALIGNMENT(.tdata.*) SORT_BY_ALIGNMENT(.gnu.linkonce.td.*))

tbss            0x0000000000004834        0x4
 *(SORT_BY_ALIGNMENT(.tbss) SORT_BY_ALIGNMENT(.tbss.*) SORT_BY_ALIGNMENT(.gnu.linkonce.tb.*) SORT_BY_ALIGNMENT(.tcommon))
 .tbss.z_tls_current
                0x0000000000004834        0x4 zephyr/libzephyr.a(thread_entry.c.obj)
                0x0000000000004834                z_tls_current
                0x0000000000004834                PROVIDE (__tdata_start = LOADADDR (tdata))
                0x0000000000000001                PROVIDE (__tdata_align = ALIGNOF (tdata))
                0x0000000000000000                PROVIDE (__tdata_size = (((SIZEOF (tdata) + __tdata_align) - 0x1) & ~ ((__tdata_align - 0x1))))
                [!provide]                        PROVIDE (__tdata_end = (__tdata_start + __tdata_size))
                0x0000000000000004                PROVIDE (__tbss_align = ALIGNOF (tbss))
                [!provide]                        PROVIDE (__tbss_start = ADDR (tbss))
                0x0000000000000004                PROVIDE (__tbss_size = (((SIZEOF (tbss) + __tbss_align) - 0x1) & ~ ((__tbss_align - 0x1))))
                [!provide]                        PROVIDE (__tbss_end = (__tbss_start + __tbss_size))
                [!provide]                        PROVIDE (__tls_start = __tdata_start)
                [!provide]                        PROVIDE (__tls_end = __tbss_end)
                [!provide]                        PROVIDE (__tls_size = (__tbss_end - __tdata_start))

rodata          0x0000000000004834     0x1a98
 *(SORT_BY_ALIGNMENT(.rodata))
 *(SORT_BY_ALIGNMENT(.rodata.*))
 .rodata.CSWTCH.38
                0x0000000000004834       0x18 zephyr/subsys/testsuite/ztest/libsubsys__testsuite__ztest.a(ztest.c.obj)
 .rodata.CSWTCH.35
                0x000000000000484c       0x10 zephyr/subsys/testsuite/ztest/libsubsys__testsuite__ztest.a(ztest.c.obj)
 .rodata.ztest_api
                0x000000000000485c        0xc zephyr/subsys/testsuite/ztest/libsubsys__testsuite__ztest.a(ztest_defaults.c.obj)
                0x000000000000485c                ztest_api
 .rodata.uart_stellaris_dev_cfg_2
                0x0000000000004868        0x8 zephyr/drivers/serial/libdrivers__serial.a(uart_stellaris.c.obj)
 .rodata.uart_stellaris_dev_cfg_0
                0x0000000000004870        0x8 zephyr/drivers/serial/libdrivers__serial.a(uart_stellaris.c.obj)
 .rodata.CSWTCH.489
                0x0000000000004878       0x14 zephyr/kernel/libkernel.a(fatal.c.obj)
 .rodata.levels.0
                0x000000000000488c       0x18 zephyr/kernel/libkernel.a(init.c.obj)
 .rodata.z_zassert.constprop.0.str1.1
                0x00000000000048a4       0x73 app/libapp.a(balance_test.c.obj)
                                         0x75 (size before relaxing)
 .rodata.expect_float_eq.constprop.0.str1.1
                0x0000000000004917       0x2e app/libapp.a(balance_test.c.obj)
 .rodata._horse_balance_test_back_to_balanced_resets_state_wrapper.str1.1
                0x0000000000004945      0x148 app/libapp.a(balance_test.c.obj)
 .rodata._horse_balance_test_fh_imbalance_when_pitch_exceeds_threshold_wrapper.str1.1
                0x0000000000004a8d       0xe2 app/libapp.a(balance_test.c.obj)
 .rodata._horse_balance_test_lr_imbalance_when_roll_exceeds_threshold_wrapper.str1.1
                0x0000000000004b6f       0x8b app/libapp.a(balance_test.c.obj)
 .rodata._horse_balance_test_first_update_sets_baseline_only_wrapper.str1.1
                0x0000000000004bfa      0x101 app/libapp.a(balance_test.c.obj)
 .rodata._horse_balance_test_init_sets_fields_wrapper.str1.1
                0x0000000000004cfb      0x16f app/libapp.a(balance_test.c.obj)
 .rodata.__func__.0
                0x0000000000004e6a       0x31 app/libapp.a(balance_test.c.obj)
 .rodata.__func__.1
                0x0000000000004e9b       0x3d app/libapp.a(balance_test.c.obj)
 .rodata.__func__.2
                0x0000000000004ed8       0x3c app/libapp.a(balance_test.c.obj)
 .rodata.__func__.3
                0x0000000000004f14       0x33 app/libapp.a(balance_test.c.obj)
 .rodata.__func__.4
                0x0000000000004f47       0x10 app/libapp.a(balance_test.c.obj)
 .rodata.__func__.5
                0x0000000000004f57       0x24 app/libapp.a(balance_test.c.obj)
 .rodata.str1.1
                0x0000000000004f7b       0xc9 app/libapp.a(balance_test.c.obj)
 .rodata.sys_heap_free.str1.1
                0x0000000000005044       0xeb zephyr/libzephyr.a(heap.c.obj)
 .rodata.sys_heap_init.str1.1
                0x000000000000512f       0xbb zephyr/libzephyr.a(heap.c.obj)
 .rodata.str1.1
                0x00000000000051ea       0x11 zephyr/libzephyr.a(cbprintf_packaged.c.obj)
 .rodata.boot_banner.str1.1
                0x00000000000051fb       0x63 zephyr/libzephyr.a(banner.c.obj)
 .rodata.z_arm_fatal_error.str1.1
                0x000000000000525e       0xc7 zephyr/arch/arch/arm/core/libarch__arm__core.a(fatal.c.obj)
 .rodata.usage_fault.constprop.0.str1.1
                0x0000000000005325       0xf0 zephyr/arch/arch/arm/core/cortex_m/libarch__arm__core__cortex_m.a(fault.c.obj)
 .rodata.bus_fault.constprop.0.str1.1
                0x0000000000005415       0xbe zephyr/arch/arch/arm/core/cortex_m/libarch__arm__core__cortex_m.a(fault.c.obj)
 .rodata.mem_manage_fault.constprop.0.str1.1
                0x00000000000054d3      0x18f zephyr/arch/arch/arm/core/cortex_m/libarch__arm__core__cortex_m.a(fault.c.obj)
                                        0x1ac (size before relaxing)
 .rodata.z_arm_fault.str1.1
                0x0000000000005662      0x1de zephyr/arch/arch/arm/core/cortex_m/libarch__arm__core__cortex_m.a(fault.c.obj)
                                        0x1e0 (size before relaxing)
 .rodata.ztest_test_fail.str1.1
                0x0000000000005840       0x3d zephyr/subsys/testsuite/ztest/libsubsys__testsuite__ztest.a(ztest.c.obj)
 .rodata.z_ztest_run_test_suite_ptr.constprop.0.str1.1
                0x000000000000587d       0xb2 zephyr/subsys/testsuite/ztest/libsubsys__testsuite__ztest.a(ztest.c.obj)
 .rodata.ztest_verify_all_test_suites_ran.str1.1
                0x000000000000592f       0x7c zephyr/subsys/testsuite/ztest/libsubsys__testsuite__ztest.a(ztest.c.obj)
 .rodata.main.str1.1
                0x00000000000059ab      0x181 zephyr/subsys/testsuite/ztest/libsubsys__testsuite__ztest.a(ztest.c.obj)
                                        0x183 (size before relaxing)
 .rodata.str1.1
                0x0000000000005b2c       0x3a zephyr/subsys/testsuite/ztest/libsubsys__testsuite__ztest.a(ztest.c.obj)
 .rodata.str1.1
                0x0000000000005b66       0x2a zephyr/drivers/serial/libdrivers__serial.a(uart_stellaris.c.obj)
 .rodata.sys_clock_set_timeout.str1.1
                0x0000000000005b90       0x84 zephyr/drivers/timer/libdrivers__timer.a(cortex_m_systick.c.obj)
                                         0xa1 (size before relaxing)
 .rodata.z_device_state_init.str1.1
                0x0000000000005c14       0x5a zephyr/kernel/libkernel.a(device.c.obj)
                                         0x77 (size before relaxing)
 .rodata.k_sys_fatal_error_handler.str1.1
                0x0000000000005c6e       0x14 zephyr/kernel/libkernel.a(fatal.c.obj)
 .rodata.z_fatal_error.str1.1
                0x0000000000005c82       0x86 zephyr/kernel/libkernel.a(fatal.c.obj)
 .rodata.str1.1
                0x0000000000005d08       0x4a zephyr/kernel/libkernel.a(fatal.c.obj)
 .rodata.bg_thread_main.str1.1
                0x0000000000005d52       0x4e zephyr/kernel/libkernel.a(init.c.obj)
                                         0x8a (size before relaxing)
 .rodata.z_init_cpu.str1.1
                0x0000000000005da0        0x5 zephyr/kernel/libkernel.a(init.c.obj)
 .rodata.z_cstart.str1.1
                0x0000000000005da5        0x5 zephyr/kernel/libkernel.a(init.c.obj)
 .rodata.str1.1
                0x0000000000005daa        0x3 zephyr/kernel/libkernel.a(init.c.obj)
 .rodata.idle.str1.1
                0x0000000000005dad       0x49 zephyr/kernel/libkernel.a(idle.c.obj)
                                         0x66 (size before relaxing)
 .rodata.z_setup_new_thread.str1.1
                0x0000000000005df6       0xd4 zephyr/kernel/libkernel.a(thread.c.obj)
                                         0xf1 (size before relaxing)
 .rodata.z_impl_k_thread_create.str1.1
                0x0000000000005eca       0x37 zephyr/kernel/libkernel.a(thread.c.obj)
 .rodata.unready_thread.str1.1
                0x0000000000005f01       0x99 zephyr/kernel/libkernel.a(sched.c.obj)
                                         0xb6 (size before relaxing)
 .rodata.unpend_thread_no_timeout.str1.1
                0x0000000000005f9a       0x42 zephyr/kernel/libkernel.a(sched.c.obj)
 .rodata.z_ready_thread.str1.1
                0x0000000000005fdc       0x84 zephyr/kernel/libkernel.a(sched.c.obj)
 .rodata.k_sched_lock.str1.1
                0x0000000000005fdc       0x31 zephyr/kernel/libkernel.a(sched.c.obj)
                                         0x43 (size before relaxing)
 .rodata.k_sched_unlock.str1.1
                0x000000000000600d       0x31 zephyr/kernel/libkernel.a(sched.c.obj)
 .rodata.z_thread_abort.str1.1
                0x000000000000603e       0x4c zephyr/kernel/libkernel.a(sched.c.obj)
                                         0x4e (size before relaxing)
 .rodata.z_impl_k_thread_join.str1.1
                0x000000000000608a       0x15 zephyr/kernel/libkernel.a(sched.c.obj)
 .rodata.slice_timeout.str1.1
                0x000000000000609f      0x1d9 zephyr/kernel/libkernel.a(timeslicing.c.obj)
                                        0x1f6 (size before relaxing)
 .rodata.k_sched_time_slice_set.str1.1
                0x0000000000006278       0x84 zephyr/kernel/libkernel.a(timeslicing.c.obj)
 .rodata.z_add_timeout.str1.1
                0x0000000000006278       0x44 zephyr/kernel/libkernel.a(timeout.c.obj)
                                         0xe8 (size before relaxing)
 .rodata.__l_vfprintf.str1.1
                0x00000000000062bc        0xf c:\ncs\toolchains\0b393f9e1b\opt\zephyr-sdk\arm-zephyr-eabi\bin\../lib/gcc/../../picolibc/arm-zephyr-eabi/lib/thumb/v7-m/nofp\libc.a(libc_tinystdio_vflprintf.c.o)
 *(SORT_BY_ALIGNMENT(.gnu.linkonce.r.*))
                0x00000000000062fc                . = ALIGN (0x4)
 *fill*         0x00000000000062cb        0x1 

/DISCARD/
 *(SORT_BY_ALIGNMENT(.eh_frame))
                0x00000000000062cc                __rodata_region_end = .
                0x00000000000062cc                . = ALIGN (_region_min_align)
                0x00000000000062cc                __rom_region_end = ((__rom_region_start + .) - ADDR (rom_start))

/DISCARD/
 *(SORT_BY_ALIGNMENT(.got.plt))
 *(SORT_BY_ALIGNMENT(.igot.plt))
 *(SORT_BY_ALIGNMENT(.got))
 *(SORT_BY_ALIGNMENT(.igot))
                0x0000000020000000                . = 0x20000000
                0x0000000020000000                . = ALIGN (_region_min_align)
                0x0000000020000000                _image_ram_start = .

.ramfunc        0x0000000020000000        0x0 load address 0x00000000000062cc
                0x0000000020000000                __ramfunc_region_start = .
                0x0000000020000000                . = ALIGN (_region_min_align)
                0x0000000020000000                __ramfunc_start = .
 *(SORT_BY_ALIGNMENT(.ramfunc))
 *(SORT_BY_ALIGNMENT(.ramfunc.*))
                0x0000000020000000                . = ALIGN (_region_min_align)
                0x0000000020000000                __ramfunc_end = .
                0x0000000000000000                __ramfunc_size = (__ramfunc_end - __ramfunc_start)
                0x00000000000062cc                __ramfunc_load_start = LOADADDR (.ramfunc)

datas           0x0000000020000000       0x31 load address 0x00000000000062cc
                0x0000000020000000                __data_region_start = .
                0x0000000020000000                __data_start = .
 *(SORT_BY_ALIGNMENT(.data))
 *(SORT_BY_ALIGNMENT(.data.*))
 .data._char_out
                0x0000000020000000        0x4 zephyr/libzephyr.a(printk.c.obj)
 .data.__stdout
                0x0000000020000004       0x10 zephyr/lib/libc/picolibc/liblib__libc__picolibc.a(stdio.c.obj)
 .data.uart_stellaris_dev_data_2
                0x0000000020000014        0x4 zephyr/drivers/serial/libdrivers__serial.a(uart_stellaris.c.obj)
 .data.uart_stellaris_dev_data_1
                0x0000000020000018        0x4 zephyr/drivers/serial/libdrivers__serial.a(uart_stellaris.c.obj)
 .data.uart_stellaris_dev_cfg_1
                0x000000002000001c        0x8 zephyr/drivers/serial/libdrivers__serial.a(uart_stellaris.c.obj)
 .data.uart_stellaris_dev_data_0
                0x0000000020000024        0x4 zephyr/drivers/serial/libdrivers__serial.a(uart_stellaris.c.obj)
 .data.timeout_list
                0x0000000020000028        0x8 zephyr/kernel/libkernel.a(timeout.c.obj)
 .data.cur_phase
                0x0000000020000030        0x1 zephyr/subsys/testsuite/ztest/libsubsys__testsuite__ztest.a(ztest.c.obj)
                0x0000000020000030                cur_phase
 *(SORT_BY_ALIGNMENT(.kernel.*))
                0x0000000020000031                __data_end = .
                0x0000000000000031                __data_size = (__data_end - __data_start)
                0x00000000000062cc                __data_load_start = LOADADDR (datas)
                0x00000000000062cc                __data_region_load_start = LOADADDR (datas)

device_states   0x0000000020000031        0x6 load address 0x00000000000062fd
                0x0000000020000031                __device_states_start = .
 *(SORT_BY_ALIGNMENT(.z_devstate))
 .z_devstate    0x0000000020000031        0x6 zephyr/drivers/serial/libdrivers__serial.a(uart_stellaris.c.obj)
 *(SORT_BY_ALIGNMENT(.z_devstate.*))
                0x0000000020000037                __device_states_end = .

log_mpsc_pbuf_area
                0x0000000020000037        0x0 load address 0x0000000000006303
                0x0000000020000037                _log_mpsc_pbuf_list_start = .
 *(SORT_BY_NAME(SORT_BY_ALIGNMENT(._log_mpsc_pbuf.static.*)))
                0x0000000020000037                _log_mpsc_pbuf_list_end = .

log_msg_ptr_area
                0x0000000020000037        0x0 load address 0x0000000000006303
                0x0000000020000037                _log_msg_ptr_list_start = .
 *(SORT_BY_NAME(SORT_BY_ALIGNMENT(._log_msg_ptr.static.*)))
                0x0000000020000037                _log_msg_ptr_list_end = .

log_dynamic_area
                0x0000000020000037        0x0 load address 0x0000000000006303
                0x0000000020000037                _log_dynamic_list_start = .
 *(SORT_BY_NAME(SORT_BY_ALIGNMENT(._log_dynamic.static.*)))
                0x0000000020000037                _log_dynamic_list_end = .

k_timer_area    0x0000000020000037        0x0 load address 0x0000000000006303
                0x0000000020000037                _k_timer_list_start = .
 *(SORT_BY_NAME(SORT_BY_ALIGNMENT(._k_timer.static.*)))
                0x0000000020000037                _k_timer_list_end = .

k_mem_slab_area
                0x0000000020000037        0x0 load address 0x0000000000006303
                0x0000000020000037                _k_mem_slab_list_start = .
 *(SORT_BY_NAME(SORT_BY_ALIGNMENT(._k_mem_slab.static.*)))
                0x0000000020000037                _k_mem_slab_list_end = .

k_heap_area     0x0000000020000037        0x0 load address 0x0000000000006303
                0x0000000020000037                _k_heap_list_start = .
 *(SORT_BY_NAME(SORT_BY_ALIGNMENT(._k_heap.static.*)))
                0x0000000020000037                _k_heap_list_end = .

k_mutex_area    0x0000000020000037        0x0 load address 0x0000000000006303
                0x0000000020000037                _k_mutex_list_start = .
 *(SORT_BY_NAME(SORT_BY_ALIGNMENT(._k_mutex.static.*)))
                0x0000000020000037                _k_mutex_list_end = .

k_stack_area    0x0000000020000037        0x0 load address 0x0000000000006303
                0x0000000020000037                _k_stack_list_start = .
 *(SORT_BY_NAME(SORT_BY_ALIGNMENT(._k_stack.static.*)))
                0x0000000020000037                _k_stack_list_end = .

k_msgq_area     0x0000000020000037        0x0 load address 0x0000000000006303
                0x0000000020000037                _k_msgq_list_start = .
 *(SORT_BY_NAME(SORT_BY_ALIGNMENT(._k_msgq.static.*)))
                0x0000000020000037                _k_msgq_list_end = .

k_mbox_area     0x0000000020000037        0x0 load address 0x0000000000006303
                0x0000000020000037                _k_mbox_list_start = .
 *(SORT_BY_NAME(SORT_BY_ALIGNMENT(._k_mbox.static.*)))
                0x0000000020000037                _k_mbox_list_end = .

k_pipe_area     0x0000000020000037        0x0 load address 0x0000000000006303
                0x0000000020000037                _k_pipe_list_start = .
 *(SORT_BY_NAME(SORT_BY_ALIGNMENT(._k_pipe.static.*)))
                0x0000000020000037                _k_pipe_list_end = .

k_sem_area      0x0000000020000037        0x0 load address 0x0000000000006303
                0x0000000020000037                _k_sem_list_start = .
 *(SORT_BY_NAME(SORT_BY_ALIGNMENT(._k_sem.static.*)))
                0x0000000020000037                _k_sem_list_end = .

k_event_area    0x0000000020000037        0x0 load address 0x0000000000006303
                0x0000000020000037                _k_event_list_start = .
 *(SORT_BY_NAME(SORT_BY_ALIGNMENT(._k_event.static.*)))
                0x0000000020000037                _k_event_list_end = .

k_queue_area    0x0000000020000037        0x0 load address 0x0000000000006303
                0x0000000020000037                _k_queue_list_start = .
 *(SORT_BY_NAME(SORT_BY_ALIGNMENT(._k_queue.static.*)))
                0x0000000020000037                _k_queue_list_end = .

k_fifo_area     0x0000000020000037        0x0 load address 0x0000000000006303
                0x0000000020000037                _k_fifo_list_start = .
 *(SORT_BY_NAME(SORT_BY_ALIGNMENT(._k_fifo.static.*)))
                0x0000000020000037                _k_fifo_list_end = .

k_lifo_area     0x0000000020000037        0x0 load address 0x0000000000006303
                0x0000000020000037                _k_lifo_list_start = .
 *(SORT_BY_NAME(SORT_BY_ALIGNMENT(._k_lifo.static.*)))
                0x0000000020000037                _k_lifo_list_end = .

k_condvar_area  0x0000000020000037        0x0 load address 0x0000000000006303
                0x0000000020000037                _k_condvar_list_start = .
 *(SORT_BY_NAME(SORT_BY_ALIGNMENT(._k_condvar.static.*)))
                0x0000000020000037                _k_condvar_list_end = .

sys_mem_blocks_ptr_area
                0x0000000020000037        0x0 load address 0x0000000000006303
                0x0000000020000037                _sys_mem_blocks_ptr_list_start = .
 *(SORT_BY_NAME(SORT_BY_ALIGNMENT(._sys_mem_blocks_ptr.static.*)))
                0x0000000020000037                _sys_mem_blocks_ptr_list_end = .

net_buf_pool_area
                0x0000000020000037        0x0 load address 0x0000000000006303
                0x0000000020000037                _net_buf_pool_list_start = .
 *(SORT_BY_NAME(SORT_BY_ALIGNMENT(._net_buf_pool.static.*)))
                0x0000000020000037                _net_buf_pool_list_end = .
                0x0000000020000037                __data_region_end = .

/DISCARD/
 *(SORT_BY_ALIGNMENT(.irq_info*))
 *(SORT_BY_ALIGNMENT(.intList*))

.stab
 *(SORT_BY_ALIGNMENT(.stab))

.stabstr
 *(SORT_BY_ALIGNMENT(.stabstr))

.stab.excl
 *(SORT_BY_ALIGNMENT(.stab.excl))

.stab.exclstr
 *(SORT_BY_ALIGNMENT(.stab.exclstr))

.stab.index
 *(SORT_BY_ALIGNMENT(.stab.index))

.stab.indexstr
 *(SORT_BY_ALIGNMENT(.stab.indexstr))

.gnu.build.attributes
 *(SORT_BY_ALIGNMENT(.gnu.build.attributes) SORT_BY_ALIGNMENT(.gnu.build.attributes.*))

.comment        0x0000000000000000       0x20
 *(SORT_BY_ALIGNMENT(.comment))
 .comment       0x0000000000000000       0x20 zephyr/CMakeFiles/zephyr_final.dir/isr_tables.c.obj
                                         0x21 (size before relaxing)
 .comment       0x0000000000000020       0x21 zephyr/CMakeFiles/offsets.dir/./arch/arm/core/offsets/offsets.c.obj
 .comment       0x0000000000000020       0x21 app/libapp.a(horse_balance.c.obj)
 .comment       0x0000000000000020       0x21 app/libapp.a(balance_test.c.obj)
 .comment       0x0000000000000020       0x21 zephyr/libzephyr.a(heap.c.obj)
 .comment       0x0000000000000020       0x21 zephyr/libzephyr.a(cbprintf_packaged.c.obj)
 .comment       0x0000000000000020       0x21 zephyr/libzephyr.a(printk.c.obj)
 .comment       0x0000000000000020       0x21 zephyr/libzephyr.a(thread_entry.c.obj)
 .comment       0x0000000000000020       0x21 zephyr/libzephyr.a(assert.c.obj)
 .comment       0x0000000000000020       0x21 zephyr/libzephyr.a(last_section_id.c.obj)
 .comment       0x0000000000000020       0x21 zephyr/libzephyr.a(configs.c.obj)
 .comment       0x0000000000000020       0x21 zephyr/libzephyr.a(log_minimal.c.obj)
 .comment       0x0000000000000020       0x21 zephyr/libzephyr.a(banner.c.obj)
 .comment       0x0000000000000020       0x21 zephyr/arch/arch/arm/core/libarch__arm__core.a(fatal.c.obj)
 .comment       0x0000000000000020       0x21 zephyr/arch/arch/arm/core/libarch__arm__core.a(nmi.c.obj)
 .comment       0x0000000000000020       0x21 zephyr/arch/arch/arm/core/libarch__arm__core.a(tls.c.obj)
 .comment       0x0000000000000020       0x21 zephyr/arch/arch/arm/core/cortex_m/libarch__arm__core__cortex_m.a(exc_exit.c.obj)
 .comment       0x0000000000000020       0x21 zephyr/arch/arch/arm/core/cortex_m/libarch__arm__core__cortex_m.a(fault.c.obj)
 .comment       0x0000000000000020       0x21 zephyr/arch/arch/arm/core/cortex_m/libarch__arm__core__cortex_m.a(scb.c.obj)