Archive member included to satisfy reference by file (symbol)

app/libapp.a(shmem.c.obj)     (--whole-archive)
app/libapp.a(main.c.obj)      (--whole-archive)
app/libapp.a(horse_balance.c.obj)
                              (--whole-archive)
zephyr/libzephyr.a(heap.c.obj)
                              (--whole-archive)
zephyr/libzephyr.a(cbprintf_packaged.c.obj)
                              (--whole-archive)
zephyr/libzephyr.a(printk.c.obj)
                              (--whole-archive)
zephyr/libzephyr.a(sem.c.obj)
                              (--whole-archive)
zephyr/libzephyr.a(thread_entry.c.obj)
                              (--whole-archive)
zephyr/libzephyr.a(cbprintf_complete.c.obj)
                              (--whole-archive)
zephyr/libzephyr.a(assert.c.obj)
                              (--whole-archive)
zephyr/libzephyr.a(mpsc_pbuf.c.obj)
                              (--whole-archive)
zephyr/libzephyr.a(dec.c.obj)
                              (--whole-archive)
zephyr/libzephyr.a(hex.c.obj)
                              (--whole-archive)
zephyr/libzephyr.a(rb.c.obj)  (--whole-archive)
zephyr/libzephyr.a(timeutil.c.obj)
                              (--whole-archive)
zephyr/libzephyr.a(bitarray.c.obj)
                              (--whole-archive)
zephyr/libzephyr.a(onoff.c.obj)
                              (--whole-archive)
zephyr/libzephyr.a(notify.c.obj)
                              (--whole-archive)
zephyr/libzephyr.a(ring_buffer.c.obj)
                              (--whole-archive)
zephyr/libzephyr.a(last_section_id.c.obj)
                              (--whole-archive)
zephyr/libzephyr.a(configs.c.obj)
                              (--whole-archive)
zephyr/libzephyr.a(log_core.c.obj)
                              (--whole-archive)
zephyr/libzephyr.a(log_mgmt.c.obj)
                              (--whole-archive)
zephyr/libzephyr.a(log_cache.c.obj)
                              (--whole-archive)
zephyr/libzephyr.a(log_msg.c.obj)
                              (--whole-archive)
zephyr/libzephyr.a(log_output.c.obj)
                              (--whole-archive)
zephyr/libzephyr.a(mem_attr.c.obj)
                              (--whole-archive)
zephyr/libzephyr.a(tracing_none.c.obj)
                              (--whole-archive)
zephyr/libzephyr.a(kernel_shell.c.obj)
                              (--whole-archive)
zephyr/libzephyr.a(cycles.c.obj)
                              (--whole-archive)
zephyr/libzephyr.a(sleep.c.obj)
                              (--whole-archive)
zephyr/libzephyr.a(uptime.c.obj)
                              (--whole-archive)
zephyr/libzephyr.a(version.c.obj)
                              (--whole-archive)
zephyr/libzephyr.a(log-level.c.obj)
                              (--whole-archive)
zephyr/libzephyr.a(thread.c.obj)
                              (--whole-archive)
zephyr/libzephyr.a(list.c.obj)
                              (--whole-archive)
zephyr/libzephyr.a(stacks.c.obj)
                              (--whole-archive)
zephyr/libzephyr.a(device_service.c.obj)
                              (--whole-archive)
zephyr/libzephyr.a(devmem_service.c.obj)
                              (--whole-archive)
zephyr/libzephyr.a(shell_uart.c.obj)
                              (--whole-archive)
zephyr/libzephyr.a(shell.c.obj)
                              (--whole-archive)
zephyr/libzephyr.a(shell_fprintf.c.obj)
                              (--whole-archive)
zephyr/libzephyr.a(shell_utils.c.obj)
                              (--whole-archive)
zephyr/libzephyr.a(shell_ops.c.obj)
                              (--whole-archive)
zephyr/libzephyr.a(shell_log_backend.c.obj)
                              (--whole-archive)
zephyr/libzephyr.a(shell_help.c.obj)
                              (--whole-archive)
zephyr/libzephyr.a(shell_cmds.c.obj)
                              (--whole-archive)
zephyr/libzephyr.a(shell_history.c.obj)
                              (--whole-archive)
zephyr/libzephyr.a(shell_wildcard.c.obj)
                              (--whole-archive)
zephyr/libzephyr.a(banner.c.obj)
                              (--whole-archive)
zephyr/libzephyr.a(flash_map_partition_manager.c.obj)
                              (--whole-archive)
zephyr/arch/common/libarch__common.a(sw_isr_common.c.obj)
                              (--whole-archive)
zephyr/arch/arch/arm/core/libarch__arm__core.a(fatal.c.obj)
                              (--whole-archive)
zephyr/arch/arch/arm/core/libarch__arm__core.a(nmi.c.obj)
                              (--whole-archive)
zephyr/arch/arch/arm/core/libarch__arm__core.a(nmi_on_reset.S.obj)
                              (--whole-archive)
zephyr/arch/arch/arm/core/libarch__arm__core.a(tls.c.obj)
                              (--whole-archive)
zephyr/arch/arch/arm/core/cortex_m/libarch__arm__core__cortex_m.a(exc_exit.c.obj)
                              (--whole-archive)
zephyr/arch/arch/arm/core/cortex_m/libarch__arm__core__cortex_m.a(fault.c.obj)
[...]
Memory Configuration

Name             Origin             Length             Attributes
FLASH            0x0000000000008000 0x00000000000f8000 xr
RAM              0x000000002000c568 0x0000000000033a98 xw
IDT_LIST         0x00000000ffff7fff 0x0000000000008000 xw
*default*        0x0000000000000000 0xffffffffffffffff

Linker script and memory map

                0x0000000000013540                vfprintf = __d_vfprintf
                0x0000000000000000                vfscanf = __d_vfscanf
LOAD zephyr/CMakeFiles/zephyr_pre0.dir/misc/empty_file.c.obj
LOAD zephyr/CMakeFiles/offsets.dir/./arch/arm/core/offsets/offsets.c.obj
LOAD tfm/api_ns/interface/lib/s_veneers.o
LOAD app/libapp.a
LOAD zephyr/libzephyr.a
LOAD zephyr/arch/common/libarch__common.a
LOAD zephyr/arch/arch/arm/core/libarch__arm__core.a
LOAD zephyr/arch/arch/arm/core/cortex_m/libarch__arm__core__cortex_m.a
LOAD zephyr/arch/arch/arm/core/cortex_m/cmse/libarch__arm__core__cortex_m__cmse.a
LOAD zephyr/arch/arch/arm/core/mpu/libarch__arm__core__mpu.a
LOAD zephyr/lib/libc/picolibc/liblib__libc__picolibc.a
LOAD zephyr/lib/libc/common/liblib__libc__common.a
LOAD zephyr/lib/posix/options/liblib__posix__options.a
LOAD zephyr/soc/soc/nrf9151/libsoc__nordic.a
LOAD zephyr/drivers/clock_control/libdrivers__clock_control.a
LOAD zephyr/drivers/gpio/libdrivers__gpio.a
LOAD zephyr/drivers/i2c/libdrivers__i2c.a
LOAD zephyr/drivers/pinctrl/libdrivers__pinctrl.a
LOAD zephyr/drivers/sensor/bosch/bme280/libdrivers__sensor__bosch__bme280.a
LOAD zephyr/drivers/serial/libdrivers__serial.a
LOAD zephyr/drivers/timer/libdrivers__timer.a
LOAD modules/nrf/lib/nrf_modem_lib/lib..__nrf__lib__nrf_modem_lib.a
LOAD modules/nrf/lib/modem_antenna/lib..__nrf__lib__modem_antenna.a
LOAD modules/nrf/subsys/nrf_security/src/zephyr/libmbedtls_zephyr.a
LOAD modules/nrf/modules/trusted-firmware-m/lib..__nrf__modules__trusted-firmware-m.a
LOAD modules/nrf/modules/trusted-firmware-m/libtfm_api_nrf.a
LOAD modules/trusted-firmware-m/libtfm_api.a
LOAD modules/hal_nordic/modules/hal_nordic/nrfx/libmodules__hal_nordic__nrfx.a
LOAD C:/ncs/v3.0.2/nrfxlib/nrf_modem/lib/cellular/nrf9120/soft-float/libmodem.a
LOAD zephyr/kernel/libkernel.a
LOAD zephyr/arch/common/libisr_tables.a
LOAD modules/nrf/subsys/nrf_security/src/libmbedcrypto.a
LOAD modules/nrf/subsys/nrf_security/src/libmbedcrypto_base.a
LOAD modules/nrf/subsys/nrf_security/src/libnrf_security_utils.a
LOAD zephyr/kernel/libkernel.a
LOAD C:/ncs/v3.0.2/nrfxlib/crypto/nrf_oberon/lib/cortex-m33/soft-float/liboberon_mbedtls_3.0.16.a
LOAD C:/ncs/v3.0.2/nrfxlib/crypto/nrf_oberon/lib/cortex-m33/soft-float/liboberon_3.0.16.a
LOAD c:\ncs\toolchains\0b393f9e1b\opt\zephyr-sdk\arm-zephyr-eabi\bin\../lib/gcc/../../picolibc/arm-zephyr-eabi/lib/thumb/v8-m.main/nofp\libc.a
LOAD c:/ncs/toolchains/0b393f9e1b/opt/zephyr-sdk/arm-zephyr-eabi/bin/../lib/gcc/arm-zephyr-eabi/12.2.0/thumb/v8-m.main/nofp\libgcc.a
                0x0000000000000020                _region_min_align = 0x20

.rel.plt        0x0000000000008000        0x0
 *(SORT_BY_ALIGNMENT(.rel.plt))
                [!provide]                        PROVIDE (__rel_iplt_start = .)
 *(SORT_BY_ALIGNMENT(.rel.iplt))
 .rel.iplt      0x0000000000008000        0x0 app/libapp.a(main.c.obj)
                [!provide]                        PROVIDE (__rel_iplt_end = .)

.rela.plt       0x0000000000000000        0x0
 *(SORT_BY_ALIGNMENT(.rela.plt))
                [!provide]                        PROVIDE (__rela_iplt_start = .)
 *(SORT_BY_ALIGNMENT(.rela.iplt))
                [!provide]                        PROVIDE (__rela_iplt_end = .)

.rel.dyn
 *(SORT_BY_ALIGNMENT(.rel.*))

.rela.dyn
 *(SORT_BY_ALIGNMENT(.rela.*))

/DISCARD/
 *(SORT_BY_ALIGNMENT(.plt))

/DISCARD/
 *(SORT_BY_ALIGNMENT(.iplt))
                0x0000000000008000                __rom_region_start = 0x8000

rom_start       0x0000000000008000      0x144
                0x0000000000008000                __rom_start_address = .
 FILL mask 0x00
                0x0000000000008000                . = (. + (0x0 - (. - __rom_start_address)))
                0x0000000000008000                . = ALIGN (0x4)
                0x0000000000008000                . = ALIGN (0x80)
                0x0000000000008000                . = ALIGN (0x200)
                0x0000000000008000                _vector_start = .
 *(SORT_BY_ALIGNMENT(.exc_vector_table))
 *(SORT_BY_ALIGNMENT(.exc_vector_table.*))
 .exc_vector_table._vector_table_section
                0x0000000000008000       0x40 zephyr/arch/arch/arm/core/cortex_m/libarch__arm__core__cortex_m.a(vector_table.S.obj)
                0x0000000000008000                _vector_table
 *(SORT_BY_ALIGNMENT(.vectors))
                0x0000000000008144                _vector_end = .
                0x0000000000008040                . = ALIGN (0x4)
 *(SORT_BY_ALIGNMENT(.gnu.linkonce.irq_vector_table*))
 .gnu.linkonce.irq_vector_table
                0x0000000000008040      0x104 zephyr/arch/common/libisr_tables.a(isr_tables.c.obj)
                0x0000000000008040                _irq_vector_table
                0x0000000000008144                _vector_end = .

text            0x0000000000008148    0x10808
                0x0000000000008148                __text_region_start = .
 *(SORT_BY_ALIGNMENT(.text))
 .text          0x0000000000008148      0x168 c:/ncs/toolchains/0b393f9e1b/opt/zephyr-sdk/arm-zephyr-eabi/bin/../lib/gcc/arm-zephyr-eabi/12.2.0/thumb/v8-m.main/nofp\libgcc.a(_arm_mulsf3.o)
                0x0000000000008148                __aeabi_fmul
                0x0000000000008148                __mulsf3
 .text          0x00000000000082b0      0x378 c:/ncs/toolchains/0b393f9e1b/opt/zephyr-sdk/arm-zephyr-eabi/bin/../lib/gcc/arm-zephyr-eabi/12.2.0/thumb/v8-m.main/nofp\libgcc.a(_arm_addsubdf3.o)
                0x00000000000082b0                __aeabi_drsub
                0x00000000000082b8                __aeabi_dsub
                0x00000000000082b8                __subdf3
                0x00000000000082bc                __aeabi_dadd
                0x00000000000082bc                __adddf3
                0x0000000000008534                __floatunsidf
                0x0000000000008534                __aeabi_ui2d
                0x0000000000008554                __floatsidf
                0x0000000000008554                __aeabi_i2d
                0x0000000000008578                __aeabi_f2d
                0x0000000000008578                __extendsfdf2
                0x00000000000085bc                __floatundidf
                0x00000000000085bc                __aeabi_ul2d
                0x00000000000085cc                __floatdidf
                0x00000000000085cc                __aeabi_l2d
 .text          0x0000000000008628      0x21c c:/ncs/toolchains/0b393f9e1b/opt/zephyr-sdk/arm-zephyr-eabi/bin/../lib/gcc/arm-zephyr-eabi/12.2.0/thumb/v8-m.main/nofp\libgcc.a(_arm_addsubsf3.o)
                0x0000000000008628                __aeabi_frsub
                0x0000000000008630                __subsf3
                0x0000000000008630                __aeabi_fsub
                0x0000000000008634                __aeabi_fadd
                0x0000000000008634                __addsf3
                0x0000000000008794                __aeabi_ui2f
                0x0000000000008794                __floatunsisf
                0x000000000000879c                __aeabi_i2f
                0x000000000000879c                __floatsisf
                0x00000000000087b8                __aeabi_ul2f
                0x00000000000087b8                __floatundisf
                0x00000000000087c8                __aeabi_l2f
                0x00000000000087c8                __floatdisf
 .text          0x0000000000008844       0xec c:/ncs/toolchains/0b393f9e1b/opt/zephyr-sdk/arm-zephyr-eabi/bin/../lib/gcc/arm-zephyr-eabi/12.2.0/thumb/v8-m.main/nofp\libgcc.a(_arm_cmpsf2.o)
                0x0000000000008844                __gesf2
                0x0000000000008844                __gtsf2
                0x000000000000884c                __lesf2
                0x000000000000884c                __ltsf2
                0x0000000000008854                __nesf2
                0x0000000000008854                __eqsf2
                0x0000000000008854                __cmpsf2
                0x00000000000088b4                __aeabi_cfrcmple
                0x00000000000088bc                __aeabi_cfcmpeq
                0x00000000000088bc                __aeabi_cfcmple
                0x00000000000088cc                __aeabi_fcmpeq
                0x00000000000088e0                __aeabi_fcmplt
                0x00000000000088f4                __aeabi_fcmple
                0x0000000000008908                __aeabi_fcmpge
                0x000000000000891c                __aeabi_fcmpgt
 .text          0x0000000000008930       0xa0 c:/ncs/toolchains/0b393f9e1b/opt/zephyr-sdk/arm-zephyr-eabi/bin/../lib/gcc/arm-zephyr-eabi/12.2.0/thumb/v8-m.main/nofp\libgcc.a(_aeabi_ldivmod.o)
                0x0000000000008930                __aeabi_ldivmod
 .text          0x00000000000089d0       0x30 c:/ncs/toolchains/0b393f9e1b/opt/zephyr-sdk/arm-zephyr-eabi/bin/../lib/gcc/arm-zephyr-eabi/12.2.0/thumb/v8-m.main/nofp\libgcc.a(_aeabi_uldivmod.o)
                0x00000000000089d0                __aeabi_uldivmod
 .text          0x0000000000008a00        0x4 c:/ncs/toolchains/0b393f9e1b/opt/zephyr-sdk/arm-zephyr-eabi/bin/../lib/gcc/arm-zephyr-eabi/12.2.0/thumb/v8-m.main/nofp\libgcc.a(_dvmd_tls.o)
                0x0000000000008a00                __aeabi_idiv0
                0x0000000000008a00                __aeabi_ldiv0
 .text          0x0000000000008a04       0x14 c:\ncs\toolchains\0b393f9e1b\opt\zephyr-sdk\arm-zephyr-eabi\bin\../lib/gcc/../../picolibc/arm-zephyr-eabi/lib/thumb/v8-m.main/nofp\libc.a(strcmp.S.o)
                0x0000000000008a04                strcmp
 .text          0x0000000000008a18       0x10 c:\ncs\toolchains\0b393f9e1b\opt\zephyr-sdk\arm-zephyr-eabi\bin\../lib/gcc/../../picolibc/arm-zephyr-eabi/lib/thumb/v8-m.main/nofp\libc.a(strcpy.S.o)
                0x0000000000008a18                strcpy
 .text          0x0000000000008a28       0x10 c:\ncs\toolchains\0b393f9e1b\opt\zephyr-sdk\arm-zephyr-eabi\bin\../lib/gcc/../../picolibc/arm-zephyr-eabi/lib/thumb/v8-m.main/nofp\libc.a(strlen.S.o)
                0x0000000000008a28                strlen
 .text          0x0000000000008a38      0x29c c:/ncs/toolchains/0b393f9e1b/opt/zephyr-sdk/arm-zephyr-eabi/bin/../lib/gcc/arm-zephyr-eabi/12.2.0/thumb/v8-m.main/nofp\libgcc.a(_udivmoddi4.o)
                0x0000000000008a38                __udivmoddi4
 *(SORT_BY_ALIGNMENT(.text.*))
 *fill*         0x0000000000008cd4        0x4 
 .text.cmd_kernel_uptime
                0x0000000000008cd8       0xe8 zephyr/libzephyr.a(uptime.c.obj)
 .text.sensor_channel_get.constprop.0
                0x0000000000008dc0       0x18 app/libapp.a(main.c.obj)
 .text.bno_rd   0x0000000000008dd8       0x44 app/libapp.a(main.c.obj)
 .text.print_sensor_value
                0x0000000000008e1c       0x70 app/libapp.a(main.c.obj)
 .text.bno_wr8  0x0000000000008e8c       0x38 app/libapp.a(main.c.obj)
 .text.bno055_thread.part.0
                0x0000000000008ec4      0x374 app/libapp.a(main.c.obj)
 .text.bno055_thread
                0x0000000000009238       0x34 app/libapp.a(main.c.obj)
 .text.bme280_thread.part.0
                0x000000000000926c       0xec app/libapp.a(main.c.obj)
 .text.bme280_thread
                0x0000000000009358       0x30 app/libapp.a(main.c.obj)
 .text.main     0x0000000000009388       0x20 app/libapp.a(main.c.obj)
                0x0000000000009388                main
 .text.cbvprintf_package
                0x00000000000093a8      0x3a4 zephyr/libzephyr.a(cbprintf_packaged.c.obj)
                0x00000000000093a8                cbvprintf_package
 .text.cbprintf_package_convert
                0x000000000000974c      0x3d4 zephyr/libzephyr.a(cbprintf_packaged.c.obj)
                0x000000000000974c                cbprintf_package_convert
 .text.z_thread_entry
                0x0000000000009b20       0x34 zephyr/libzephyr.a(thread_entry.c.obj)
                0x0000000000009b20                z_thread_entry
 .text.process_event
                0x0000000000009b54      0x21c zephyr/libzephyr.a(onoff.c.obj)
 .text.activate_foreach_backend
                0x0000000000009d70       0x64 zephyr/libzephyr.a(log_core.c.obj)
 .text.enable_logger
                0x0000000000009dd4       0x5c zephyr/libzephyr.a(log_core.c.obj)
 .text.log_process_thread_timer_expiry_fn
                0x0000000000009e30        0xc zephyr/libzephyr.a(log_core.c.obj)
 .text.z_log_init
                0x0000000000009e3c       0x90 zephyr/libzephyr.a(log_core.c.obj)
 .text.log_set_timestamp_func
                0x0000000000009ecc       0x20 zephyr/libzephyr.a(log_core.c.obj)
                0x0000000000009ecc                log_set_timestamp_func
 .text.z_log_notify_backend_enabled
                0x0000000000009eec       0x1c zephyr/libzephyr.a(log_core.c.obj)
                0x0000000000009eec                z_log_notify_backend_enabled
 .text.z_log_dropped
                0x0000000000009f08       0x3c zephyr/libzephyr.a(log_core.c.obj)
                0x0000000000009f08                z_log_dropped
 .text.z_log_dropped_read_and_clear
                0x0000000000009f44       0x18 zephyr/libzephyr.a(log_core.c.obj)
                0x0000000000009f44                z_log_dropped_read_and_clear
 .text.dropped_notify
                0x0000000000009f5c       0x30 zephyr/libzephyr.a(log_core.c.obj)
                0x0000000000009f5c                dropped_notify
 .text.z_log_msg_init
                0x0000000000009f8c       0x20 zephyr/libzephyr.a(log_core.c.obj)
                0x0000000000009f8c                z_log_msg_init
 .text.log_core_init
                0x0000000000009fac       0x38 zephyr/libzephyr.a(log_core.c.obj)
                0x0000000000009fac                log_core_init
 .text.z_log_msg_alloc
                0x0000000000009fe4       0x10 zephyr/libzephyr.a(log_core.c.obj)
                0x0000000000009fe4                z_log_msg_alloc
 .text.z_log_msg_local_claim
                0x0000000000009ff4        0xc zephyr/libzephyr.a(log_core.c.obj)
                0x0000000000009ff4                z_log_msg_local_claim
 .text.z_log_msg_free
                0x000000000000a000       0x10 zephyr/libzephyr.a(log_core.c.obj)
                0x000000000000a000                z_log_msg_free
 .text.z_log_msg_pending
                0x000000000000a010        0xc zephyr/libzephyr.a(log_core.c.obj)
                0x000000000000a010                z_log_msg_pending
 .text.z_impl_log_process
                0x000000000000a01c       0xec zephyr/libzephyr.a(log_core.c.obj)
                0x000000000000a01c                z_impl_log_process
 .text.z_impl_log_panic
                0x000000000000a108       0x44 zephyr/libzephyr.a(log_core.c.obj)
                0x000000000000a108                z_impl_log_panic
 .text.log_process_thread_func
                0x000000000000a14c       0xa4 zephyr/libzephyr.a(log_core.c.obj)
 .text.z_log_msg_post_finalize
                0x000000000000a1f0       0x78 zephyr/libzephyr.a(log_core.c.obj)
 .text.z_log_msg_commit
                0x000000000000a268       0x24 zephyr/libzephyr.a(log_core.c.obj)
                0x000000000000a268                z_log_msg_commit
 .text.log_source_name_get
                0x000000000000a28c       0x1c zephyr/libzephyr.a(log_mgmt.c.obj)
                0x000000000000a28c                log_source_name_get
 .text.z_log_runtime_filters_init
                0x000000000000a2a8       0x3c zephyr/libzephyr.a(log_mgmt.c.obj)
                0x000000000000a2a8                z_log_runtime_filters_init
 .text.log_source_id_get
                0x000000000000a2e4       0x38 zephyr/libzephyr.a(log_mgmt.c.obj)
                0x000000000000a2e4                log_source_id_get
 .text.filter_set
                0x000000000000a31c       0xbc zephyr/libzephyr.a(log_mgmt.c.obj)
                0x000000000000a31c                filter_set
 .text.backend_filter_set
                0x000000000000a3d8       0x30 zephyr/libzephyr.a(log_mgmt.c.obj)
 .text.log_backend_enable
                0x000000000000a408       0x34 zephyr/libzephyr.a(log_mgmt.c.obj)
                0x000000000000a408                log_backend_enable
 .text.log_filter_get
                0x000000000000a43c       0x4c zephyr/libzephyr.a(log_mgmt.c.obj)
                0x000000000000a43c                log_filter_get
 .text.z_impl_z_log_msg_static_create
                0x000000000000a488      0x110 zephyr/libzephyr.a(log_msg.c.obj)
                0x000000000000a488                z_impl_z_log_msg_static_create
 .text.z_log_msg_runtime_vcreate
                0x000000000000a598       0xb0 zephyr/libzephyr.a(log_msg.c.obj)
                0x000000000000a598                z_log_msg_runtime_vcreate
 .text.log_msg_get_source_id
                0x000000000000a648       0x18 zephyr/libzephyr.a(log_msg.c.obj)
                0x000000000000a648                log_msg_get_source_id
 .text.print_formatted
                0x000000000000a660       0x24 zephyr/libzephyr.a(log_output.c.obj)
 .text.newline_print
                0x000000000000a684       0x1c zephyr/libzephyr.a(log_output.c.obj)
 .text.log_output_process
                0x000000000000a6a0      0x2d4 zephyr/libzephyr.a(log_output.c.obj)
                0x000000000000a6a0                log_output_process
 .text.log_output_dropped_process
                0x000000000000a974       0x58 zephyr/libzephyr.a(log_output.c.obj)
                0x000000000000a974                log_output_dropped_process
 .text.log_output_timestamp_freq_set
                0x000000000000a9cc       0x2c zephyr/libzephyr.a(log_output.c.obj)
                0x000000000000a9cc                log_output_timestamp_freq_set
 .text.mem_attr_get_regions
                0x000000000000a9f8        0xc zephyr/libzephyr.a(mem_attr.c.obj)
                0x000000000000a9f8                mem_attr_get_regions
 .text.cmd_kernel_cycles
                0x000000000000aa04       0x1c zephyr/libzephyr.a(cycles.c.obj)
 .text.cmd_kernel_sleep
                0x000000000000aa20       0x50 zephyr/libzephyr.a(sleep.c.obj)
 .text.cmd_kernel_version
                0x000000000000aa70       0x18 zephyr/libzephyr.a(version.c.obj)
 .text.cmd_kernel_log_level_set
                0x000000000000aa88       0x7c zephyr/libzephyr.a(log-level.c.obj)
 .text.cmd_kernel_thread_list
                0x000000000000ab04       0x34 zephyr/libzephyr.a(list.c.obj)
 .text.shell_tdata_dump
                0x000000000000ab38       0xc0 zephyr/libzephyr.a(list.c.obj)
 .text.cmd_kernel_thread_stacks
                0x000000000000abf8       0x70 zephyr/libzephyr.a(stacks.c.obj)
 .text.shell_stack_dump
                0x000000000000ac68       0x60 zephyr/libzephyr.a(stacks.c.obj)
 .text.cmd_device_list
                0x000000000000acc8       0xd8 zephyr/libzephyr.a(device_service.c.obj)
 .text.cmd_devmem
                0x000000000000ada0       0xc4 zephyr/libzephyr.a(devmem_service.c.obj)
 .text.cmd_dump
                0x000000000000ae64      0x178 zephyr/libzephyr.a(devmem_service.c.obj)
 .text.set_bypass.isra.0
                0x000000000000afdc       0x4c zephyr/libzephyr.a(devmem_service.c.obj)
 .text.bypass_cb
                0x000000000000b028      0x114 zephyr/libzephyr.a(devmem_service.c.obj)
 .text.cmd_load
                0x000000000000b13c       0xd8 zephyr/libzephyr.a(devmem_service.c.obj)
 .text.polling_rx_timeout_handler
                0x000000000000b214       0x50 zephyr/libzephyr.a(shell_uart.c.obj)
 .text.init     0x000000000000b264       0x50 zephyr/libzephyr.a(shell_uart.c.obj)
 .text.enable_shell_uart
                0x000000000000b2b4       0x38 zephyr/libzephyr.a(shell_uart.c.obj)
 .text.shell_internal_help_print
                0x000000000000b2ec       0x20 zephyr/libzephyr.a(shell.c.obj)
 .text.kill_handler
                0x000000000000b30c       0x54 zephyr/libzephyr.a(shell.c.obj)
 .text.z_cursor_next_line_move.isra.0
                0x000000000000b360        0xc zephyr/libzephyr.a(shell.c.obj)
 .text.history_handle
                0x000000000000b36c       0xac zephyr/libzephyr.a(shell.c.obj)
 .text.execute  0x000000000000b418      0x2c8 zephyr/libzephyr.a(shell.c.obj)
 .text.state_set.constprop.0
                0x000000000000b6e0       0x4c zephyr/libzephyr.a(shell.c.obj)
 .text.shell_process
                0x000000000000b72c      0x6b8 zephyr/libzephyr.a(shell.c.obj)
                0x000000000000b72c                shell_process
 .text.shell_thread
                0x000000000000bde4       0xd8 zephyr/libzephyr.a(shell.c.obj)
                0x000000000000bde4                shell_thread
 .text.cmd_help
                0x000000000000bebc       0x44 zephyr/libzephyr.a(shell.c.obj)
 .text.shell_hexdump_line
                0x000000000000bf00       0xcc zephyr/libzephyr.a(shell.c.obj)
                0x000000000000bf00                shell_hexdump_line
 .text.shell_init
                0x000000000000bfcc       0xe8 zephyr/libzephyr.a(shell.c.obj)
                0x000000000000bfcc                shell_init
 .text.z_shell_fprintf_fmt
                0x000000000000c0b4       0x28 zephyr/libzephyr.a(shell_fprintf.c.obj)
                0x000000000000c0b4                z_shell_fprintf_fmt
 .text.z_shell_cmd_get
                0x000000000000c0dc       0x74 zephyr/libzephyr.a(shell_utils.c.obj)
                0x000000000000c0dc                z_shell_cmd_get
 .text.shell_strtoul
                0x000000000000c150       0x50 zephyr/libzephyr.a(shell_utils.c.obj)
                0x000000000000c150                shell_strtoul
 .text.z_clear_eos
                0x000000000000c1a0       0x18 zephyr/libzephyr.a(shell_ops.c.obj)
 .text.z_cursor_next_line_move.isra.0
                0x000000000000c1b8        0xc zephyr/libzephyr.a(shell_ops.c.obj)
 .text.z_shell_op_cursor_vert_move
                0x000000000000c1c4       0x2c zephyr/libzephyr.a(shell_ops.c.obj)
                0x000000000000c1c4                z_shell_op_cursor_vert_move
 .text.z_shell_op_cursor_horiz_move
                0x000000000000c1f0       0x2c zephyr/libzephyr.a(shell_ops.c.obj)
                0x000000000000c1f0                z_shell_op_cursor_horiz_move
 .text.z_shell_print_cmd
                0x000000000000c21c       0x78 zephyr/libzephyr.a(shell_ops.c.obj)
                0x000000000000c21c                z_shell_print_cmd
 .text.z_shell_vt100_color_set
                0x000000000000c294       0x40 zephyr/libzephyr.a(shell_ops.c.obj)
                0x000000000000c294                z_shell_vt100_color_set
 .text.z_shell_vt100_colors_restore
                0x000000000000c2d4       0x3c zephyr/libzephyr.a(shell_ops.c.obj)
                0x000000000000c2d4                z_shell_vt100_colors_restore
 .text.z_shell_op_word_remove
                0x000000000000c310       0xc8 zephyr/libzephyr.a(shell_ops.c.obj)
                0x000000000000c310                z_shell_op_word_remove
 .text.reprint_from_cursor
                0x000000000000c3d8       0x7c zephyr/libzephyr.a(shell_ops.c.obj)
 .text.z_shell_op_char_insert
                0x000000000000c454       0x70 zephyr/libzephyr.a(shell_ops.c.obj)
                0x000000000000c454                z_shell_op_char_insert
 .text.z_shell_print_prompt_and_cmd
                0x000000000000c4c4       0x30 zephyr/libzephyr.a(shell_ops.c.obj)
                0x000000000000c4c4                z_shell_print_prompt_and_cmd
 .text.z_cursor_next_line_move.isra.0
                0x000000000000c4f4        0xc zephyr/libzephyr.a(shell_help.c.obj)
 .text.z_shell_help_subcmd_print
                0x000000000000c500       0xb4 zephyr/libzephyr.a(shell_help.c.obj)
                0x000000000000c500                z_shell_help_subcmd_print
 .text.z_shell_help_cmd_print
                0x000000000000c5b4       0x40 zephyr/libzephyr.a(shell_help.c.obj)
                0x000000000000c5b4                z_shell_help_cmd_print
 .text.z_shell_help_request
                0x000000000000c5f4       0x28 zephyr/libzephyr.a(shell_help.c.obj)
                0x000000000000c5f4                z_shell_help_request
 .text.cmd_resize_default
                0x000000000000c61c       0x2c zephyr/libzephyr.a(shell_cmds.c.obj)
 .text.cmd_shell_stats_show
                0x000000000000c648       0x14 zephyr/libzephyr.a(shell_cmds.c.obj)
 .text.cmd_backends
                0x000000000000c65c       0x4c zephyr/libzephyr.a(shell_cmds.c.obj)
 .text.cmd_prompt_off
                0x000000000000c6a8       0x10 zephyr/libzephyr.a(shell_cmds.c.obj)
 .text.cmd_history
                0x000000000000c6b8       0x40 zephyr/libzephyr.a(shell_cmds.c.obj)
 .text.cmd_get_retval
                0x000000000000c6f8       0x1c zephyr/libzephyr.a(shell_cmds.c.obj)
 .text.cmd_echo
                0x000000000000c714       0x50 zephyr/libzephyr.a(shell_cmds.c.obj)
 .text.cmd_clear
                0x000000000000c764       0x34 zephyr/libzephyr.a(shell_cmds.c.obj)
 .text.cmd_resize
                0x000000000000c798      0x1a0 zephyr/libzephyr.a(shell_cmds.c.obj)
 .text.z_shell_wildcard_process
                0x000000000000c938       0xe4 zephyr/libzephyr.a(shell_wildcard.c.obj)
                0x000000000000c938                z_shell_wildcard_process
 .text.boot_banner
                0x000000000000ca1c       0x1c zephyr/libzephyr.a(banner.c.obj)
                0x000000000000ca1c                boot_banner
 .text.z_arm_fatal_error
                0x000000000000ca38       0xe0 zephyr/arch/arch/arm/core/libarch__arm__core.a(fatal.c.obj)
                0x000000000000ca38                z_arm_fatal_error
 .text.z_SysNmiOnReset
                0x000000000000cb18        0x8 zephyr/arch/arch/arm/core/libarch__arm__core.a(nmi_on_reset.S.obj)
                0x000000000000cb18                z_SysNmiOnReset
 .text.arch_tls_stack_setup
                0x000000000000cb20       0x40 zephyr/arch/arch/arm/core/libarch__arm__core.a(tls.c.obj)
                0x000000000000cb20                arch_tls_stack_setup
 .text._HandlerModeExit
                0x000000000000cb60       0x28 zephyr/arch/arch/arm/core/cortex_m/libarch__arm__core__cortex_m.a(exc_exit.c.obj)
                0x000000000000cb60                z_arm_int_exit
                0x000000000000cb60                z_arm_exc_exit
 .text.mem_manage_fault.constprop.0
                0x000000000000cb88      0x100 zephyr/arch/arch/arm/core/cortex_m/libarch__arm__core__cortex_m.a(fault.c.obj)
 .text.usage_fault.constprop.0
                0x000000000000cc88       0xf8 zephyr/arch/arch/arm/core/cortex_m/libarch__arm__core__cortex_m.a(fault.c.obj)
 .text.bus_fault.constprop.0
                0x000000000000cd80      0x108 zephyr/arch/arch/arm/core/cortex_m/libarch__arm__core__cortex_m.a(fault.c.obj)
 .text.z_arm_fault
                0x000000000000ce88      0x218 zephyr/arch/arch/arm/core/cortex_m/libarch__arm__core__cortex_m.a(fault.c.obj)
                0x000000000000ce88                z_arm_fault
 .text.z_arm_fault_init
                0x000000000000d0a0       0x20 zephyr/arch/arch/arm/core/cortex_m/libarch__arm__core__cortex_m.a(fault.c.obj)
                0x000000000000d0a0                z_arm_fault_init
 .text.__fault  0x000000000000d0c0       0x14 zephyr/arch/arch/arm/core/cortex_m/libarch__arm__core__cortex_m.a(fault_s.S.obj)
                0x000000000000d0c0                z_arm_usage_fault
                0x000000000000d0c0                z_arm_mpu_fault
                0x000000000000d0c0                z_arm_exc_spurious
                0x000000000000d0c0                z_arm_debug_monitor
                0x000000000000d0c0                z_arm_hard_fault
                0x000000000000d0c0                z_arm_bus_fault
 .text._reset_section
                0x000000000000d0d4       0x6c zephyr/arch/arch/arm/core/cortex_m/libarch__arm__core__cortex_m.a(reset.S.obj)
                0x000000000000d0d4                __start
                0x000000000000d0d4                z_arm_reset
 .text.z_arm_clear_arm_mpu_config
                0x000000000000d140       0x24 zephyr/arch/arch/arm/core/cortex_m/libarch__arm__core__cortex_m.a(scb.c.obj)
                0x000000000000d140                z_arm_clear_arm_mpu_config
 .text.z_arm_init_arch_hw_at_boot
                0x000000000000d164       0x4c zephyr/arch/arch/arm/core/cortex_m/libarch__arm__core__cortex_m.a(scb.c.obj)
                0x000000000000d164                z_arm_init_arch_hw_at_boot
 .text.z_impl_k_thread_abort
                0x000000000000d1b0       0x2c zephyr/arch/arch/arm/core/cortex_m/libarch__arm__core__cortex_m.a(thread_abort.c.obj)
                0x000000000000d1b0                z_impl_k_thread_abort
 .text.z_arm_pendsv
                0x000000000000d1dc       0x74 zephyr/arch/arch/arm/core/cortex_m/libarch__arm__core__cortex_m.a(swap_helper.S.obj)
                0x000000000000d1dc                z_arm_pendsv
 .text.z_arm_svc
                0x000000000000d250       0x24 zephyr/arch/arch/arm/core/cortex_m/libarch__arm__core__cortex_m.a(swap_helper.S.obj)
                0x000000000000d250                z_arm_svc
 .text.arch_irq_enable
                0x000000000000d274       0x1c zephyr/arch/arch/arm/core/cortex_m/libarch__arm__core__cortex_m.a(irq_manage.c.obj)
                0x000000000000d274                arch_irq_enable
 .text.arch_irq_disable
                0x000000000000d290       0x28 zephyr/arch/arch/arm/core/cortex_m/libarch__arm__core__cortex_m.a(irq_manage.c.obj)
                0x000000000000d290                arch_irq_disable
 .text.arch_irq_is_enabled
                0x000000000000d2b8       0x1c zephyr/arch/arch/arm/core/cortex_m/libarch__arm__core__cortex_m.a(irq_manage.c.obj)
                0x000000000000d2b8                arch_irq_is_enabled
 .text.z_arm_irq_priority_set
                0x000000000000d2d4       0x2c zephyr/arch/arch/arm/core/cortex_m/libarch__arm__core__cortex_m.a(irq_manage.c.obj)
                0x000000000000d2d4                z_arm_irq_priority_set
 .text.z_prep_c
                0x000000000000d300       0x38 zephyr/arch/arch/arm/core/cortex_m/libarch__arm__core__cortex_m.a(prep_c.c.obj)
                0x000000000000d300                z_prep_c
 .text.arch_new_thread
                0x000000000000d338       0x40 zephyr/arch/arch/arm/core/cortex_m/libarch__arm__core__cortex_m.a(thread.c.obj)
                0x000000000000d338                arch_new_thread
 .text.arch_switch_to_main_thread
                0x000000000000d378       0x44 zephyr/arch/arch/arm/core/cortex_m/libarch__arm__core__cortex_m.a(thread.c.obj)
                0x000000000000d378                arch_switch_to_main_thread
 .text.z_arm_cpu_idle_init
                0x000000000000d3bc        0xc zephyr/arch/arch/arm/core/cortex_m/libarch__arm__core__cortex_m.a(cpu_idle.c.obj)
                0x000000000000d3bc                z_arm_cpu_idle_init
 .text.z_arm_interrupt_init
                0x000000000000d3c8       0x18 zephyr/arch/arch/arm/core/cortex_m/libarch__arm__core__cortex_m.a(irq_init.c.obj)
                0x000000000000d3c8                z_arm_interrupt_init
 .text._isr_wrapper
                0x000000000000d3e0       0x24 zephyr/arch/arch/arm/core/cortex_m/libarch__arm__core__cortex_m.a(isr_wrapper.c.obj)
                0x000000000000d3e0                _isr_wrapper
 .text.z_arm_configure_static_mpu_regions
                0x000000000000d404       0x38 zephyr/arch/arch/arm/core/mpu/libarch__arm__core__mpu.a(arm_core_mpu.c.obj)
                0x000000000000d404                z_arm_configure_static_mpu_regions
 .text.region_init
                0x000000000000d43c       0x34 zephyr/arch/arch/arm/core/mpu/libarch__arm__core__mpu.a(arm_mpu.c.obj)
 .text.region_allocate_and_init
                0x000000000000d470       0x40 zephyr/arch/arch/arm/core/mpu/libarch__arm__core__mpu.a(arm_mpu.c.obj)
 .text.mpu_configure_regions_and_partition.constprop.0
                0x000000000000d4b0      0x170 zephyr/arch/arch/arm/core/mpu/libarch__arm__core__mpu.a(arm_mpu.c.obj)
 .text.arm_core_mpu_enable
                0x000000000000d620       0x18 zephyr/arch/arch/arm/core/mpu/libarch__arm__core__mpu.a(arm_mpu.c.obj)
                0x000000000000d620                arm_core_mpu_enable
 .text.arm_core_mpu_disable
                0x000000000000d638       0x14 zephyr/arch/arch/arm/core/mpu/libarch__arm__core__mpu.a(arm_mpu.c.obj)
                0x000000000000d638                arm_core_mpu_disable
 .text.arm_core_mpu_configure_static_mpu_regions
                0x000000000000d64c       0x14 zephyr/arch/arch/arm/core/mpu/libarch__arm__core__mpu.a(arm_mpu.c.obj)
                0x000000000000d64c                arm_core_mpu_configure_static_mpu_regions
 .text.arm_core_mpu_mark_areas_for_dynamic_regions
                0x000000000000d660       0xb8 zephyr/arch/arch/arm/core/mpu/libarch__arm__core__mpu.a(arm_mpu.c.obj)
                0x000000000000d660                arm_core_mpu_mark_areas_for_dynamic_regions
 .text.z_arm_mpu_init
                0x000000000000d718      0x11c zephyr/arch/arch/arm/core/mpu/libarch__arm__core__mpu.a(arm_mpu.c.obj)
                0x000000000000d718                z_arm_mpu_init
 .text.cbvprintf
                0x000000000000d834       0x38 zephyr/lib/libc/picolibc/liblib__libc__picolibc.a(cbprintf.c.obj)
                0x000000000000d834                cbvprintf
 .text.malloc_prepare
                0x000000000000d86c       0x24 zephyr/lib/libc/common/liblib__libc__common.a(malloc.c.obj)
 .text.getopt_init
                0x000000000000d890       0x48 zephyr/lib/posix/options/liblib__posix__options.a(getopt.c.obj)
                0x000000000000d890                getopt_init
 .text.getopt   0x000000000000d8d8       0xf8 zephyr/lib/posix/options/liblib__posix__options.a(getopt.c.obj)
                0x000000000000d8d8                getopt
 .text.z_getopt_global_state_update
                0x000000000000d9d0       0x34 zephyr/lib/posix/options/liblib__posix__options.a(getopt_common.c.obj)
                0x000000000000d9d0                z_getopt_global_state_update
 .text.getopt_state_get
                0x000000000000da04        0x8 zephyr/lib/posix/options/liblib__posix__options.a(getopt_common.c.obj)
                0x000000000000da04                getopt_state_get
 .text.nordicsemi_nrf91_init
                0x000000000000da0c       0x10 zephyr/soc/soc/nrf9151/libsoc__nordic.a(soc.c.obj)
 .text.arch_busy_wait
                0x000000000000da1c       0x14 zephyr/soc/soc/nrf9151/libsoc__nordic.a(soc.c.obj)
                0x000000000000da1c                arch_busy_wait
 .text.onoff_stop
                0x000000000000da30       0x30 zephyr/drivers/clock_control/libdrivers__clock_control.a(clock_control_nrf.c.obj)
 .text.onoff_start
                0x000000000000da60       0x44 zephyr/drivers/clock_control/libdrivers__clock_control.a(clock_control_nrf.c.obj)
 .text.generic_hfclk_stop
                0x000000000000daa4       0x34 zephyr/drivers/clock_control/libdrivers__clock_control.a(clock_control_nrf.c.obj)
 .text.clk_init
                0x000000000000dad8       0x58 zephyr/drivers/clock_control/libdrivers__clock_control.a(clock_control_nrf.c.obj)
 .text.api_blocking_start
                0x000000000000db30       0x3c zephyr/drivers/clock_control/libdrivers__clock_control.a(clock_control_nrf.c.obj)
 .text.clkstarted_handle.constprop.0
                0x000000000000db6c       0x4c zephyr/drivers/clock_control/libdrivers__clock_control.a(clock_control_nrf.c.obj)
 .text.generic_hfclk_start
                0x000000000000dbb8       0x7c zephyr/drivers/clock_control/libdrivers__clock_control.a(clock_control_nrf.c.obj)
 .text.clock_event_handler
                0x000000000000dc34       0x1c zephyr/drivers/clock_control/libdrivers__clock_control.a(clock_control_nrf.c.obj)
 .text.z_nrf_clock_control_lf_on
                0x000000000000dc50       0xf4 zephyr/drivers/clock_control/libdrivers__clock_control.a(clock_control_nrf.c.obj)
                0x000000000000dc50                z_nrf_clock_control_lf_on
 .text.gpio_nrfx_init
                0x000000000000dd44       0x48 zephyr/drivers/gpio/libdrivers__gpio.a(gpio_nrfx.c.obj)
 .text.nrfx_gpio_handler
                0x000000000000dd8c       0x3c zephyr/drivers/gpio/libdrivers__gpio.a(gpio_nrfx.c.obj)
 .text.gpio_nrfx_pin_configure
                0x000000000000ddc8      0x17c zephyr/drivers/gpio/libdrivers__gpio.a(gpio_nrfx.c.obj)
 .text.gpio_nrfx_pin_interrupt_configure
                0x000000000000df44       0xf4 zephyr/drivers/gpio/libdrivers__gpio.a(gpio_nrfx.c.obj)
 .text.cmd_i2c_speed
                0x000000000000e038       0x8c zephyr/drivers/i2c/libdrivers__i2c.a(i2c_shell.c.obj)
 .text.i2c_read_to_buffer
                0x000000000000e0c4       0xb4 zephyr/drivers/i2c/libdrivers__i2c.a(i2c_shell.c.obj)
 .text.cmd_i2c_read_byte
                0x000000000000e178       0x38 zephyr/drivers/i2c/libdrivers__i2c.a(i2c_shell.c.obj)
 .text.cmd_i2c_scan
                0x000000000000e1b0       0xdc zephyr/drivers/i2c/libdrivers__i2c.a(i2c_shell.c.obj)
 .text.cmd_i2c_recover
                0x000000000000e28c       0x48 zephyr/drivers/i2c/libdrivers__i2c.a(i2c_shell.c.obj)
 .text.i2c_write_from_buffer
                0x000000000000e2d4       0xd4 zephyr/drivers/i2c/libdrivers__i2c.a(i2c_shell.c.obj)
 .text.event_handler
                0x000000000000e3a8       0x38 zephyr/drivers/i2c/libdrivers__i2c.a(i2c_nrfx_twim.c.obj)
 .text.i2c_nrfx_twim_transfer
                0x000000000000e3e0      0x194 zephyr/drivers/i2c/libdrivers__i2c.a(i2c_nrfx_twim.c.obj)
 .text.i2c_nrfx_twim_recover_bus
                0x000000000000e574       0x40 zephyr/drivers/i2c/libdrivers__i2c.a(i2c_nrfx_twim_common.c.obj)
                0x000000000000e574                i2c_nrfx_twim_recover_bus
 .text.i2c_nrfx_twim_configure
                0x000000000000e5b4       0x48 zephyr/drivers/i2c/libdrivers__i2c.a(i2c_nrfx_twim_common.c.obj)
                0x000000000000e5b4                i2c_nrfx_twim_configure
 .text.i2c_nrfx_twim_msg_transfer
                0x000000000000e5fc       0x88 zephyr/drivers/i2c/libdrivers__i2c.a(i2c_nrfx_twim_common.c.obj)
                0x000000000000e5fc                i2c_nrfx_twim_msg_transfer
 .text.i2c_nrfx_twim_common_init
                0x000000000000e684       0x7c zephyr/drivers/i2c/libdrivers__i2c.a(i2c_nrfx_twim_common.c.obj)
                0x000000000000e684                i2c_nrfx_twim_common_init
 .text.pinctrl_configure_pins
                0x000000000000e700      0x17c zephyr/drivers/pinctrl/libdrivers__pinctrl.a(pinctrl_nrf.c.obj)
                0x000000000000e700                pinctrl_configure_pins
 .text.bme280_channel_get
                0x000000000000e87c       0x7c zephyr/drivers/sensor/bosch/bme280/libdrivers__sensor__bosch__bme280.a(bme280.c.obj)
 .text.bme280_chip_init
                0x000000000000e8f8      0x164 zephyr/drivers/sensor/bosch/bme280/libdrivers__sensor__bosch__bme280.a(bme280.c.obj)
 .text.uarte_nrfx_poll_out
                0x000000000000ea5c       0xb4 zephyr/drivers/serial/libdrivers__serial.a(uart_nrfx_uarte.c.obj)
 .text.uarte_0_init
                0x000000000000eb10      0x120 zephyr/drivers/serial/libdrivers__serial.a(uart_nrfx_uarte.c.obj)
 .text.compare_int_lock
                0x000000000000ec30       0x40 zephyr/drivers/timer/libdrivers__timer.a(nrf_rtc_timer.c.obj)
 .text.sys_clock_timeout_handler
                0x000000000000ec70       0x48 zephyr/drivers/timer/libdrivers__timer.a(nrf_rtc_timer.c.obj)
 .text.compare_int_unlock
                0x000000000000ecb8       0x4c zephyr/drivers/timer/libdrivers__timer.a(nrf_rtc_timer.c.obj)
 .text.z_nrf_rtc_timer_read
                0x000000000000ed04       0x44 zephyr/drivers/timer/libdrivers__timer.a(nrf_rtc_timer.c.obj)
                0x000000000000ed04                z_nrf_rtc_timer_read
 .text.compare_set
                0x000000000000ed48      0x124 zephyr/drivers/timer/libdrivers__timer.a(nrf_rtc_timer.c.obj)
 .text.sys_clock_driver_init
                0x000000000000ee6c       0x90 zephyr/drivers/timer/libdrivers__timer.a(nrf_rtc_timer.c.obj)
 .text.rtc_nrf_isr
                0x000000000000eefc       0xd0 zephyr/drivers/timer/libdrivers__timer.a(nrf_rtc_timer.c.obj)
                0x000000000000eefc                rtc_nrf_isr
 .text.sys_clock_set_timeout
                0x000000000000efcc       0x5c zephyr/drivers/timer/libdrivers__timer.a(nrf_rtc_timer.c.obj)
                0x000000000000efcc                sys_clock_set_timeout
 .text.sys_clock_elapsed
                0x000000000000f028       0x14 zephyr/drivers/timer/libdrivers__timer.a(nrf_rtc_timer.c.obj)
                0x000000000000f028                sys_clock_elapsed
 .text.thread_monitor_entry_get
                0x000000000000f03c       0x48 modules/nrf/lib/nrf_modem_lib/lib..__nrf__lib__nrf_modem_lib.a(nrf_modem_os.c.obj)
 .text.on_init  0x000000000000f084       0x20 modules/nrf/lib/nrf_modem_lib/lib..__nrf__lib__nrf_modem_lib.a(nrf_modem_os.c.obj)
 .text.nrf_modem_os_timedwait
                0x000000000000f0a4      0x190 modules/nrf/lib/nrf_modem_lib/lib..__nrf__lib__nrf_modem_lib.a(nrf_modem_os.c.obj)
                0x000000000000f0a4                nrf_modem_os_timedwait
 .text.nrf_modem_os_errno_set
                0x000000000000f234       0x14 modules/nrf/lib/nrf_modem_lib/lib..__nrf__lib__nrf_modem_lib.a(nrf_modem_os.c.obj)
                0x000000000000f234                nrf_modem_os_errno_set
 .text.nrf_modem_os_sem_init
                0x000000000000f248       0x44 modules/nrf/lib/nrf_modem_lib/lib..__nrf__lib__nrf_modem_lib.a(nrf_modem_os.c.obj)
                0x000000000000f248                nrf_modem_os_sem_init
 .text.nrf_modem_os_event_notify
                0x000000000000f28c       0x38 modules/nrf/lib/nrf_modem_lib/lib..__nrf__lib__nrf_modem_lib.a(nrf_modem_os.c.obj)
                0x000000000000f28c                nrf_modem_os_event_notify
 .text.nrf_modem_os_alloc
                0x000000000000f2c4       0x10 modules/nrf/lib/nrf_modem_lib/lib..__nrf__lib__nrf_modem_lib.a(nrf_modem_os.c.obj)
                0x000000000000f2c4                nrf_modem_os_alloc
 .text.nrf_modem_os_free
                0x000000000000f2d4        0xc modules/nrf/lib/nrf_modem_lib/lib..__nrf__lib__nrf_modem_lib.a(nrf_modem_os.c.obj)
                0x000000000000f2d4                nrf_modem_os_free
 .text.nrf_modem_os_shm_tx_alloc
                0x000000000000f2e0       0x10 modules/nrf/lib/nrf_modem_lib/lib..__nrf__lib__nrf_modem_lib.a(nrf_modem_os.c.obj)
                0x000000000000f2e0                nrf_modem_os_shm_tx_alloc
 .text.nrf_modem_os_shm_tx_free
                0x000000000000f2f0        0xc modules/nrf/lib/nrf_modem_lib/lib..__nrf__lib__nrf_modem_lib.a(nrf_modem_os.c.obj)
                0x000000000000f2f0                nrf_modem_os_shm_tx_free
 .text.cfun_callback
                0x000000000000f2fc       0x24 modules/nrf/lib/nrf_modem_lib/lib..__nrf__lib__nrf_modem_lib.a(cfun_hooks.c.obj)
 .text.on_modem_init.part.0
                0x000000000000f320        0xc modules/nrf/lib/nrf_modem_lib/lib..__nrf__lib__nrf_modem_lib.a(cfun_hooks.c.obj)
 .text.on_modem_init
                0x000000000000f32c       0x24 modules/nrf/lib/nrf_modem_lib/lib..__nrf__lib__nrf_modem_lib.a(cfun_hooks.c.obj)
 .text.set_antenna_configuration.part.0
                0x000000000000f350       0x30 modules/nrf/lib/modem_antenna/lib..__nrf__lib__modem_antenna.a(modem_antenna.c.obj)
 .text.on_modem_lib_init.part.0
                0x000000000000f380       0x3c modules/nrf/lib/modem_antenna/lib..__nrf__lib__modem_antenna.a(modem_antenna.c.obj)
 .text.on_modem_lib_init
                0x000000000000f3bc       0x24 modules/nrf/lib/modem_antenna/lib..__nrf__lib__modem_antenna.a(modem_antenna.c.obj)
 .text.ns_fault_init
                0x000000000000f3e0       0x34 modules/nrf/modules/trusted-firmware-m/lib..__nrf__modules__trusted-firmware-m.a(fault.c.obj)
 .text.arm_fault
                0x000000000000f414      0x2d0 modules/nrf/modules/trusted-firmware-m/lib..__nrf__modules__trusted-firmware-m.a(fault.c.obj)
                0x000000000000f414                arm_fault
 .text.tfm_ns_fault_handler_callback
                0x000000000000f6e4       0x48 modules/nrf/modules/trusted-firmware-m/lib..__nrf__modules__trusted-firmware-m.a(fault.c.obj)
                0x000000000000f6e4                tfm_ns_fault_handler_callback
 .text.tfm_ns_interface_dispatch
                0x000000000000f72c       0x64 modules/trusted-firmware-m/libtfm_api.a(interface.c.obj)
                0x000000000000f72c                tfm_ns_interface_dispatch
 .text.tfm_platform_ioctl
                0x000000000000f790       0x4c modules/trusted-firmware-m/libtfm_api.a(tfm_platform_api.c.obj)
                0x000000000000f790                tfm_platform_ioctl
 .text.psa_call
                0x000000000000f7dc       0x34 modules/trusted-firmware-m/libtfm_api.a(tfm_tz_psa_ns_api.c.obj)
                0x000000000000f7dc                psa_call
 .text.nrfx_flag32_alloc
                0x000000000000f810       0x40 modules/hal_nordic/modules/hal_nordic/nrfx/libmodules__hal_nordic__nrfx.a(nrfx_flag32_allocator.c.obj)
                0x000000000000f810                nrfx_flag32_alloc
 .text.nrfx_flag32_free
                0x000000000000f850       0x38 modules/hal_nordic/modules/hal_nordic/nrfx/libmodules__hal_nordic__nrfx.a(nrfx_flag32_allocator.c.obj)
                0x000000000000f850                nrfx_flag32_free
 .text.nrfx_gppi_channels_enable
                0x000000000000f888        0xc modules/hal_nordic/modules/hal_nordic/nrfx/libmodules__hal_nordic__nrfx.a(nrfx_gppi_dppi.c.obj)
                0x000000000000f888                nrfx_gppi_channels_enable
 .text.nrfx_gppi_channel_alloc
                0x000000000000f894        0xc modules/hal_nordic/modules/hal_nordic/nrfx/libmodules__hal_nordic__nrfx.a(nrfx_gppi_dppi.c.obj)
                0x000000000000f894                nrfx_gppi_channel_alloc
 .text.clock_stop
                0x000000000000f8a0       0xbc modules/hal_nordic/modules/hal_nordic/nrfx/libmodules__hal_nordic__nrfx.a(nrfx_clock.c.obj)
 .text.nrfx_clock_init
                0x000000000000f95c       0x20 modules/hal_nordic/modules/hal_nordic/nrfx/libmodules__hal_nordic__nrfx.a(nrfx_clock.c.obj)
                0x000000000000f95c                nrfx_clock_init
 .text.nrfx_clock_enable
                0x000000000000f97c       0x28 modules/hal_nordic/modules/hal_nordic/nrfx/libmodules__hal_nordic__nrfx.a(nrfx_clock.c.obj)
                0x000000000000f97c                nrfx_clock_enable
 .text.nrfx_clock_start
                0x000000000000f9a4       0xb8 modules/hal_nordic/modules/hal_nordic/nrfx/libmodules__hal_nordic__nrfx.a(nrfx_clock.c.obj)
                0x000000000000f9a4                nrfx_clock_start
 .text.nrfx_power_clock_irq_handler
                0x000000000000fa5c       0x74 modules/hal_nordic/modules/hal_nordic/nrfx/libmodules__hal_nordic__nrfx.a(nrfx_clock.c.obj)
                0x000000000000fa5c                nrfx_power_clock_irq_handler
 .text.nrfx_dppi_channel_alloc
                0x000000000000fad0       0x10 modules/hal_nordic/modules/hal_nordic/nrfx/libmodules__hal_nordic__nrfx.a(nrfx_dppi.c.obj)
                0x000000000000fad0                nrfx_dppi_channel_alloc
 .text.nrf_gpio_pin_port_decode
                0x000000000000fae0       0x18 modules/hal_nordic/modules/hal_nordic/nrfx/libmodules__hal_nordic__nrfx.a(nrfx_gpiote.c.obj)
 .text.call_handler.constprop.0
                0x000000000000faf8       0x3c modules/hal_nordic/modules/hal_nordic/nrfx/libmodules__hal_nordic__nrfx.a(nrfx_gpiote.c.obj)
 .text.latch_pending_read_and_check
                0x000000000000fb34       0x1c modules/hal_nordic/modules/hal_nordic/nrfx/libmodules__hal_nordic__nrfx.a(nrfx_gpiote.c.obj)
 .text.release_handler.isra.0
                0x000000000000fb50       0x54 modules/hal_nordic/modules/hal_nordic/nrfx/libmodules__hal_nordic__nrfx.a(nrfx_gpiote.c.obj)
 .text.__nrfy_internal_gpiote_events_process.constprop.0
                0x000000000000fba4       0x5c modules/hal_nordic/modules/hal_nordic/nrfx/libmodules__hal_nordic__nrfx.a(nrfx_gpiote.c.obj)
 .text.pin_trigger_disable
                0x000000000000fc00       0x40 modules/hal_nordic/modules/hal_nordic/nrfx/libmodules__hal_nordic__nrfx.a(nrfx_gpiote.c.obj)
 .text.pin_uninit
                0x000000000000fc40       0x78 modules/hal_nordic/modules/hal_nordic/nrfx/libmodules__hal_nordic__nrfx.a(nrfx_gpiote.c.obj)
 .text.nrfx_gpiote_input_configure
                0x000000000000fcb8      0x15c modules/hal_nordic/modules/hal_nordic/nrfx/libmodules__hal_nordic__nrfx.a(nrfx_gpiote.c.obj)
                0x000000000000fcb8                nrfx_gpiote_input_configure
 .text.nrfx_gpiote_output_configure
                0x000000000000fe14       0xf0 modules/hal_nordic/modules/hal_nordic/nrfx/libmodules__hal_nordic__nrfx.a(nrfx_gpiote.c.obj)
                0x000000000000fe14                nrfx_gpiote_output_configure
 .text.nrfx_gpiote_global_callback_set
                0x000000000000ff04        0xc modules/hal_nordic/modules/hal_nordic/nrfx/libmodules__hal_nordic__nrfx.a(nrfx_gpiote.c.obj)
                0x000000000000ff04                nrfx_gpiote_global_callback_set
 .text.nrfx_gpiote_channel_get
                0x000000000000ff10       0x24 modules/hal_nordic/modules/hal_nordic/nrfx/libmodules__hal_nordic__nrfx.a(nrfx_gpiote.c.obj)
                0x000000000000ff10                nrfx_gpiote_channel_get
 .text.nrfx_gpiote_init
                0x000000000000ff34       0x64 modules/hal_nordic/modules/hal_nordic/nrfx/libmodules__hal_nordic__nrfx.a(nrfx_gpiote.c.obj)
                0x000000000000ff34                nrfx_gpiote_init
 .text.nrfx_gpiote_init_check
                0x000000000000ff98       0x14 modules/hal_nordic/modules/hal_nordic/nrfx/libmodules__hal_nordic__nrfx.a(nrfx_gpiote.c.obj)
                0x000000000000ff98                nrfx_gpiote_init_check
 .text.nrfx_gpiote_channel_free
                0x000000000000ffac        0xc modules/hal_nordic/modules/hal_nordic/nrfx/libmodules__hal_nordic__nrfx.a(nrfx_gpiote.c.obj)
                0x000000000000ffac                nrfx_gpiote_channel_free
 .text.nrfx_gpiote_channel_alloc
                0x000000000000ffb8        0xc modules/hal_nordic/modules/hal_nordic/nrfx/libmodules__hal_nordic__nrfx.a(nrfx_gpiote.c.obj)
                0x000000000000ffb8                nrfx_gpiote_channel_alloc
 .text.nrfx_gpiote_trigger_enable
                0x000000000000ffc4       0x94 modules/hal_nordic/modules/hal_nordic/nrfx/libmodules__hal_nordic__nrfx.a(nrfx_gpiote.c.obj)
                0x000000000000ffc4                nrfx_gpiote_trigger_enable
 .text.nrfx_gpiote_1_irq_handler
                0x0000000000010058      0x15c modules/hal_nordic/modules/hal_nordic/nrfx/libmodules__hal_nordic__nrfx.a(nrfx_gpiote.c.obj)
                0x0000000000010058                nrfx_gpiote_1_irq_handler
 .text.nrfx_ipc_init
                0x00000000000101b4       0x30 modules/hal_nordic/modules/hal_nordic/nrfx/libmodules__hal_nordic__nrfx.a(nrfx_ipc.c.obj)
                0x00000000000101b4                nrfx_ipc_init
 .text.nrfx_ipc_config_load
                0x00000000000101e4       0x40 modules/hal_nordic/modules/hal_nordic/nrfx/libmodules__hal_nordic__nrfx.a(nrfx_ipc.c.obj)
                0x00000000000101e4                nrfx_ipc_config_load
 .text.nrfx_ipc_uninit
                0x0000000000010224       0x64 modules/hal_nordic/modules/hal_nordic/nrfx/libmodules__hal_nordic__nrfx.a(nrfx_ipc.c.obj)
                0x0000000000010224                nrfx_ipc_uninit
 .text.nrfx_ipc_receive_event_enable
                0x0000000000010288       0x10 modules/hal_nordic/modules/hal_nordic/nrfx/libmodules__hal_nordic__nrfx.a(nrfx_ipc.c.obj)
                0x0000000000010288                nrfx_ipc_receive_event_enable
 .text.nrfx_ipc_receive_event_disable
                0x0000000000010298       0x10 modules/hal_nordic/modules/hal_nordic/nrfx/libmodules__hal_nordic__nrfx.a(nrfx_ipc.c.obj)
                0x0000000000010298                nrfx_ipc_receive_event_disable
 .text.nrfx_ipc_irq_handler
                0x00000000000102a8       0x40 modules/hal_nordic/modules/hal_nordic/nrfx/libmodules__hal_nordic__nrfx.a(nrfx_ipc.c.obj)
                0x00000000000102a8                nrfx_ipc_irq_handler
 .text.twim_configure
                0x00000000000102e8       0x3c modules/hal_nordic/modules/hal_nordic/nrfx/libmodules__hal_nordic__nrfx.a(nrfx_twim.c.obj)
 .text.pins_configure
                0x0000000000010324       0x60 modules/hal_nordic/modules/hal_nordic/nrfx/libmodules__hal_nordic__nrfx.a(nrfx_twim.c.obj)
 .text.irq_handler
                0x0000000000010384      0x16c modules/hal_nordic/modules/hal_nordic/nrfx/libmodules__hal_nordic__nrfx.a(nrfx_twim.c.obj)
 .text.nrfx_twim_init
                0x00000000000104f0       0x74 modules/hal_nordic/modules/hal_nordic/nrfx/libmodules__hal_nordic__nrfx.a(nrfx_twim.c.obj)
                0x00000000000104f0                nrfx_twim_init
 .text.nrfx_twim_enable
                0x0000000000010564       0x20 modules/hal_nordic/modules/hal_nordic/nrfx/libmodules__hal_nordic__nrfx.a(nrfx_twim.c.obj)
                0x0000000000010564                nrfx_twim_enable
 .text.nrfx_twim_disable
                0x0000000000010584       0x3c modules/hal_nordic/modules/hal_nordic/nrfx/libmodules__hal_nordic__nrfx.a(nrfx_twim.c.obj)
                0x0000000000010584                nrfx_twim_disable
 .text.nrfx_twim_xfer
                0x00000000000105c0      0x350 modules/hal_nordic/modules/hal_nordic/nrfx/libmodules__hal_nordic__nrfx.a(nrfx_twim.c.obj)
                0x00000000000105c0                nrfx_twim_xfer
 .text.nrfx_twim_2_irq_handler
                0x0000000000010910       0x10 modules/hal_nordic/modules/hal_nordic/nrfx/libmodules__hal_nordic__nrfx.a(nrfx_twim.c.obj)
                0x0000000000010910                nrfx_twim_2_irq_handler
 .text.nrf_gpio_pin_port_decode
                0x0000000000010920       0x18 modules/hal_nordic/modules/hal_nordic/nrfx/libmodules__hal_nordic__nrfx.a(nrfx_twi_twim.c.obj)
 .text.nrfx_twi_twim_bus_recover
                0x0000000000010938       0xd4 modules/hal_nordic/modules/hal_nordic/nrfx/libmodules__hal_nordic__nrfx.a(nrfx_twi_twim.c.obj)
                0x0000000000010938                nrfx_twi_twim_bus_recover
 .text.nrf_modem_fault_handler_internal
                0x0000000000010a0c       0x18 C:/ncs/v3.0.2/nrfxlib/nrf_modem/lib/cellular/nrf9120/soft-float/libmodem.a(nrf_modem_fault.c.obj)
                0x0000000000010a0c                nrf_modem_fault_handler_internal
 .text.nrf_modem_state_set
                0x0000000000010a24        0xc C:/ncs/v3.0.2/nrfxlib/nrf_modem/lib/cellular/nrf9120/soft-float/libmodem.a(nrf_modem_state.c.obj)
                0x0000000000010a24                nrf_modem_state_set
 .text.nrf_modem_state_is_initialized
                0x0000000000010a30       0x10 C:/ncs/v3.0.2/nrfxlib/nrf_modem/lib/cellular/nrf9120/soft-float/libmodem.a(nrf_modem_state.c.obj)
                0x0000000000010a30                nrf_modem_state_is_initialized
 .text.rpc_handle_data_message
                0x0000000000010a40       0x38 C:/ncs/v3.0.2/nrfxlib/nrf_modem/lib/cellular/nrf9120/soft-float/libmodem.a(rpc_framework.c.obj)
                0x0000000000010a40                rpc_handle_data_message
 .text.rpc_transport_msg_alloc
                0x0000000000010a78        0xc C:/ncs/v3.0.2/nrfxlib/nrf_modem/lib/cellular/nrf9120/soft-float/libmodem.a(rpc_transport.c.obj)
                0x0000000000010a78                rpc_transport_msg_alloc
 .text.rpc_transport_msg_data_rx_free
                0x0000000000010a84        0xc C:/ncs/v3.0.2/nrfxlib/nrf_modem/lib/cellular/nrf9120/soft-float/libmodem.a(rpc_transport.c.obj)
                0x0000000000010a84                rpc_transport_msg_data_rx_free
 .text.rpc_transport_msg_send
                0x0000000000010a90        0xc C:/ncs/v3.0.2/nrfxlib/nrf_modem/lib/cellular/nrf9120/soft-float/libmodem.a(rpc_transport.c.obj)
                0x0000000000010a90                rpc_transport_msg_send
 .text.rpc_transport_ipc_msg_data_tx_size
                0x0000000000010a9c        0xc C:/ncs/v3.0.2/nrfxlib/nrf_modem/lib/cellular/nrf9120/soft-float/libmodem.a(rpc_transport_ipc.c.obj)
 .text.rpc_transport_ipc_msg_tx_free
                0x0000000000010aa8       0x38 C:/ncs/v3.0.2/nrfxlib/nrf_modem/lib/cellular/nrf9120/soft-float/libmodem.a(rpc_transport_ipc.c.obj)
 .text.handle_modem_rpc_msg
                0x0000000000010ae0       0x68 C:/ncs/v3.0.2/nrfxlib/nrf_modem/lib/cellular/nrf9120/soft-float/libmodem.a(rpc_transport_ipc.c.obj)
 .text.rpc_message_handler
                0x0000000000010b48       0x24 C:/ncs/v3.0.2/nrfxlib/nrf_modem/lib/cellular/nrf9120/soft-float/libmodem.a(rpc_transport_ipc.c.obj)
 .text.ipc_irq_handler
                0x0000000000010b6c       0xec C:/ncs/v3.0.2/nrfxlib/nrf_modem/lib/cellular/nrf9120/soft-float/libmodem.a(rpc_transport_ipc.c.obj)
                0x0000000000010b6c                ipc_irq_handler
 .text.rpc_transport_ipc_ctrl_msg_alloc
                0x0000000000010c58       0x44 C:/ncs/v3.0.2/nrfxlib/nrf_modem/lib/cellular/nrf9120/soft-float/libmodem.a(rpc_transport_ipc.c.obj)
 .text.rpc_transport_ipc_data_msg_alloc
                0x0000000000010c9c       0x24 C:/ncs/v3.0.2/nrfxlib/nrf_modem/lib/cellular/nrf9120/soft-float/libmodem.a(rpc_transport_ipc.c.obj)
 .text.rpc_transport_ipc_data_msg_send
                0x0000000000010cc0       0x6c C:/ncs/v3.0.2/nrfxlib/nrf_modem/lib/cellular/nrf9120/soft-float/libmodem.a(rpc_transport_ipc.c.obj)
 .text.rpc_transport_ipc_init
                0x0000000000010d2c      0x1dc C:/ncs/v3.0.2/nrfxlib/nrf_modem/lib/cellular/nrf9120/soft-float/libmodem.a(rpc_transport_ipc.c.obj)
 .text.rpc_transport_ipc_ctrl_msg_send
                0x0000000000010f08       0x6c C:/ncs/v3.0.2/nrfxlib/nrf_modem/lib/cellular/nrf9120/soft-float/libmodem.a(rpc_transport_ipc.c.obj)
 .text.rpc_transport_ipc_request_shutdown
                0x0000000000010f74       0x38 C:/ncs/v3.0.2/nrfxlib/nrf_modem/lib/cellular/nrf9120/soft-float/libmodem.a(rpc_transport_ipc.c.obj)
 .text.rpc_transport_ipc_msg_data_rx_free
                0x0000000000010fac       0x30 C:/ncs/v3.0.2/nrfxlib/nrf_modem/lib/cellular/nrf9120/soft-float/libmodem.a(rpc_transport_ipc.c.obj)
 .text.cfun_post_modem
                0x0000000000010fdc       0x14 C:/ncs/v3.0.2/nrfxlib/nrf_modem/lib/cellular/nrf9120/soft-float/libmodem.a(nrf_modem_at.c.obj)
 .text.at_cmd_vsprintf
                0x0000000000010ff0       0x50 C:/ncs/v3.0.2/nrfxlib/nrf_modem/lib/cellular/nrf9120/soft-float/libmodem.a(nrf_modem_at.c.obj)
 .text.cfun_pre_modem
                0x0000000000011040       0x44 C:/ncs/v3.0.2/nrfxlib/nrf_modem/lib/cellular/nrf9120/soft-float/libmodem.a(nrf_modem_at.c.obj)
 .text.at_cmd_send
                0x0000000000011084       0x68 C:/ncs/v3.0.2/nrfxlib/nrf_modem/lib/cellular/nrf9120/soft-float/libmodem.a(nrf_modem_at.c.obj)
 .text.at_response_match
                0x00000000000110ec       0x48 C:/ncs/v3.0.2/nrfxlib/nrf_modem/lib/cellular/nrf9120/soft-float/libmodem.a(nrf_modem_at.c.obj)
 .text.nrf_modem_at_cfun_handler_set
                0x0000000000011134        0xc C:/ncs/v3.0.2/nrfxlib/nrf_modem/lib/cellular/nrf9120/soft-float/libmodem.a(nrf_modem_at.c.obj)
                0x0000000000011134                nrf_modem_at_cfun_handler_set
 .text.nrf_modem_at_printf
                0x0000000000011140       0xc8 C:/ncs/v3.0.2/nrfxlib/nrf_modem/lib/cellular/nrf9120/soft-float/libmodem.a(nrf_modem_at.c.obj)
                0x0000000000011140                nrf_modem_at_printf
 .text.rpc_at_event_handler
                0x0000000000011208       0x88 C:/ncs/v3.0.2/nrfxlib/nrf_modem/lib/cellular/nrf9120/soft-float/libmodem.a(nrf_modem_at.c.obj)
                0x0000000000011208                rpc_at_event_handler
 .text.sock_unref.isra.0
                0x0000000000011290       0x3c C:/ncs/v3.0.2/nrfxlib/nrf_modem/lib/cellular/nrf9120/soft-float/libmodem.a(sock.c.obj)
 .text.sock_find
                0x00000000000112cc       0x24 C:/ncs/v3.0.2/nrfxlib/nrf_modem/lib/cellular/nrf9120/soft-float/libmodem.a(sock.c.obj)
                0x00000000000112cc                sock_find
 .text._sock_close
                0x00000000000112f0       0x30 C:/ncs/v3.0.2/nrfxlib/nrf_modem/lib/cellular/nrf9120/soft-float/libmodem.a(sock.c.obj)
                0x00000000000112f0                _sock_close
 .text.sock_rpc_flow_control_set
                0x0000000000011320       0x50 C:/ncs/v3.0.2/nrfxlib/nrf_modem/lib/cellular/nrf9120/soft-float/libmodem.a(sock.c.obj)
                0x0000000000011320                sock_rpc_flow_control_set
 .text.on_getaddrinfo_res
                0x0000000000011370       0x28 C:/ncs/v3.0.2/nrfxlib/nrf_modem/lib/cellular/nrf9120/soft-float/libmodem.a(dns.c.obj)
                0x0000000000011370                on_getaddrinfo_res
 .text.rpc_ip_event_handler
                0x0000000000011398      0x2d8 C:/ncs/v3.0.2/nrfxlib/nrf_modem/lib/cellular/nrf9120/soft-float/libmodem.a(ip.c.obj)
                0x0000000000011398                rpc_ip_event_handler
 .text.on_tls_attach_res
                0x0000000000011670       0x30 C:/ncs/v3.0.2/nrfxlib/nrf_modem/lib/cellular/nrf9120/soft-float/libmodem.a(tls.c.obj)
                0x0000000000011670                on_tls_attach_res
 .text.on_tls_handshake_ntf
                0x00000000000116a0       0x3c C:/ncs/v3.0.2/nrfxlib/nrf_modem/lib/cellular/nrf9120/soft-float/libmodem.a(tls.c.obj)
                0x00000000000116a0                on_tls_handshake_ntf
 .text.tls_attach
                0x00000000000116dc      0x108 C:/ncs/v3.0.2/nrfxlib/nrf_modem/lib/cellular/nrf9120/soft-float/libmodem.a(tls.c.obj)
                0x00000000000116dc                tls_attach
 .text.rpc_gnss_event_handler
                0x00000000000117e4      0x138 C:/ncs/v3.0.2/nrfxlib/nrf_modem/lib/cellular/nrf9120/soft-float/libmodem.a(nrf_modem_gnss.c.obj)
                0x00000000000117e4                rpc_gnss_event_handler
 .text.rpc_softsim_event_handler
                0x000000000001191c       0x24 C:/ncs/v3.0.2/nrfxlib/nrf_modem/lib/cellular/nrf9120/soft-float/libmodem.a(nrf_modem_softsim.c.obj)
                0x000000000001191c                rpc_softsim_event_handler
 .text.ipc_trace_init
                0x0000000000011940       0x40 C:/ncs/v3.0.2/nrfxlib/nrf_modem/lib/cellular/nrf9120/soft-float/libmodem.a(ipc_trace.c.obj)
                0x0000000000011940                ipc_trace_init
 .text.ipc_trace_uninit
                0x0000000000011980       0x10 C:/ncs/v3.0.2/nrfxlib/nrf_modem/lib/cellular/nrf9120/soft-float/libmodem.a(ipc_trace.c.obj)
                0x0000000000011980                ipc_trace_uninit
 .text.ipc_trace_handler
                0x0000000000011990       0xb4 C:/ncs/v3.0.2/nrfxlib/nrf_modem/lib/cellular/nrf9120/soft-float/libmodem.a(ipc_trace.c.obj)
                0x0000000000011990                ipc_trace_handler
 .text.z_device_get_all_static
                0x0000000000011a44       0x18 zephyr/kernel/libkernel.a(device.c.obj)
                0x0000000000011a44                z_device_get_all_static
 .text.z_impl_device_get_binding
                0x0000000000011a5c       0x48 zephyr/kernel/libkernel.a(device.c.obj)
                0x0000000000011a5c                z_impl_device_get_binding
 .text.z_impl_device_get_by_dt_nodelabel
                0x0000000000011aa4       0x5c zephyr/kernel/libkernel.a(device.c.obj)
                0x0000000000011aa4                z_impl_device_get_by_dt_nodelabel
 .text.k_sys_fatal_error_handler
                0x0000000000011b00       0x28 zephyr/kernel/libkernel.a(fatal.c.obj)
                0x0000000000011b00                k_sys_fatal_error_handler
 .text.z_fatal_error
                0x0000000000011b28      0x110 zephyr/kernel/libkernel.a(fatal.c.obj)
                0x0000000000011b28                z_fatal_error
 .text.z_sys_init_run_level
                0x0000000000011c38       0x2c zephyr/kernel/libkernel.a(init.c.obj)
 .text.bg_thread_main
                0x0000000000011c64       0xc4 zephyr/kernel/libkernel.a(init.c.obj)
 .text.z_bss_zero
                0x0000000000011d28       0x18 zephyr/kernel/libkernel.a(init.c.obj)
                0x0000000000011d28                z_bss_zero
 .text.z_init_cpu
                0x0000000000011d40       0x70 zephyr/kernel/libkernel.a(init.c.obj)
                0x0000000000011d40                z_init_cpu
 .text.z_cstart
                0x0000000000011db0       0xe4 zephyr/kernel/libkernel.a(init.c.obj)
                0x0000000000011db0                z_cstart
 .text.statics_init
                0x0000000000011e94       0x24 zephyr/kernel/libkernel.a(kheap.c.obj)
 .text.z_impl_k_mutex_lock
                0x0000000000011eb8       0xf0 zephyr/kernel/libkernel.a(mutex.c.obj)
                0x0000000000011eb8                z_impl_k_mutex_lock
 .text.z_impl_k_mutex_unlock
                0x0000000000011fa8       0xa0 zephyr/kernel/libkernel.a(mutex.c.obj)
                0x0000000000011fa8                z_impl_k_mutex_unlock
 .text.z_impl_k_sem_give
                0x0000000000012048       0x68 zephyr/kernel/libkernel.a(sem.c.obj)
                0x0000000000012048                z_impl_k_sem_give
 .text.z_impl_k_sem_take
                0x00000000000120b0       0x4c zephyr/kernel/libkernel.a(sem.c.obj)
                0x00000000000120b0                z_impl_k_sem_take
 .text.z_impl_k_thread_name_set
                0x00000000000120fc       0x20 zephyr/kernel/libkernel.a(thread.c.obj)
                0x00000000000120fc                z_impl_k_thread_name_set
 .text.k_thread_state_str
                0x000000000001211c       0x84 zephyr/kernel/libkernel.a(thread.c.obj)
                0x000000000001211c                k_thread_state_str
 .text.z_setup_new_thread
                0x00000000000121a0       0xd4 zephyr/kernel/libkernel.a(thread.c.obj)
                0x00000000000121a0                z_setup_new_thread
 .text.z_impl_k_thread_create
                0x0000000000012274       0x58 zephyr/kernel/libkernel.a(thread.c.obj)
                0x0000000000012274                z_impl_k_thread_create
 .text.z_swap_irqlock
                0x00000000000122cc       0x34 zephyr/kernel/libkernel.a(sched.c.obj)
 .text.ready_thread
                0x0000000000012300       0x90 zephyr/kernel/libkernel.a(sched.c.obj)
 .text.unready_thread
                0x0000000000012390       0x54 zephyr/kernel/libkernel.a(sched.c.obj)
 .text.move_thread_to_end_of_prio_q
                0x00000000000123e4       0x90 zephyr/kernel/libkernel.a(sched.c.obj)
                0x00000000000123e4                move_thread_to_end_of_prio_q
 .text.z_pend_curr
                0x0000000000012474       0x58 zephyr/kernel/libkernel.a(sched.c.obj)
                0x0000000000012474                z_pend_curr
 .text.z_thread_prio_set
                0x00000000000124cc       0x9c zephyr/kernel/libkernel.a(sched.c.obj)
                0x00000000000124cc                z_thread_prio_set
 .text.z_reschedule
                0x0000000000012568       0x24 zephyr/kernel/libkernel.a(sched.c.obj)
                0x0000000000012568                z_reschedule
 .text.z_reschedule_irqlock
                0x000000000001258c       0x28 zephyr/kernel/libkernel.a(sched.c.obj)
                0x000000000001258c                z_reschedule_irqlock
 .text.k_sched_lock
                0x00000000000125b4       0x28 zephyr/kernel/libkernel.a(sched.c.obj)
                0x00000000000125b4                k_sched_lock
 .text.k_sched_unlock
                0x00000000000125dc       0x68 zephyr/kernel/libkernel.a(sched.c.obj)
                0x00000000000125dc                k_sched_unlock
 .text.z_sched_init
                0x0000000000012644       0x10 zephyr/kernel/libkernel.a(sched.c.obj)
                0x0000000000012644                z_sched_init
 .text.z_impl_k_yield
                0x0000000000012654       0x88 zephyr/kernel/libkernel.a(sched.c.obj)
                0x0000000000012654                z_impl_k_yield
 .text.z_tick_sleep
                0x00000000000126dc       0x80 zephyr/kernel/libkernel.a(sched.c.obj)
 .text.z_impl_k_wakeup
                0x000000000001275c       0x4c zephyr/kernel/libkernel.a(sched.c.obj)
                0x000000000001275c                z_impl_k_wakeup
 .text.z_impl_k_sched_current_thread_query
                0x00000000000127a8        0xc zephyr/kernel/libkernel.a(sched.c.obj)
                0x00000000000127a8                z_impl_k_sched_current_thread_query
 .text.z_thread_abort
                0x00000000000127b4      0x118 zephyr/kernel/libkernel.a(sched.c.obj)
                0x00000000000127b4                z_thread_abort
 .text.z_sched_wait
                0x00000000000128cc       0x24 zephyr/kernel/libkernel.a(sched.c.obj)
                0x00000000000128cc                z_sched_wait
 .text.slice_timeout
                0x00000000000128f0       0x20 zephyr/kernel/libkernel.a(timeslicing.c.obj)
 .text.thread_is_sliceable
                0x0000000000012910       0x3c zephyr/kernel/libkernel.a(timeslicing.c.obj)
                0x0000000000012910                thread_is_sliceable
 .text.z_reset_time_slice
                0x000000000001294c       0x50 zephyr/kernel/libkernel.a(timeslicing.c.obj)
                0x000000000001294c                z_reset_time_slice
 .text.z_time_slice
                0x000000000001299c       0x60 zephyr/kernel/libkernel.a(timeslicing.c.obj)
                0x000000000001299c                z_time_slice
 .text.z_thread_monitor_exit
                0x00000000000129fc       0x3c zephyr/kernel/libkernel.a(thread_monitor.c.obj)
                0x00000000000129fc                z_thread_monitor_exit
 .text.k_thread_foreach_unlocked
                0x0000000000012a38       0x48 zephyr/kernel/libkernel.a(thread_monitor.c.obj)
                0x0000000000012a38                k_thread_foreach_unlocked
 .text.z_data_copy
                0x0000000000012a80       0x38 zephyr/kernel/libkernel.a(xip.c.obj)
                0x0000000000012a80                z_data_copy
 .text.first    0x0000000000012ab8       0x10 zephyr/kernel/libkernel.a(timeout.c.obj)
 .text.elapsed  0x0000000000012ac8       0x14 zephyr/kernel/libkernel.a(timeout.c.obj)
 .text.remove_timeout
                0x0000000000012adc       0x38 zephyr/kernel/libkernel.a(timeout.c.obj)
 .text.z_add_timeout
                0x0000000000012b14       0xec zephyr/kernel/libkernel.a(timeout.c.obj)
                0x0000000000012b14                z_add_timeout
 .text.sys_clock_announce
                0x0000000000012c00       0xbc zephyr/kernel/libkernel.a(timeout.c.obj)
                0x0000000000012c00                sys_clock_announce
 .text.sys_clock_tick_get
                0x0000000000012cbc       0x30 zephyr/kernel/libkernel.a(timeout.c.obj)
                0x0000000000012cbc                sys_clock_tick_get
 .text.z_timer_expiration_handler
                0x0000000000012cec       0xe0 zephyr/kernel/libkernel.a(timer.c.obj)
                0x0000000000012cec                z_timer_expiration_handler
 .text.z_impl_k_timer_start
                0x0000000000012dcc       0x74 zephyr/kernel/libkernel.a(timer.c.obj)
                0x0000000000012dcc                z_impl_k_timer_start
 .text.z_impl_k_poll
                0x0000000000012e40       0xb0 zephyr/kernel/libkernel.a(poll.c.obj)
                0x0000000000012e40                z_impl_k_poll
 .text.z_impl_k_poll_signal_raise
                0x0000000000012ef0       0x50 zephyr/kernel/libkernel.a(poll.c.obj)
                0x0000000000012ef0                z_impl_k_poll_signal_raise
 .text.k_thread_system_pool_assign
                0x0000000000012f40        0xc zephyr/kernel/libkernel.a(mempool.c.obj)
                0x0000000000012f40                k_thread_system_pool_assign
 .text.k_sys_work_q_init
                0x0000000000012f4c       0x34 zephyr/kernel/libkernel.a(system_work_q.c.obj)
 .text.work_queue_main
                0x0000000000012f80      0x14c zephyr/kernel/libkernel.a(work.c.obj)
 .text.submit_to_queue_locked
                0x00000000000130cc       0xb4 zephyr/kernel/libkernel.a(work.c.obj)
 .text.k_work_queue_start
                0x0000000000013180       0x7c zephyr/kernel/libkernel.a(work.c.obj)
                0x0000000000013180                k_work_queue_start
 .text.snprintf
                0x00000000000131fc       0x58 c:\ncs\toolchains\0b393f9e1b\opt\zephyr-sdk\arm-zephyr-eabi\bin\../lib/gcc/../../picolibc/arm-zephyr-eabi/lib/thumb/v8-m.main/nofp\libc.a(libc_tinystdio_snprintf.c.o)
                0x00000000000131fc                snprintf
 .text.strtol   0x0000000000013254       0xec c:\ncs\toolchains\0b393f9e1b\opt\zephyr-sdk\arm-zephyr-eabi\bin\../lib/gcc/../../picolibc/arm-zephyr-eabi/lib/thumb/v8-m.main/nofp\libc.a(libc_tinystdio_strtol.c.o)
                0x0000000000013254                strtol
 .text.strtoul  0x0000000000013340       0xcc c:\ncs\toolchains\0b393f9e1b\opt\zephyr-sdk\arm-zephyr-eabi\bin\../lib/gcc/../../picolibc/arm-zephyr-eabi/lib/thumb/v8-m.main/nofp\libc.a(libc_tinystdio_strtoul.c.o)
                0x0000000000013340                strtoul
 .text.skip_to_arg
                0x000000000001340c      0x134 c:\ncs\toolchains\0b393f9e1b\opt\zephyr-sdk\arm-zephyr-eabi\bin\../lib/gcc/../../picolibc/arm-zephyr-eabi/lib/thumb/v8-m.main/nofp\libc.a(libc_tinystdio_vfprintf.c.o)
 .text.vfprintf
                0x0000000000013540      0x9a8 c:\ncs\toolchains\0b393f9e1b\opt\zephyr-sdk\arm-zephyr-eabi\bin\../lib/gcc/../../picolibc/arm-zephyr-eabi/lib/thumb/v8-m.main/nofp\libc.a(libc_tinystdio_vfprintf.c.o)
                0x0000000000013540                __d_vfprintf
 .text.vsnprintf
                0x0000000000013ee8       0x50 c:\ncs\toolchains\0b393f9e1b\opt\zephyr-sdk\arm-zephyr-eabi\bin\../lib/gcc/../../picolibc/arm-zephyr-eabi/lib/thumb/v8-m.main/nofp\libc.a(libc_tinystdio_vsnprintf.c.o)
                0x0000000000013ee8                vsnprintf
 .text.div10    0x0000000000013f38       0x28 c:\ncs\toolchains\0b393f9e1b\opt\zephyr-sdk\arm-zephyr-eabi\bin\../lib/gcc/../../picolibc/arm-zephyr-eabi/lib/thumb/v8-m.main/nofp\libc.a(libc_tinystdio_dtoa_ryu.c.o)
 .text.__dtoa_engine
                0x0000000000013f60      0x4a8 c:\ncs\toolchains\0b393f9e1b\opt\zephyr-sdk\arm-zephyr-eabi\bin\../lib/gcc/../../picolibc/arm-zephyr-eabi/lib/thumb/v8-m.main/nofp\libc.a(libc_tinystdio_dtoa_ryu.c.o)
                0x0000000000013f60                __dtoa_engine
 .text.__log10Pow2
                0x0000000000014408        0xc c:\ncs\toolchains\0b393f9e1b\opt\zephyr-sdk\arm-zephyr-eabi\bin\../lib/gcc/../../picolibc/arm-zephyr-eabi/lib/thumb/v8-m.main/nofp\libc.a(libc_tinystdio_ryu_log10.c.o)
                0x0000000000014408                __log10Pow2
 .text.__log10Pow5
                0x0000000000014414        0xc c:\ncs\toolchains\0b393f9e1b\opt\zephyr-sdk\arm-zephyr-eabi\bin\../lib/gcc/../../picolibc/arm-zephyr-eabi/lib/thumb/v8-m.main/nofp\libc.a(libc_tinystdio_ryu_log10.c.o)
                0x0000000000014414                __log10Pow5
 .text.__pow5bits
                0x0000000000014420       0x10 c:\ncs\toolchains\0b393f9e1b\opt\zephyr-sdk\arm-zephyr-eabi\bin\../lib/gcc/../../picolibc/arm-zephyr-eabi/lib/thumb/v8-m.main/nofp\libc.a(libc_tinystdio_ryu_pow5bits.c.o)
                0x0000000000014420                __pow5bits
 .text.__pow5Factor
                0x0000000000014430       0x30 c:\ncs\toolchains\0b393f9e1b\opt\zephyr-sdk\arm-zephyr-eabi\bin\../lib/gcc/../../picolibc/arm-zephyr-eabi/lib/thumb/v8-m.main/nofp\libc.a(libc_tinystdio_ryu_table.c.o)
                0x0000000000014430                __pow5Factor
 .text.__double_computePow5
                0x0000000000014460       0xe4 c:\ncs\toolchains\0b393f9e1b\opt\zephyr-sdk\arm-zephyr-eabi\bin\../lib/gcc/../../picolibc/arm-zephyr-eabi/lib/thumb/v8-m.main/nofp\libc.a(libc_tinystdio_ryu_table.c.o)
                0x0000000000014460                __double_computePow5
 .text.__double_computeInvPow5
                0x0000000000014544       0xf8 c:\ncs\toolchains\0b393f9e1b\opt\zephyr-sdk\arm-zephyr-eabi\bin\../lib/gcc/../../picolibc/arm-zephyr-eabi/lib/thumb/v8-m.main/nofp\libc.a(libc_tinystdio_ryu_table.c.o)
                0x0000000000014544                __double_computeInvPow5
 .text._OffsetAbsSyms
                0x000000000001463c        0x2 zephyr/CMakeFiles/offsets.dir/./arch/arm/core/offsets/offsets.c.obj
                0x000000000001463c                _OffsetAbsSyms
 .text.z_log_msg_simple_create_0
                0x000000000001463e        0x4 app/libapp.a(main.c.obj)
 .text.z_log_msg_simple_create_1
                0x0000000000014642        0x4 app/libapp.a(main.c.obj)
 .text.k_msleep.isra.0
                0x0000000000014646       0x20 app/libapp.a(main.c.obj)
 .text.chunk_field
                0x0000000000014666       0x16 zephyr/libzephyr.a(heap.c.obj)
 .text.chunk_set
                0x000000000001467c       0x16 zephyr/libzephyr.a(heap.c.obj)
 .text.chunk_size
                0x0000000000014692        0xc zephyr/libzephyr.a(heap.c.obj)
 .text.set_chunk_used
                0x000000000001469e       0x30 zephyr/libzephyr.a(heap.c.obj)
 .text.set_chunk_size
                0x00000000000146ce        0x8 zephyr/libzephyr.a(heap.c.obj)
 .text.mem_to_chunkid
                0x00000000000146d6       0x14 zephyr/libzephyr.a(heap.c.obj)
 .text.bucket_idx.isra.0
                0x00000000000146ea       0x1c zephyr/libzephyr.a(heap.c.obj)
 .text.free_list_remove_bidx
                0x0000000000014706       0x5c zephyr/libzephyr.a(heap.c.obj)
 .text.free_list_remove
                0x0000000000014762       0x2e zephyr/libzephyr.a(heap.c.obj)
 .text.alloc_chunk
                0x0000000000014790       0x74 zephyr/libzephyr.a(heap.c.obj)
 .text.split_chunks
                0x0000000000014804       0x4e zephyr/libzephyr.a(heap.c.obj)
 .text.merge_chunks
                0x0000000000014852       0x3c zephyr/libzephyr.a(heap.c.obj)
 .text.free_list_add
                0x000000000001488e       0x84 zephyr/libzephyr.a(heap.c.obj)
 .text.free_chunk
                0x0000000000014912       0x84 zephyr/libzephyr.a(heap.c.obj)
 .text.sys_heap_free
                0x0000000000014996       0x24 zephyr/libzephyr.a(heap.c.obj)
                0x0000000000014996                sys_heap_free
 .text.sys_heap_alloc
                0x00000000000149ba       0x6e zephyr/libzephyr.a(heap.c.obj)
                0x00000000000149ba                sys_heap_alloc
 .text.sys_heap_aligned_alloc
                0x0000000000014a28       0xe8 zephyr/libzephyr.a(heap.c.obj)
                0x0000000000014a28                sys_heap_aligned_alloc
 .text.sys_heap_init
                0x0000000000014b10       0xb0 zephyr/libzephyr.a(heap.c.obj)
                0x0000000000014b10                sys_heap_init
 .text.cbpprintf_external
                0x0000000000014bc0       0x62 zephyr/libzephyr.a(cbprintf_packaged.c.obj)
                0x0000000000014bc0                cbpprintf_external
 .text.is_ptr   0x0000000000014c22       0x4a zephyr/libzephyr.a(cbprintf_packaged.c.obj)
                0x0000000000014c22                is_ptr
 .text.printk   0x0000000000014c6c       0x1a zephyr/libzephyr.a(printk.c.obj)
                0x0000000000014c6c                printk
 .text.free_space
                0x0000000000014c86       0x26 zephyr/libzephyr.a(mpsc_pbuf.c.obj)
 .text.get_usage
                0x0000000000014cac       0x22 zephyr/libzephyr.a(mpsc_pbuf.c.obj)
 .text.idx_inc  0x0000000000014cce       0x1c zephyr/libzephyr.a(mpsc_pbuf.c.obj)
 .text.rd_idx_inc
                0x0000000000014cea       0x18 zephyr/libzephyr.a(mpsc_pbuf.c.obj)
 .text.add_skip_item
                0x0000000000014d02       0x3e zephyr/libzephyr.a(mpsc_pbuf.c.obj)
 .text.drop_item_locked
                0x0000000000014d40       0xee zephyr/libzephyr.a(mpsc_pbuf.c.obj)
 .text.post_drop_action
                0x0000000000014e2e       0x36 zephyr/libzephyr.a(mpsc_pbuf.c.obj)
 .text.max_utilization_update
                0x0000000000014e64       0x1a zephyr/libzephyr.a(mpsc_pbuf.c.obj)
 .text.mpsc_pbuf_init
                0x0000000000014e7e       0x42 zephyr/libzephyr.a(mpsc_pbuf.c.obj)
                0x0000000000014e7e                mpsc_pbuf_init
 .text.mpsc_pbuf_alloc
                0x0000000000014ec0       0xfe zephyr/libzephyr.a(mpsc_pbuf.c.obj)
                0x0000000000014ec0                mpsc_pbuf_alloc
 .text.mpsc_pbuf_commit
                0x0000000000014fbe       0x3e zephyr/libzephyr.a(mpsc_pbuf.c.obj)
                0x0000000000014fbe                mpsc_pbuf_commit
 .text.mpsc_pbuf_claim
                0x0000000000014ffc       0xa8 zephyr/libzephyr.a(mpsc_pbuf.c.obj)
                0x0000000000014ffc                mpsc_pbuf_claim
 .text.mpsc_pbuf_free
                0x00000000000150a4       0x76 zephyr/libzephyr.a(mpsc_pbuf.c.obj)
                0x00000000000150a4                mpsc_pbuf_free
 .text.mpsc_pbuf_is_pending
                0x000000000001511a       0x32 zephyr/libzephyr.a(mpsc_pbuf.c.obj)
                0x000000000001511a                mpsc_pbuf_is_pending
 .text.process_recheck
                0x000000000001514c       0x38 zephyr/libzephyr.a(onoff.c.obj)
 .text.validate_args
                0x0000000000015184       0x20 zephyr/libzephyr.a(onoff.c.obj)
 .text.notify_one
                0x00000000000151a4       0x2c zephyr/libzephyr.a(onoff.c.obj)
 .text.transition_complete
                0x00000000000151d0       0x1a zephyr/libzephyr.a(onoff.c.obj)
 .text.onoff_manager_init
                0x00000000000151ea       0x26 zephyr/libzephyr.a(onoff.c.obj)
                0x00000000000151ea                onoff_manager_init
 .text.onoff_request
                0x0000000000015210       0xae zephyr/libzephyr.a(onoff.c.obj)
                0x0000000000015210                onoff_request
 .text.sys_notify_validate
                0x00000000000152be       0x28 zephyr/libzephyr.a(notify.c.obj)
                0x00000000000152be                sys_notify_validate
 .text.sys_notify_finalize
                0x00000000000152e6       0x32 zephyr/libzephyr.a(notify.c.obj)
                0x00000000000152e6                sys_notify_finalize
 .text.ring_buf_put_claim
                0x0000000000015318       0x3a zephyr/libzephyr.a(ring_buffer.c.obj)
                0x0000000000015318                ring_buf_put_claim
 .text.ring_buf_put_finish
                0x0000000000015352       0x2a zephyr/libzephyr.a(ring_buffer.c.obj)
                0x0000000000015352                ring_buf_put_finish
 .text.ring_buf_put
                0x000000000001537c       0x3e zephyr/libzephyr.a(ring_buffer.c.obj)
                0x000000000001537c                ring_buf_put
 .text.ring_buf_get_claim
                0x00000000000153ba       0x38 zephyr/libzephyr.a(ring_buffer.c.obj)
                0x00000000000153ba                ring_buf_get_claim
 .text.ring_buf_get_finish
                0x00000000000153f2       0x2a zephyr/libzephyr.a(ring_buffer.c.obj)
                0x00000000000153f2                ring_buf_get_finish
 .text.ring_buf_get
                0x000000000001541c       0x40 zephyr/libzephyr.a(ring_buffer.c.obj)
                0x000000000001541c                ring_buf_get
 .text._ConfigAbsSyms
                0x000000000001545c        0x2 zephyr/libzephyr.a(configs.c.obj)
                0x000000000001545c                _ConfigAbsSyms
 .text.log_msg_generic_get_wlen
                0x000000000001545e       0x20 zephyr/libzephyr.a(log_core.c.obj)
 .text.dummy_timestamp
                0x000000000001547e        0x4 zephyr/libzephyr.a(log_core.c.obj)
 .text.default_get_timestamp
                0x0000000000015482        0x4 zephyr/libzephyr.a(log_core.c.obj)
 .text.atomic_inc
                0x0000000000015486       0x12 zephyr/libzephyr.a(log_core.c.obj)
 .text.z_log_vprintk
                0x0000000000015498       0x1c zephyr/libzephyr.a(log_core.c.obj)
                0x0000000000015498                z_log_vprintk
 .text.z_log_notify_drop
                0x00000000000154b4        0x6 zephyr/libzephyr.a(log_core.c.obj)
 .text.z_log_get_tag
                0x00000000000154ba        0x4 zephyr/libzephyr.a(log_core.c.obj)
                0x00000000000154ba                z_log_get_tag
 .text.z_impl_log_filter_set
                0x00000000000154be       0x10 zephyr/libzephyr.a(log_mgmt.c.obj)
                0x00000000000154be                z_impl_log_filter_set
 .text.log_backend_disable
                0x00000000000154ce       0x18 zephyr/libzephyr.a(log_mgmt.c.obj)
                0x00000000000154ce                log_backend_disable
 .text.z_cbprintf_cpy
                0x00000000000154e6       0x2c zephyr/libzephyr.a(log_msg.c.obj)
 .text.z_log_msg_finalize
                0x0000000000015512       0x32 zephyr/libzephyr.a(log_msg.c.obj)
                0x0000000000015512                z_log_msg_finalize
 .text.z_log_msg_simple_create
                0x0000000000015544       0x6e zephyr/libzephyr.a(log_msg.c.obj)
 .text.z_impl_z_log_msg_simple_create_0
                0x00000000000155b2       0x12 zephyr/libzephyr.a(log_msg.c.obj)
                0x00000000000155b2                z_impl_z_log_msg_simple_create_0
 .text.z_impl_z_log_msg_simple_create_1
                0x00000000000155c4       0x14 zephyr/libzephyr.a(log_msg.c.obj)
                0x00000000000155c4                z_impl_z_log_msg_simple_create_1
 .text.z_impl_z_log_msg_simple_create_2
                0x00000000000155d8       0x18 zephyr/libzephyr.a(log_msg.c.obj)
                0x00000000000155d8                z_impl_z_log_msg_simple_create_2
 .text.log_output_write
                0x00000000000155f0       0x1c zephyr/libzephyr.a(log_output.c.obj)
 .text.log_output_flush
                0x000000000001560c       0x1a zephyr/libzephyr.a(log_output.c.obj)
 .text.out_func
                0x0000000000015626       0x2e zephyr/libzephyr.a(log_output.c.obj)
 .text.cr_out_func
                0x0000000000015654       0x1c zephyr/libzephyr.a(log_output.c.obj)
 .text.log_output_msg_process
                0x0000000000015670       0x6a zephyr/libzephyr.a(log_output.c.obj)
                0x0000000000015670                log_output_msg_process
 .text.log_msg_generic_get_wlen
                0x00000000000156da       0x20 zephyr/libzephyr.a(shell_uart.c.obj)
 .text.enable   0x00000000000156fa        0x8 zephyr/libzephyr.a(shell_uart.c.obj)
 .text.write_uart
                0x0000000000015702       0x32 zephyr/libzephyr.a(shell_uart.c.obj)
 .text.read_uart
                0x0000000000015734       0x12 zephyr/libzephyr.a(shell_uart.c.obj)
 .text.uninit   0x0000000000015746        0xe zephyr/libzephyr.a(shell_uart.c.obj)
 .text.cmd_buffer_clear
                0x0000000000015754       0x16 zephyr/libzephyr.a(shell.c.obj)
 .text.atomic_or
                0x000000000001576a       0x16 zephyr/libzephyr.a(shell.c.obj)
 .text.atomic_and
                0x0000000000015780       0x16 zephyr/libzephyr.a(shell.c.obj)
 .text.k_mutex_lock
                0x0000000000015796        0x4 zephyr/libzephyr.a(shell.c.obj)
 .text.shell_signal_handle
                0x000000000001579a       0x2c zephyr/libzephyr.a(shell.c.obj)
 .text.z_shell_raw_fprintf
                0x00000000000157c6       0x1a zephyr/libzephyr.a(shell.c.obj)
 .text.z_shell_strlen
                0x00000000000157e0        0xc zephyr/libzephyr.a(shell.c.obj)
 .text.transport_evt_handler
                0x00000000000157ec       0x14 zephyr/libzephyr.a(shell.c.obj)
 .text.z_flag_cmd_ctx_set.isra.0
                0x0000000000015800       0x16 zephyr/libzephyr.a(shell.c.obj)
 .text.z_flag_history_exit_set.isra.0
                0x0000000000015816       0x14 zephyr/libzephyr.a(shell.c.obj)
 .text.z_flag_insert_mode_set.isra.0
                0x000000000001582a       0x1e zephyr/libzephyr.a(shell.c.obj)
 .text.k_mutex_unlock.isra.0
                0x0000000000015848        0x4 zephyr/libzephyr.a(shell.c.obj)
 .text.shell_log_process
                0x000000000001584c       0x4a zephyr/libzephyr.a(shell.c.obj)
 .text.shell_start
                0x0000000000015896       0x66 zephyr/libzephyr.a(shell.c.obj)
                0x0000000000015896                shell_start
 .text.shell_vfprintf
                0x00000000000158fc       0x8a zephyr/libzephyr.a(shell.c.obj)
                0x00000000000158fc                shell_vfprintf
 .text.shell_fprintf_impl
                0x0000000000015986       0x1a zephyr/libzephyr.a(shell.c.obj)
                0x0000000000015986                shell_fprintf_impl
 .text.shell_fprintf_info
                0x00000000000159a0       0x1c zephyr/libzephyr.a(shell.c.obj)
                0x00000000000159a0                shell_fprintf_info
 .text.shell_fprintf_normal
                0x00000000000159bc       0x1c zephyr/libzephyr.a(shell.c.obj)
                0x00000000000159bc                shell_fprintf_normal
 .text.shell_fprintf_warn
                0x00000000000159d8       0x1c zephyr/libzephyr.a(shell.c.obj)
                0x00000000000159d8                shell_fprintf_warn
 .text.shell_fprintf_error
                0x00000000000159f4       0x1c zephyr/libzephyr.a(shell.c.obj)
                0x00000000000159f4                shell_fprintf_error
 .text.shell_hexdump
                0x0000000000015a10       0x30 zephyr/libzephyr.a(shell.c.obj)
                0x0000000000015a10                shell_hexdump
 .text.shell_prompt_change
                0x0000000000015a40       0x5c zephyr/libzephyr.a(shell.c.obj)
                0x0000000000015a40                shell_prompt_change
 .text.shell_help
                0x0000000000015a9c       0x2a zephyr/libzephyr.a(shell.c.obj)
                0x0000000000015a9c                shell_help
 .text.shell_get_return_value
                0x0000000000015ac6       0x10 zephyr/libzephyr.a(shell.c.obj)
                0x0000000000015ac6                shell_get_return_value
 .text.shell_set_bypass
                0x0000000000015ad6        0xc zephyr/libzephyr.a(shell.c.obj)
                0x0000000000015ad6                shell_set_bypass
 .text.z_shell_fprintf_buffer_flush
                0x0000000000015ae2       0x18 zephyr/libzephyr.a(shell_fprintf.c.obj)
                0x0000000000015ae2                z_shell_fprintf_buffer_flush
 .text.out_func
                0x0000000000015afa       0x3c zephyr/libzephyr.a(shell_fprintf.c.obj)
 .text.z_shell_strlen
                0x0000000000015b36        0xc zephyr/libzephyr.a(shell_utils.c.obj)
 .text.shell_device_internal
                0x0000000000015b42       0x74 zephyr/libzephyr.a(shell_utils.c.obj)
 .text.z_column_span_with_buffer_offsets_get
                0x0000000000015bb6       0x1e zephyr/libzephyr.a(shell_utils.c.obj)
                0x0000000000015bb6                z_column_span_with_buffer_offsets_get
 .text.z_row_span_with_buffer_offsets_get
                0x0000000000015bd4       0x16 zephyr/libzephyr.a(shell_utils.c.obj)
                0x0000000000015bd4                z_row_span_with_buffer_offsets_get
 .text.z_shell_multiline_data_calc
                0x0000000000015bea       0x2c zephyr/libzephyr.a(shell_utils.c.obj)
                0x0000000000015bea                z_shell_multiline_data_calc
 .text.z_shell_make_argv
                0x0000000000015c16      0x1a0 zephyr/libzephyr.a(shell_utils.c.obj)
                0x0000000000015c16                z_shell_make_argv
 .text.z_shell_pattern_remove
                0x0000000000015db6       0x4e zephyr/libzephyr.a(shell_utils.c.obj)
                0x0000000000015db6                z_shell_pattern_remove
 .text.z_shell_find_cmd
                0x0000000000015e04       0x56 zephyr/libzephyr.a(shell_utils.c.obj)
                0x0000000000015e04                z_shell_find_cmd
 .text.z_shell_get_last_command
                0x0000000000015e5a       0x5c zephyr/libzephyr.a(shell_utils.c.obj)
                0x0000000000015e5a                z_shell_get_last_command
 .text.z_shell_spaces_trim
                0x0000000000015eb6       0x60 zephyr/libzephyr.a(shell_utils.c.obj)
                0x0000000000015eb6                z_shell_spaces_trim
 .text.z_shell_cmd_trim
                0x0000000000015f16       0x76 zephyr/libzephyr.a(shell_utils.c.obj)
                0x0000000000015f16                z_shell_cmd_trim
 .text.shell_device_lookup
                0x0000000000015f8c        0x6 zephyr/libzephyr.a(shell_utils.c.obj)
                0x0000000000015f8c                shell_device_lookup
 .text.shell_device_get_binding
                0x0000000000015f92       0x16 zephyr/libzephyr.a(shell_utils.c.obj)
                0x0000000000015f92                shell_device_get_binding
 .text.z_shell_raw_fprintf
                0x0000000000015fa8       0x1a zephyr/libzephyr.a(shell_ops.c.obj)
 .text.full_line_cmd.isra.0
                0x0000000000015fc2       0x24 zephyr/libzephyr.a(shell_ops.c.obj)
 .text.z_shell_cursor_in_empty_line
                0x0000000000015fe6       0x2e zephyr/libzephyr.a(shell_ops.c.obj)
                0x0000000000015fe6                z_shell_cursor_in_empty_line
 .text.z_shell_op_cond_next_line
                0x0000000000016014       0x1e zephyr/libzephyr.a(shell_ops.c.obj)
                0x0000000000016014                z_shell_op_cond_next_line
 .text.z_shell_op_cursor_position_synchronize
                0x0000000000016032       0x4a zephyr/libzephyr.a(shell_ops.c.obj)
                0x0000000000016032                z_shell_op_cursor_position_synchronize
 .text.z_shell_op_cursor_move
                0x000000000001607c       0x52 zephyr/libzephyr.a(shell_ops.c.obj)
                0x000000000001607c                z_shell_op_cursor_move
 .text.z_shell_op_cursor_word_move
                0x00000000000160ce       0x7c zephyr/libzephyr.a(shell_ops.c.obj)
                0x00000000000160ce                z_shell_op_cursor_word_move
 .text.z_shell_op_cursor_home_move
                0x000000000001614a        0xe zephyr/libzephyr.a(shell_ops.c.obj)
                0x000000000001614a                z_shell_op_cursor_home_move
 .text.z_shell_op_cursor_end_move
                0x0000000000016158       0x12 zephyr/libzephyr.a(shell_ops.c.obj)